<html>
<body>
<pre>
<h1>µVision Build Log</h1>
<h2>Tool Versions:</h2>
IDE-Version: ¦ÌVision V5.41.0.0
Copyright (C) 2024 ARM Ltd and ARM Germany GmbH. All rights reserved.
License Information: qq 1354075164, q, LIC=FYKYW-QC21Q-BSEYX-HP482-H7EG9-BWRG6
 
Tool Versions:
Toolchain:       MDK-ARM Plus  Version: 5.41.0.0
Toolchain Path:  D:\Keil_v5\ARM\ARMCLANG\Bin
C Compiler:      ArmClang.exe V6.22
Assembler:       Armasm.exe V6.22
Linker/Locator:  ArmLink.exe V6.22
Library Manager: ArmAr.exe V6.22
Hex Converter:   FromElf.exe V6.22
CPU DLL:         SARMCM3.DLL V5.41.0.0
Dialog DLL:      DARMCM1.DLL V1.19.6.0
Target DLL:      CMSIS_AGDI.dll V1.33.21.0
Dialog DLL:      TARMCM1.DLL V1.14.6.0
 
<h2>Project:</h2>
C:\Users\1354075164\Desktop\ycbsq2\project\MDK-ARM\ycbsq2.uvprojx
Project File Date:  12/25/2025

<h2>Output:</h2>
*** Using Compiler 'V6.22', folder: 'D:\Keil_v5\ARM\ARMCLANG\Bin'
Build target 'ycbsq2'
Note: source file '..\Drivers\CMSIS\HK32F0xxA\Source\ARM\startup_hk32f04axxa.s' - object file renamed from '.\ycbsq2\startup_hk32f04axxa.o' to '.\ycbsq2\startup_hk32f04axxa_1.o'.
Note: source file '..\Drivers\CMSIS\HK32F0xxA\Source\ARM\startup_hk32f04axxa.s' - object file renamed from '.\ycbsq2\startup_hk32f04axxa.o' to '.\ycbsq2\startup_hk32f04axxa_1.o'.
User/Task/main_task.cpp(9): warning: ISO C++11 does not allow conversion from string literal to 'char *' [-Wwritable-strings]
    9 |     log_info("hello");
      |     ^
./User/Bsp\bsp_usart.hpp(20): note: expanded from macro 'log_info'
   20 | #define log_info(format, ...)  uart1_log_format("[info %d][%s]:" format "\r\n", log_cnt++, __func__, ##__VA_ARGS__)
      |                                                 ^
User/Task/main_task.cpp(13): warning: ISO C++11 does not allow conversion from string literal to 'char *' [-Wwritable-strings]
   13 |     log_info("----------");
      |     ^
./User/Bsp\bsp_usart.hpp(20): note: expanded from macro 'log_info'
   20 | #define log_info(format, ...)  uart1_log_format("[info %d][%s]:" format "\r\n", log_cnt++, __func__, ##__VA_ARGS__)
      |                                                 ^
User/Task/main_task.cpp(62): warning: ISO C++11 does not allow conversion from string literal to 'char *' [-Wwritable-strings]
   62 |         log_info("%d, %s",a7680c_uart_msg.rxcount,a7680c_uart_msg.rxbuff);
      |         ^
./User/Bsp\bsp_usart.hpp(20): note: expanded from macro 'log_info'
   20 | #define log_info(format, ...)  uart1_log_format("[info %d][%s]:" format "\r\n", log_cnt++, __func__, ##__VA_ARGS__)
      |                                                 ^
User/Task/main_task.cpp(65): warning: ISO C++11 does not allow conversion from string literal to 'char *' [-Wwritable-strings]
   65 |             log_info("suc");
      |             ^
./User/Bsp\bsp_usart.hpp(20): note: expanded from macro 'log_info'
   20 | #define log_info(format, ...)  uart1_log_format("[info %d][%s]:" format "\r\n", log_cnt++, __func__, ##__VA_ARGS__)
      |                                                 ^
User/Task/main_task.cpp(68): warning: ISO C++11 does not allow conversion from string literal to 'char *' [-Wwritable-strings]
   68 |             log_info("fail");
      |             ^
./User/Bsp\bsp_usart.hpp(20): note: expanded from macro 'log_info'
   20 | #define log_info(format, ...)  uart1_log_format("[info %d][%s]:" format "\r\n", log_cnt++, __func__, ##__VA_ARGS__)
      |                                                 ^
5 warnings generated.
compiling main_task.cpp...
linking...
Program Size: Code=12228 RO-data=796 RW-data=0 ZI-data=5176  
FromELF: creating hex file...
".\ycbsq2\ycbsq2.axf" - 0 Error(s), 5 Warning(s).

<h2>Software Packages used:</h2>

Package Vendor: HKMicroChip
                http://www.hsxp-hk.com/companyfile/2/HKMicroChip.HK32F0xx_DFP.1.1.1.pack
                HKMicroChip::HK32F0xx_DFP@1.1.1
                HKMicroChip HK32F0 ARM Cortex-M0 Device Family Pack Device Support

<h2>Collection of Component include folders:</h2>

<h2>Collection of Component Files used:</h2>
Build Time Elapsed:  00:00:01
</pre>
</body>
</html>
