Component: Arm Compiler for Embedded 6.22 Tool: armlink [5ee90200]

==============================================================================

Section Cross References

    startup_stm32f103xb.o(STACK) refers (Special) to heapauxi.o(.text) for __use_two_region_memory
    startup_stm32f103xb.o(HEAP) refers (Special) to heapauxi.o(.text) for __use_two_region_memory
    startup_stm32f103xb.o(RESET) refers (Special) to heapauxi.o(.text) for __use_two_region_memory
    startup_stm32f103xb.o(RESET) refers to startup_stm32f103xb.o(STACK) for __initial_sp
    startup_stm32f103xb.o(RESET) refers to startup_stm32f103xb.o(.text) for Reset_Handler
    startup_stm32f103xb.o(RESET) refers to stm32f1xx_it.o(.text.NMI_Handler) for NMI_Handler
    startup_stm32f103xb.o(RESET) refers to stm32f1xx_it.o(.text.HardFault_Handler) for HardFault_Handler
    startup_stm32f103xb.o(RESET) refers to stm32f1xx_it.o(.text.MemManage_Handler) for MemManage_Handler
    startup_stm32f103xb.o(RESET) refers to stm32f1xx_it.o(.text.BusFault_Handler) for BusFault_Handler
    startup_stm32f103xb.o(RESET) refers to stm32f1xx_it.o(.text.UsageFault_Handler) for UsageFault_Handler
    startup_stm32f103xb.o(RESET) refers to stm32f1xx_it.o(.text.SVC_Handler) for SVC_Handler
    startup_stm32f103xb.o(RESET) refers to stm32f1xx_it.o(.text.DebugMon_Handler) for DebugMon_Handler
    startup_stm32f103xb.o(RESET) refers to stm32f1xx_it.o(.text.PendSV_Handler) for PendSV_Handler
    startup_stm32f103xb.o(RESET) refers to stm32f1xx_it.o(.text.SysTick_Handler) for SysTick_Handler
    startup_stm32f103xb.o(RESET) refers to stm32f1xx_it.o(.text.RTC_IRQHandler) for RTC_IRQHandler
    startup_stm32f103xb.o(RESET) refers to stm32f1xx_it.o(.text.DMA1_Channel2_IRQHandler) for DMA1_Channel2_IRQHandler
    startup_stm32f103xb.o(RESET) refers to stm32f1xx_it.o(.text.CAN1_RX1_IRQHandler) for CAN1_RX1_IRQHandler
    startup_stm32f103xb.o(RESET) refers to stm32f1xx_it.o(.text.TIM4_IRQHandler) for TIM4_IRQHandler
    startup_stm32f103xb.o(RESET) refers to stm32f1xx_it.o(.text.RTC_Alarm_IRQHandler) for RTC_Alarm_IRQHandler
    startup_stm32f103xb.o(.text) refers (Special) to heapauxi.o(.text) for __use_two_region_memory
    startup_stm32f103xb.o(.text) refers to system_stm32f1xx.o(.text.SystemInit) for SystemInit
    startup_stm32f103xb.o(.text) refers to __main.o(!!!main) for __main
    startup_stm32f103xb.o(.text) refers to startup_stm32f103xb.o(HEAP) for Heap_Mem
    startup_stm32f103xb.o(.text) refers to startup_stm32f103xb.o(STACK) for Stack_Mem
    main.o(.text.main) refers to stm32f1xx_hal.o(.text.HAL_Init) for HAL_Init
    main.o(.text.main) refers to main.o(.text.SystemClock_Config) for SystemClock_Config
    main.o(.text.main) refers to gpio.o(.text.MX_GPIO_Init) for MX_GPIO_Init
    main.o(.text.main) refers to dma.o(.text.MX_DMA_Init) for MX_DMA_Init
    main.o(.text.main) refers to adc.o(.text.MX_ADC1_Init) for MX_ADC1_Init
    main.o(.text.main) refers to usart.o(.text.MX_USART2_UART_Init) for MX_USART2_UART_Init
    main.o(.text.main) refers to can.o(.text.MX_CAN_Init) for MX_CAN_Init
    main.o(.text.main) refers to tim.o(.text.MX_TIM3_Init) for MX_TIM3_Init
    main.o(.text.main) refers to usart.o(.text.MX_USART1_UART_Init) for MX_USART1_UART_Init
    main.o(.text.main) refers to usart.o(.text.MX_USART3_UART_Init) for MX_USART3_UART_Init
    main.o(.text.main) refers to tim.o(.text.MX_TIM4_Init) for MX_TIM4_Init
    main.o(.text.main) refers to rtc.o(.text.MX_RTC_Init) for MX_RTC_Init
    main.o(.text.main) refers to main_task.o(.text._Z10main_setupv) for main_setup()
    main.o(.text.main) refers to main_task.o(.text._Z9main_taskv) for main_task()
    main.o(.ARM.exidx.text.main) refers to main.o(.text.main) for [Anonymous Symbol]
    main.o(.text.SystemClock_Config) refers to rt_memclr_w.o(.text) for __aeabi_memclr4
    main.o(.text.SystemClock_Config) refers to stm32f1xx_hal_rcc.o(.text.HAL_RCC_OscConfig) for HAL_RCC_OscConfig
    main.o(.text.SystemClock_Config) refers to main.o(.text.Error_Handler) for Error_Handler
    main.o(.text.SystemClock_Config) refers to stm32f1xx_hal_rcc.o(.text.HAL_RCC_ClockConfig) for HAL_RCC_ClockConfig
    main.o(.text.SystemClock_Config) refers to stm32f1xx_hal_rcc_ex.o(.text.HAL_RCCEx_PeriphCLKConfig) for HAL_RCCEx_PeriphCLKConfig
    main.o(.ARM.exidx.text.SystemClock_Config) refers to main.o(.text.SystemClock_Config) for [Anonymous Symbol]
    main.o(.ARM.exidx.text.Error_Handler) refers to main.o(.text.Error_Handler) for [Anonymous Symbol]
    gpio.o(.text.MX_GPIO_Init) refers to stm32f1xx_hal_gpio.o(.text.HAL_GPIO_WritePin) for HAL_GPIO_WritePin
    gpio.o(.text.MX_GPIO_Init) refers to stm32f1xx_hal_gpio.o(.text.HAL_GPIO_Init) for HAL_GPIO_Init
    gpio.o(.ARM.exidx.text.MX_GPIO_Init) refers to gpio.o(.text.MX_GPIO_Init) for [Anonymous Symbol]
    adc.o(.text.MX_ADC1_Init) refers to adc.o(.bss.hadc1) for hadc1
    adc.o(.text.MX_ADC1_Init) refers to stm32f1xx_hal_adc.o(.text.HAL_ADC_Init) for HAL_ADC_Init
[...]
    Periph_Control::PeriphInit()             0x08007f1d   Thumb Code    58  periph_control.o(.text._ZN14Periph_Control10PeriphInitEv)
    Periph_Control::OpenCanPort(bool)        0x08007f59   Thumb Code    94  periph_control.o(.text._ZN14Periph_Control11OpenCanPortEb)
    Periph_Control::OpenBatCharge(bool)      0x08007fb9   Thumb Code    76  periph_control.o(.text._ZN14Periph_Control13OpenBatChargeEb)
    Periph_Control::DetectBsqOnCar(unsigned char) 0x08008005   Thumb Code   200  periph_control.o(.text._ZN14Periph_Control14DetectBsqOnCarEh)
    Periph_Control::OpenGps(bool)            0x080080cd   Thumb Code    76  periph_control.o(.text._ZN14Periph_Control7OpenGpsEb)
    Periph_Control::Open_5V(bool)            0x08008119   Thumb Code    76  periph_control.o(.text._ZN14Periph_Control7Open_5VEb)
    Periph_Control::Periph_Control()         0x08008165   Thumb Code    20  periph_control.o(.text._ZN14Periph_ControlC2Ev)
    Periph_Control::Periph_Control__sub_object() 0x08008165   Thumb Code    20  periph_control.o(.text._ZN14Periph_ControlC2Ev)
    MillisTaskManager::GetTickElaps(unsigned int, unsigned int) 0x08008179   Thumb Code    54  millistaskmanager.o(.text._ZN17MillisTaskManager12GetTickElapsEjj)
    MillisTaskManager::Find(void (*)())      0x080081b1   Thumb Code    58  millistaskmanager.o(.text._ZN17MillisTaskManager4FindEPFvvE)
    MillisTaskManager::Running(unsigned int) 0x080081ed   Thumb Code   120  millistaskmanager.o(.text._ZN17MillisTaskManager7RunningEj)
    MillisTaskManager::Register(void (*)(), unsigned int, bool) 0x08008265   Thumb Code   166  millistaskmanager.o(.text._ZN17MillisTaskManager8RegisterEPFvvEjb)
    MillisTaskManager::SetState(void (*)(), bool) 0x0800830d   Thumb Code    64  millistaskmanager.o(.text._ZN17MillisTaskManager8SetStateEPFvvEb)
    MillisTaskManager::MillisTaskManager(bool) 0x0800834d   Thumb Code    30  millistaskmanager.o(.text._ZN17MillisTaskManagerC2Eb)
    MillisTaskManager::MillisTaskManager__sub_object(bool) 0x0800834d   Thumb Code    30  millistaskmanager.o(.text._ZN17MillisTaskManagerC2Eb)
    MillisTaskManager::~MillisTaskManager()  0x0800836d   Thumb Code    62  millistaskmanager.o(.text._ZN17MillisTaskManagerD2Ev)
    MillisTaskManager::~MillisTaskManager__sub_object() 0x0800836d   Thumb Code    62  millistaskmanager.o(.text._ZN17MillisTaskManagerD2Ev)
    systemStateMachine::running()            0x080083ad   Thumb Code   244  state_machine.o(.text._ZN18systemStateMachine7runningEv)
    systemStateMachine::systemStateMachine__sub_object() 0x080084a1   Thumb Code    20  variables.o(.text._ZN18systemStateMachineC2Ev)
    Bms::Send(unsigned int, unsigned char*, unsigned char) 0x080084b5   Thumb Code    30  bms.o(.text._ZN3Bms4SendEjPhh)
    Bms::askCar()                            0x080084d5   Thumb Code   748  bms.o(.text._ZN3Bms6askCarEv)
    Bms::Bms()                               0x080087c1   Thumb Code   210  bms.o(.text._ZN3BmsC2Ev)
    Bms::Bms__sub_object()                   0x080087c1   Thumb Code   210  bms.o(.text._ZN3BmsC2Ev)
    Bms::~Bms__sub_object()                  0x08008895   Thumb Code    22  variables.o(.text._ZN3BmsD2Ev)
    A7680C::CheckFsmAck()                    0x080088ad   Thumb Code    56  a7680c.o(.text._ZN6A7680C11CheckFsmAckEv)
    A7680C::ConnectMqtt(unsigned int, unsigned char) 0x080088e5   Thumb Code   202  a7680c.o(.text._ZN6A7680C11ConnectMqttEjh)
    A7680C::GetFsmState_()                   0x080089b1   Thumb Code    14  a7680c.o(.text._ZN6A7680C12GetFsmState_Ev)
    A7680C::GetFsmHandle_()                  0x080089c1   Thumb Code    14  a7680c.o(.text._ZN6A7680C13GetFsmHandle_Ev)
    A7680C::SendCmd()                        0x080089d1   Thumb Code    82  a7680c.o(.text._ZN6A7680C7SendCmdEv)
    A7680C::SetCmdAck(char const*, char const*, unsigned int, unsigned char, bool (*)()) 0x08008a25   Thumb Code    80  a7680c.o(.text._ZN6A7680C9SetCmdAckEPKcS1_jhPFbvE)
    A7680C::A7680C()                         0x08008a75   Thumb Code    24  a7680c.o(.text._ZN6A7680CC2Ev)
    A7680C::A7680C__sub_object()             0x08008a75   Thumb Code    24  a7680c.o(.text._ZN6A7680CC2Ev)
    A7680C::~A7680C__sub_object()            0x08008a8d   Thumb Code    24  variables.o(.text._ZN6A7680CD2Ev)
    RingQueue<can_frame_t, (unsigned char)30>::pop(can_frame_t*) 0x08008aa5   Thumb Code   146  callback.o(.text._ZN9RingQueueI11can_frame_tLh30EE3popEPS0_)
    RingQueue<can_frame_t, (unsigned char)30>::push(can_frame_t const*) 0x08008b39   Thumb Code   150  callback.o(.text._ZN9RingQueueI11can_frame_tLh30EE4pushEPKS0_)
    RingQueue<can_frame_t, (unsigned char)30>::clear() 0x08008bd1   Thumb Code    24  bms.o(.text._ZN9RingQueueI11can_frame_tLh30EE5clearEv)
    RingQueue<can_frame_t, (unsigned char)30>::getLen() 0x08008be9   Thumb Code    14  callback.o(.text._ZN9RingQueueI11can_frame_tLh30EE6getLenEv)
    RingQueue<can_frame_t, (unsigned char)30>::isFull() 0x08008bf9   Thumb Code    40  callback.o(.text._ZN9RingQueueI11can_frame_tLh30EE6isFullEv)
    RingQueue<can_frame_t, (unsigned char)30>::isEmpty() 0x08008c21   Thumb Code    38  callback.o(.text._ZN9RingQueueI11can_frame_tLh30EE7isEmptyEv)
    RingQueue<can_frame_t, (unsigned char)30>::RingQueue__sub_object() 0x08008c49   Thumb Code    24  bms.o(.text._ZN9RingQueueI11can_frame_tLh30EEC2Ev)
    RingQueue<can_frame_t, (unsigned char)30>::~RingQueue__sub_object() 0x08008c61   Thumb Code    20  variables.o(.text._ZN9RingQueueI11can_frame_tLh30EED2Ev)
    RingQueue<at_fsm_t, (unsigned char)30>::pop(at_fsm_t*) 0x08008c75   Thumb Code   160  a7680c.o(.text._ZN9RingQueueI8at_fsm_tLh30EE3popEPS0_)
    RingQueue<at_fsm_t, (unsigned char)30>::push(at_fsm_t const*) 0x08008d15   Thumb Code   160  a7680c.o(.text._ZN9RingQueueI8at_fsm_tLh30EE4pushEPKS0_)
    RingQueue<at_fsm_t, (unsigned char)30>::clear() 0x08008db5   Thumb Code    24  variables.o(.text._ZN9RingQueueI8at_fsm_tLh30EE5clearEv)
    RingQueue<at_fsm_t, (unsigned char)30>::getLen() 0x08008dcd   Thumb Code    14  state_machine.o(.text._ZN9RingQueueI8at_fsm_tLh30EE6getLenEv)
    RingQueue<at_fsm_t, (unsigned char)30>::isFull() 0x08008ddd   Thumb Code    40  a7680c.o(.text._ZN9RingQueueI8at_fsm_tLh30EE6isFullEv)
    RingQueue<at_fsm_t, (unsigned char)30>::isEmpty() 0x08008e05   Thumb Code    38  a7680c.o(.text._ZN9RingQueueI8at_fsm_tLh30EE7isEmptyEv)
    RingQueue<at_fsm_t, (unsigned char)30>::RingQueue__sub_object() 0x08008e2d   Thumb Code    24  a7680c.o(.text._ZN9RingQueueI8at_fsm_tLh30EEC2Ev)
    RingQueue<at_fsm_t, (unsigned char)30>::~RingQueue__sub_object() 0x08008e45   Thumb Code    20  variables.o(.text._ZN9RingQueueI8at_fsm_tLh30EED2Ev)
    std::__2::__libcpp_verbose_abort(char const*, ...) 0x08008e59   Thumb Code    30  verbose_abort.cpp.o(.text._ZNSt3__222__libcpp_verbose_abortEPKcz)
    std::get_new_handler()                   0x08008e77   Thumb Code    12  cxa_handlers.cpp.o(.text._ZSt15get_new_handlerv)
    std::__throw_bad_alloc()                 0x08008e85   Thumb Code     8  new_helpers.cpp.o(.text._ZSt17__throw_bad_allocv)
    operator delete(void*)                   0x08008ebd   Thumb Code     4  new.cpp.o(.text._ZdlPv)
    abort_message                            0x08009029   Thumb Code     4  abort_message.cpp.o(.text.abort_message)
    bspUartInit                              0x0800902d   Thumb Code    20  bsp_usart.o(.text.bspUartInit)
    main                                     0x08009041   Thumb Code    68  main.o(.text.main)
    __cxa_guard_acquire                      0x08009085   Thumb Code    44  cxa_guard.cpp.o(.text.unlikely.__cxa_guard_acquire)
    __cxa_guard_release                      0x080090b1   Thumb Code     8  cxa_guard.cpp.o(.text.unlikely.__cxa_guard_release)
    _btod_d2e                                0x080090b9   Thumb Code    62  btod.o(CL$$btod_d2e)
    _d2e_denorm_low                          0x080090f7   Thumb Code    70  btod.o(CL$$btod_d2e_denorm_low)
    _d2e_norm_op1                            0x0800913d   Thumb Code    96  btod.o(CL$$btod_d2e_norm_op1)
    __btod_div_common                        0x0800919d   Thumb Code   696  btod.o(CL$$btod_div_common)
    _e2e                                     0x080094d5   Thumb Code   220  btod.o(CL$$btod_e2e)
    _btod_ediv                               0x080095b1   Thumb Code    42  btod.o(CL$$btod_ediv)
    _btod_emul                               0x080095db   Thumb Code    42  btod.o(CL$$btod_emul)
    __btod_mult_common                       0x08009605   Thumb Code   580  btod.o(CL$$btod_mult_common)
    operator new(unsigned int)               0x08009849   Thumb Code    14  new.cpp.o(__lcxx_override)
    __lcxx_override$$Base                    0x08009848   Number         0  new.cpp.o(__lcxx_override)
    operator new[](unsigned int)             0x08009857   Thumb Code     4  new.cpp.o(__lcxx_override)
    operator new(unsigned int, std::align_val_t) 0x0800985b   Thumb Code    14  new.cpp.o(__lcxx_override)
    operator new[](unsigned int, std::align_val_t) 0x08009869   Thumb Code     4  new.cpp.o(__lcxx_override)
    __ARM_fpclassify                         0x0800986d   Thumb Code    40  fpclassify.o(i.__ARM_fpclassify)
    __lcxx_override$$Limit                   0x0800986c   Number         0  new.cpp.o(__lcxx_override)
    _is_digit                                0x08009895   Thumb Code    14  __printf_wp.o(i._is_digit)
    fputc                                    0x080098a3   Thumb Code    28  fputc.o(i.fputc)
    _get_lc_numeric                          0x080098c1   Thumb Code    44  lc_numeric_c.o(locale$$code)
    _get_lc_ctype                            0x080098ed   Thumb Code    44  lc_ctype_c.o(locale$$code)
    __aeabi_dadd                             0x08009919   Thumb Code     0  daddsub_clz.o(x$fpl$dadd)
    _dadd                                    0x08009919   Thumb Code   332  daddsub_clz.o(x$fpl$dadd)
    __aeabi_i2d                              0x08009a69   Thumb Code     0  dflt_clz.o(x$fpl$dflt)
    _dflt                                    0x08009a69   Thumb Code    46  dflt_clz.o(x$fpl$dflt)
    __aeabi_dmul                             0x08009a99   Thumb Code     0  dmul.o(x$fpl$dmul)
    _dmul                                    0x08009a99   Thumb Code   332  dmul.o(x$fpl$dmul)
    __fpl_dnaninf                            0x08009bed   Thumb Code   156  dnaninf.o(x$fpl$dnaninf)
    __fpl_dretinf                            0x08009c89   Thumb Code    12  dretinf.o(x$fpl$dretinf)
    __aeabi_dsub                             0x08009c95   Thumb Code     0  daddsub_clz.o(x$fpl$dsub)
    _dsub                                    0x08009c95   Thumb Code   472  daddsub_clz.o(x$fpl$dsub)
    _printf_fp_dec                           0x08009e71   Thumb Code     4  printf1.o(x$fpl$printf1)
    _printf_fp_hex                           0x08009e75   Thumb Code     4  printf2.o(x$fpl$printf2)
    __I$use$fp                               0x08009e78   Number         0  usenofp.o(x$fpl$usenofp)
    __stdin_name                             0x08009edf   Data           4  sys_io_names.o(.constdata)
    __stdout_name                            0x08009ee3   Data           4  sys_io_names.o(.constdata)
    __stderr_name                            0x08009ee7   Data           4  sys_io_names.o(.constdata)
    AHBPrescTable                            0x08009f80   Data          16  system_stm32f1xx.o(.rodata.AHBPrescTable)
    APBPrescTable                            0x08009f90   Data           8  system_stm32f1xx.o(.rodata.APBPrescTable)
    Region$$Table$$Base                      0x0800a108   Number         0  anon$$obj.o(Region$$Table)
    Region$$Table$$Limit                     0x0800a128   Number         0  anon$$obj.o(Region$$Table)
    __ctype                                  0x0800a151   Data           0  lc_ctype_c.o(locale$$data)
    SHT$$INIT_ARRAY$$Base                    0x0800a254   Number         0  variables.o(.init_array)
    SHT$$INIT_ARRAY$$Limit                   0x0800a258   Number         0  init_aeabi.o(.init_array)
    __aeabi_stdin                            0x20000000   Data           4  stdio_streams.o(.data)
    __aeabi_stdout                           0x20000004   Data           4  stdio_streams.o(.data)
    __aeabi_stderr                           0x20000008   Data           4  stdio_streams.o(.data)
    SystemCoreClock                          0x2000000c   Data           4  system_stm32f1xx.o(.data.SystemCoreClock)
    data_BCP_TPCM_CTS                        0x20000010   Data           8  bms.o(.data.data_BCP_TPCM_CTS)
    data_BCP_TPCM_EM                         0x20000018   Data           8  bms.o(.data.data_BCP_TPCM_EM)
    data_BCS_TPCM_CTS                        0x20000020   Data           8  bms.o(.data.data_BCS_TPCM_CTS)
    data_BCS_TPCM_EM                         0x20000028   Data           8  bms.o(.data.data_BCS_TPCM_EM)
    data_BMT_TPCM_CTS                        0x20000030   Data           8  bms.o(.data.data_BMT_TPCM_CTS)
    data_BMT_TPCM_EM                         0x20000038   Data           8  bms.o(.data.data_BMT_TPCM_EM)
    data_BMV_TPCM_CTS                        0x20000040   Data           8  bms.o(.data.data_BMV_TPCM_CTS)
    data_BMV_TPCM_EM                         0x20000048   Data           8  bms.o(.data.data_BMV_TPCM_EM)
    data_BRM_TPCM_CTS                        0x20000050   Data           8  bms.o(.data.data_BRM_TPCM_CTS)
    data_BRM_TPCM_EM                         0x20000058   Data           8  bms.o(.data.data_BRM_TPCM_EM)
    data_CCS                                 0x20000060   Data           7  bms.o(.data.data_CCS)
    data_CHM                                 0x20000067   Data           3  bms.o(.data.data_CHM)
    data_CML                                 0x2000006a   Data           8  bms.o(.data.data_CML)
    data_CRM_00                              0x20000072   Data           8  bms.o(.data.data_CRM_00)
    data_CRM_AA                              0x2000007a   Data           8  bms.o(.data.data_CRM_AA)
    data_CRO_AA                              0x20000082   Data           1  bms.o(.data.data_CRO_AA)
    data_CSD                                 0x20000083   Data           8  bms.o(.data.data_CSD)
    data_CST                                 0x2000008b   Data           4  bms.o(.data.data_CST)
    data_CTS                                 0x2000008f   Data           7  bms.o(.data.data_CTS)
    queue_len                                0x20000096   Data           1  callback.o(.data.queue_len)
    uwTickFreq                               0x20000097   Data           1  stm32f1xx_hal.o(.data.uwTickFreq)
    uwTickPrio                               0x20000098   Data           4  stm32f1xx_hal.o(.data.uwTickPrio)
    __stdin                                  0x200000a0   Data          84  stdio_streams.o(.bss)
    __stdout                                 0x200000f4   Data          84  stdio_streams.o(.bss)
    __stderr                                 0x20000148   Data          84  stdio_streams.o(.bss)
    __libspace_start                         0x2000019c   Data          96  libspace.o(.bss)
    __temporary_stack_top$libspace           0x200001fc   Data           0  libspace.o(.bss)
    __cxa_new_handler                        0x20000204   Data           4  cxa_default_handlers.cpp.o(.bss.__cxa_new_handler)
    a7680c                                   0x20000208   Data        1296  variables.o(.bss.a7680c)
    a7680c_uart_msg                          0x20000718   Data        1704  variables.o(.bss.a7680c_uart_msg)
    bms                                      0x20000dc0   Data         696  variables.o(.bss.bms)
    hadc1                                    0x20001078   Data          48  adc.o(.bss.hadc1)
    hcan                                     0x200010a8   Data          40  can.o(.bss.hcan)
    hdma_tim3_ch3                            0x200010d0   Data          68  tim.o(.bss.hdma_tim3_ch3)
    hrtc                                     0x20001114   Data          20  rtc.o(.bss.hrtc)
    htim3                                    0x20001128   Data          72  tim.o(.bss.htim3)
    htim4                                    0x20001170   Data          72  tim.o(.bss.htim4)
    huart1                                   0x200011b8   Data          72  usart.o(.bss.huart1)
    huart2                                   0x20001200   Data          72  usart.o(.bss.huart2)
    huart3                                   0x20001248   Data          72  usart.o(.bss.huart3)
    mtmMain                                  0x20001290   Data          12  variables.o(.bss.mtmMain)
    periph_control                           0x2000129c   Data           7  variables.o(.bss.periph_control)
    power_capcity_Ah                         0x200012a3   Data           2  callback.o(.bss.power_capcity_Ah)
    power_capcity_V                          0x200012a5   Data           2  callback.o(.bss.power_capcity_V)
    stateMachine                             0x200012a8   Data           4  variables.o(.bss.stateMachine)
    system_ms                                0x200012ac   Data           4  variables.o(.bss.system_ms)
    uwTick                                   0x200012b0   Data           4  stm32f1xx_hal.o(.bss.uwTick)



==============================================================================

Memory Map of the image

  Image Entry point : 0x080000ed

  Load Region LR_IROM1 (Base: 0x08000000, Size: 0x0000a2f8, Max: 0x00010000, ABSOLUTE)

    Execution Region ER_IROM1 (Exec base: 0x08000000, Load base: 0x08000000, Size: 0x0000a258, Max: 0x00010000, ABSOLUTE)

    Exec Addr    Load Addr    Size         Type   Attr      Idx    E Section Name        Object

    0x08000000   0x08000000   0x000000ec   Data   RO            3    RESET               startup_stm32f103xb.o
    0x080000ec   0x080000ec   0x00000008   Code   RO         1766  * !!!main             c_w.l(__main.o)
    0x080000f4   0x080000f4   0x0000005c   Code   RO         2464    !!!scatter          c_w.l(__scatter.o)
    0x08000150   0x08000150   0x0000001a   Code   RO         2468    !!handler_copy      c_w.l(__scatter_copy.o)
    0x0800016a   0x0800016a   0x00000002   PAD
    0x0800016c   0x0800016c   0x00000002   Code   RO         2465    !!handler_null      c_w.l(__scatter.o)
    0x0800016e   0x0800016e   0x00000002   PAD
    0x08000170   0x08000170   0x0000001c   Code   RO         2470    !!handler_zi        c_w.l(__scatter_zi.o)
    0x0800018c   0x0800018c   0x00000000   Code   RO         2011    .ARM.Collect$$_printf_percent$$00000000  c_w.l(_printf_percent.o)
    0x0800018c   0x0800018c   0x00000006   Code   RO         2000    .ARM.Collect$$_printf_percent$$00000001  c_w.l(_printf_n.o)
    0x08000192   0x08000192   0x00000006   Code   RO         2002    .ARM.Collect$$_printf_percent$$00000002  c_w.l(_printf_p.o)
    0x08000198   0x08000198   0x00000006   Code   RO         2007    .ARM.Collect$$_printf_percent$$00000003  c_w.l(_printf_f.o)
    0x0800019e   0x0800019e   0x00000006   Code   RO         2008    .ARM.Collect$$_printf_percent$$00000004  c_w.l(_printf_e.o)
    0x080001a4   0x080001a4   0x00000006   Code   RO         2009    .ARM.Collect$$_printf_percent$$00000005  c_w.l(_printf_g.o)
    0x080001aa   0x080001aa   0x00000006   Code   RO         2010    .ARM.Collect$$_printf_percent$$00000006  c_w.l(_printf_a.o)
    0x080001b0   0x080001b0   0x0000000a   Code   RO         2015    .ARM.Collect$$_printf_percent$$00000007  c_w.l(_printf_ll.o)
    0x080001ba   0x080001ba   0x00000006   Code   RO         2004    .ARM.Collect$$_printf_percent$$00000008  c_w.l(_printf_i.o)
    0x080001c0   0x080001c0   0x00000006   Code   RO         2005    .ARM.Collect$$_printf_percent$$00000009  c_w.l(_printf_d.o)
    0x080001c6   0x080001c6   0x00000006   Code   RO         2006    .ARM.Collect$$_printf_percent$$0000000A  c_w.l(_printf_u.o)
    0x080001cc   0x080001cc   0x00000006   Code   RO         2003    .ARM.Collect$$_printf_percent$$0000000B  c_w.l(_printf_o.o)
    0x080001d2   0x080001d2   0x00000006   Code   RO         2001    .ARM.Collect$$_printf_percent$$0000000C  c_w.l(_printf_x.o)
    0x080001d8   0x080001d8   0x00000006   Code   RO         2012    .ARM.Collect$$_printf_percent$$0000000D  c_w.l(_printf_lli.o)
    0x080001de   0x080001de   0x00000006   Code   RO         2013    .ARM.Collect$$_printf_percent$$0000000E  c_w.l(_printf_lld.o)
    0x080001e4   0x080001e4   0x00000006   Code   RO         2014    .ARM.Collect$$_printf_percent$$0000000F  c_w.l(_printf_llu.o)
    0x080001ea   0x080001ea   0x00000006   Code   RO         2019    .ARM.Collect$$_printf_percent$$00000010  c_w.l(_printf_llo.o)
    0x080001f0   0x080001f0   0x00000006   Code   RO         2020    .ARM.Collect$$_printf_percent$$00000011  c_w.l(_printf_llx.o)
    0x080001f6   0x080001f6   0x0000000a   Code   RO         2016    .ARM.Collect$$_printf_percent$$00000012  c_w.l(_printf_l.o)
    0x08000200   0x08000200   0x00000006   Code   RO         1998    .ARM.Collect$$_printf_percent$$00000013  c_w.l(_printf_c.o)
    0x08000206   0x08000206   0x00000006   Code   RO         1999    .ARM.Collect$$_printf_percent$$00000014  c_w.l(_printf_s.o)
    0x0800020c   0x0800020c   0x00000006   Code   RO         2017    .ARM.Collect$$_printf_percent$$00000015  c_w.l(_printf_lc.o)
    0x08000212   0x08000212   0x00000006   Code   RO         2018    .ARM.Collect$$_printf_percent$$00000016  c_w.l(_printf_ls.o)
    0x08000218   0x08000218   0x00000004   Code   RO         2196    .ARM.Collect$$_printf_percent$$00000017  c_w.l(_printf_percent_end.o)
    0x0800021c   0x0800021c   0x00000002   Code   RO         2345    .ARM.Collect$$libinit$$00000000  c_w.l(libinit.o)
    0x0800021e   0x0800021e   0x00000000   Code   RO         2036    .ARM.Collect$$libinit$$00000002  c_w.l(libinit2.o)
    0x0800021e   0x0800021e   0x00000000   Code   RO         2038    .ARM.Collect$$libinit$$00000004  c_w.l(libinit2.o)
    0x0800021e   0x0800021e   0x00000000   Code   RO         2040    .ARM.Collect$$libinit$$00000006  c_w.l(libinit2.o)
    0x0800021e   0x0800021e   0x00000008   Code   RO         2041    .ARM.Collect$$libinit$$00000007  c_w.l(libinit2.o)
    0x08000226   0x08000226   0x00000000   Code   RO         2043    .ARM.Collect$$libinit$$0000000C  c_w.l(libinit2.o)
    0x08000226   0x08000226   0x00000000   Code   RO         2045    .ARM.Collect$$libinit$$0000000E  c_w.l(libinit2.o)
    0x08000226   0x08000226   0x00000000   Code   RO         2047    .ARM.Collect$$libinit$$00000010  c_w.l(libinit2.o)
    0x08000226   0x08000226   0x00000006   Code   RO         2048    .ARM.Collect$$libinit$$00000011  c_w.l(libinit2.o)
    0x0800022c   0x0800022c   0x00000000   Code   RO         2050    .ARM.Collect$$libinit$$00000013  c_w.l(libinit2.o)
    0x0800022c   0x0800022c   0x0000000c   Code   RO         2051    .ARM.Collect$$libinit$$00000014  c_w.l(libinit2.o)
    0x08000238   0x08000238   0x00000000   Code   RO         2052    .ARM.Collect$$libinit$$00000015  c_w.l(libinit2.o)
    0x08000238   0x08000238   0x00000000   Code   RO         2054    .ARM.Collect$$libinit$$00000017  c_w.l(libinit2.o)
    0x08000238   0x08000238   0x0000000a   Code   RO         2055    .ARM.Collect$$libinit$$00000018  c_w.l(libinit2.o)
    0x08000242   0x08000242   0x00000000   Code   RO         2056    .ARM.Collect$$libinit$$00000019  c_w.l(libinit2.o)
    0x08000242   0x08000242   0x00000000   Code   RO         2058    .ARM.Collect$$libinit$$0000001B  c_w.l(libinit2.o)
    0x08000242   0x08000242   0x00000000   Code   RO         2060    .ARM.Collect$$libinit$$0000001D  c_w.l(libinit2.o)
    0x08000242   0x08000242   0x00000000   Code   RO         2062    .ARM.Collect$$libinit$$0000001F  c_w.l(libinit2.o)
    0x08000242   0x08000242   0x00000000   Code   RO         2064    .ARM.Collect$$libinit$$00000021  c_w.l(libinit2.o)
    0x08000242   0x08000242   0x00000000   Code   RO         2066    .ARM.Collect$$libinit$$00000023  c_w.l(libinit2.o)
    0x08000242   0x08000242   0x00000000   Code   RO         2068    .ARM.Collect$$libinit$$00000025  c_w.l(libinit2.o)
    0x08000242   0x08000242   0x00000004   Code   RO         2069    .ARM.Collect$$libinit$$00000026  c_w.l(libinit2.o)
    0x08000246   0x08000246   0x00000000   Code   RO         2070    .ARM.Collect$$libinit$$00000027  c_w.l(libinit2.o)
    0x08000246   0x08000246   0x00000000   Code   RO         2074    .ARM.Collect$$libinit$$0000002E  c_w.l(libinit2.o)
    0x08000246   0x08000246   0x00000000   Code   RO         2076    .ARM.Collect$$libinit$$00000030  c_w.l(libinit2.o)
    0x08000246   0x08000246   0x00000000   Code   RO         2078    .ARM.Collect$$libinit$$00000032  c_w.l(libinit2.o)
    0x08000246   0x08000246   0x00000004   Code   RO         2079    .ARM.Collect$$libinit$$00000033  c_w.l(libinit2.o)
    0x0800024a   0x0800024a   0x00000000   Code   RO         2080    .ARM.Collect$$libinit$$00000034  c_w.l(libinit2.o)
    0x0800024a   0x0800024a   0x00000002   Code   RO         2081    .ARM.Collect$$libinit$$00000035  c_w.l(libinit2.o)
    0x0800024c   0x0800024c   0x00000002   Code   RO         2450    .ARM.Collect$$libshutdown$$00000000  c_w.l(libshutdown.o)
    0x0800024e   0x0800024e   0x00000006   Code   RO         2346    .ARM.Collect$$libshutdown$$00000001  c_w.l(libshutdown2.o)
    0x08000254   0x08000254   0x00000000   Code   RO         2347    .ARM.Collect$$libshutdown$$00000002  c_w.l(libshutdown2.o)
    0x08000254   0x08000254   0x00000004   Code   RO         2348    .ARM.Collect$$libshutdown$$00000003  c_w.l(libshutdown2.o)
    0x08000258   0x08000258   0x00000000   Code   RO         2349    .ARM.Collect$$libshutdown$$00000004  c_w.l(libshutdown2.o)
    0x08000258   0x08000258   0x00000000   Code   RO         2352    .ARM.Collect$$libshutdown$$00000007  c_w.l(libshutdown2.o)
    0x08000258   0x08000258   0x00000000   Code   RO         2355    .ARM.Collect$$libshutdown$$0000000A  c_w.l(libshutdown2.o)
    0x08000258   0x08000258   0x00000000   Code   RO         2357    .ARM.Collect$$libshutdown$$0000000C  c_w.l(libshutdown2.o)
    0x08000258   0x08000258   0x00000000   Code   RO         2360    .ARM.Collect$$libshutdown$$0000000F  c_w.l(libshutdown2.o)
    0x08000258   0x08000258   0x00000002   Code   RO         2361    .ARM.Collect$$libshutdown$$00000010  c_w.l(libshutdown2.o)
    0x0800025a   0x0800025a   0x00000000   Code   RO         1861    .ARM.Collect$$rtentry$$00000000  c_w.l(__rtentry.o)
    0x0800025a   0x0800025a   0x00000000   Code   RO         2137    .ARM.Collect$$rtentry$$00000002  c_w.l(__rtentry2.o)
    0x0800025a   0x0800025a   0x00000006   Code   RO         2149    .ARM.Collect$$rtentry$$00000004  c_w.l(__rtentry4.o)
    0x08000260   0x08000260   0x00000000   Code   RO         2139    .ARM.Collect$$rtentry$$00000009  c_w.l(__rtentry2.o)
    0x08000260   0x08000260   0x00000004   Code   RO         2140    .ARM.Collect$$rtentry$$0000000A  c_w.l(__rtentry2.o)
    0x08000264   0x08000264   0x00000000   Code   RO         2142    .ARM.Collect$$rtentry$$0000000C  c_w.l(__rtentry2.o)
    0x08000264   0x08000264   0x00000008   Code   RO         2143    .ARM.Collect$$rtentry$$0000000D  c_w.l(__rtentry2.o)
    0x0800026c   0x0800026c   0x00000002   Code   RO         2375    .ARM.Collect$$rtexit$$00000000  c_w.l(rtexit.o)
    0x0800026e   0x0800026e   0x00000000   Code   RO         2409    .ARM.Collect$$rtexit$$00000002  c_w.l(rtexit2.o)
    0x0800026e   0x0800026e   0x00000004   Code   RO         2410    .ARM.Collect$$rtexit$$00000003  c_w.l(rtexit2.o)
    0x08000272   0x08000272   0x00000006   Code   RO         2411    .ARM.Collect$$rtexit$$00000004  c_w.l(rtexit2.o)
    0x08000278   0x08000278   0x00000040   Code   RO            4    .text               startup_stm32f103xb.o
    0x080002b8   0x080002b8   0x00000018   Code   RO         1746    .text               c_w.l(printf.o)
    0x080002d0   0x080002d0   0x0000002c   Code   RO         1748    .text               c_w.l(sprintf.o)
    0x080002fc   0x080002fc   0x0000000a   Code   RO         1753    .text               c_w.l(cxa_atexit.o)
    0x08000306   0x08000306   0x00000024   Code   RO         1756    .text               c_w.l(strstr.o)
    0x0800032a   0x0800032a   0x0000008a   Code   RO         1758    .text               c_w.l(rt_memcpy_v6.o)
    0x080003b4   0x080003b4   0x00000044   Code   RO         1760    .text               c_w.l(rt_memclr.o)
    0x080003f8   0x080003f8   0x0000004e   Code   RO         1762    .text               c_w.l(rt_memclr_w.o)
    0x08000446   0x08000446   0x00000006   Code   RO         1764    .text               c_w.l(heapauxi.o)
    0x0800044c   0x0800044c   0x0000002c   Code   RO         1771    .text               c_w.l(init_aeabi.o)
    0x08000478   0x08000478   0x0000005e   Code   RO         1866    .text               c_w.l(h1_alloc.o)
    0x080004d6   0x080004d6   0x0000004e   Code   RO         1868    .text               c_w.l(h1_free.o)
    0x08000524   0x08000524   0x000000ae   Code   RO         1870    .text               c_w.l(h1_memalign.o)
    0x080005d2   0x080005d2   0x0000004e   Code   RO         1930    .text               c_w.l(_printf_pad.o)
    0x08000620   0x08000620   0x00000024   Code   RO         1932    .text               c_w.l(_printf_truncate.o)
    0x08000644   0x08000644   0x00000052   Code   RO         1934    .text               c_w.l(_printf_str.o)
    0x08000696   0x08000696   0x00000002   PAD
    0x08000698   0x08000698   0x00000078   Code   RO         1936    .text               c_w.l(_printf_dec.o)
    0x08000710   0x08000710   0x00000028   Code   RO         1938    .text               c_w.l(_printf_charcount.o)
    0x08000738   0x08000738   0x00000030   Code   RO         1940    .text               c_w.l(_printf_char_common.o)
    0x08000768   0x08000768   0x0000000a   Code   RO         1942    .text               c_w.l(_sputc.o)
    0x08000772   0x08000772   0x00000002   PAD
    0x08000774   0x08000774   0x00000024   Code   RO         1944    .text               c_w.l(_printf_char_file.o)
    0x08000798   0x08000798   0x000000bc   Code   RO         1946    .text               c_w.l(_printf_wctomb.o)
    0x08000854   0x08000854   0x0000007c   Code   RO         1949    .text               c_w.l(_printf_longlong_dec.o)
    0x080008d0   0x080008d0   0x00000070   Code   RO         1955    .text               c_w.l(_printf_oct_int_ll.o)
    0x08000940   0x08000940   0x00000094   Code   RO         1975    .text               c_w.l(_printf_hex_int_ll_ptr.o)
    0x080009d4   0x080009d4   0x00000188   Code   RO         1995    .text               c_w.l(__printf_flags_ss_wp.o)
    0x08000b5c   0x08000b5c   0x0000002e   Code   RO         2030    .text               c_w.l(aeabi_atexit.o)
    0x08000b8a   0x08000b8a   0x00000064   Code   RO         2033    .text               c_w.l(rt_memcpy_w.o)
    0x08000bee   0x08000bee   0x00000002   PAD
    0x08000bf0   0x08000bf0   0x00000008   Code   RO         2154    .text               c_w.l(rt_heap_descriptor_intlibspace.o)
    0x08000bf8   0x08000bf8   0x00000008   Code   RO         2159    .text               c_w.l(rt_ddtor_pointer_addr_intlibspace.o)
    0x08000c00   0x08000c00   0x00000004   Code   RO         2161    .text               c_w.l(hguard.o)
    0x08000c04   0x08000c04   0x0000008a   Code   RO         2163    .text               c_w.l(init_alloc.o)
    0x08000c8e   0x08000c8e   0x0000000c   Code   RO         2167    .text               c_w.l(h1_init.o)
    0x08000c9a   0x08000c9a   0x0000008a   Code   RO         2179    .text               c_w.l(lludiv10.o)
    0x08000d24   0x08000d24   0x000000b2   Code   RO         2181    .text               c_w.l(_printf_intcommon.o)
    0x08000dd6   0x08000dd6   0x0000041c   Code   RO         2183    .text               c_w.l(_printf_fp_dec.o)
    0x080011f2   0x080011f2   0x00000002   PAD
    0x080011f4   0x080011f4   0x000002fc   Code   RO         2187    .text               c_w.l(_printf_fp_hex.o)
    0x080014f0   0x080014f0   0x0000002c   Code   RO         2192    .text               c_w.l(_printf_char.o)
    0x0800151c   0x0800151c   0x0000002c   Code   RO         2194    .text               c_w.l(_printf_wchar.o)
    0x08001548   0x08001548   0x00000008   Code   RO         2197    .text               c_w.l(ferror.o)
    0x08001550   0x08001550   0x00000138   Code   RO         2203    .text               c_w.l(initio.o)
    0x08001688   0x08001688   0x00000048   Code   RO         2211    .text               c_w.l(_c16rtomb.o)
    0x080016d0   0x080016d0   0x00000016   Code   RO         2213    .text               c_w.l(abort.o)
    0x080016e6   0x080016e6   0x00000042   Code   RO         2215    .text               c_w.l(cxa_finalize.o)
    0x08001728   0x08001728   0x0000000c   Code   RO         2243    .text               c_w.l(sys_exit.o)
    0x08001734   0x08001734   0x00000008   Code   RO         2252    .text               c_w.l(libspace.o)
    0x0800173c   0x0800173c   0x0000004a   Code   RO         2255    .text               c_w.l(sys_stackheap_outer.o)
    0x08001786   0x08001786   0x00000002   PAD
    0x08001788   0x08001788   0x00000010   Code   RO         2257    .text               c_w.l(rt_ctype_table.o)
    0x08001798   0x08001798   0x00000008   Code   RO         2262    .text               c_w.l(rt_locale_intlibspace.o)
    0x080017a0   0x080017a0   0x00000000   Code   RO         2266    .text               c_w.l(maybetermalloc1.o)
    0x080017a0   0x080017a0   0x00000034   Code   RO         2268    .text               c_w.l(h1_extend.o)
    0x080017d4   0x080017d4   0x0000000a   Code   RO         2272    .text               c_w.l(vfprintf.o)
    0x080017de   0x080017de   0x00000002   PAD
    0x080017e0   0x080017e0   0x00000080   Code   RO         2274    .text               c_w.l(_printf_fp_infnan.o)
    0x08001860   0x08001860   0x000000e4   Code   RO         2276    .text               c_w.l(bigflt0.o)
    0x08001944   0x08001944   0x000001e2   Code   RO         2303    .text               c_w.l(flsbuf.o)
    0x08001b26   0x08001b26   0x00000046   Code   RO         2305    .text               c_w.l(setvbuf.o)
    0x08001b6c   0x08001b6c   0x000000f0   Code   RO         2308    .text               c_w.l(fopen.o)
    0x08001c5c   0x08001c5c   0x0000004c   Code   RO         2310    .text               c_w.l(fclose.o)
    0x08001ca8   0x08001ca8   0x00000012   Code   RO         2319    .text               c_w.l(exit.o)
    0x08001cba   0x08001cba   0x0000000e   Code   RO         2321    .text               c_w.l(defsig_abrt_outer.o)
    0x08001cc8   0x08001cc8   0x0000000e   Code   RO         2325    .text               c_w.l(defsig_rtred_outer.o)
    0x08001cd6   0x08001cd6   0x0000000e   Code   RO         2329    .text               c_w.l(defsig_rtmem_outer.o)
    0x08001ce4   0x08001ce4   0x00000066   Code   RO         2368    .text               c_w.l(sys_io.o)
    0x08001d4a   0x08001d4a   0x00000002   Code   RO         2372    .text               c_w.l(use_no_semi.o)
    0x08001d4c   0x08001d4c   0x00000000   Code   RO         2374    .text               c_w.l(indicate_semi.o)
    0x08001d4c   0x08001d4c   0x000000f8   Code   RO         2385    .text               c_w.l(fseek.o)
    0x08001e44   0x08001e44   0x00000108   Code   RO         2387    .text               c_w.l(stdio.o)
    0x08001f4c   0x08001f4c   0x0000000a   Code   RO         2396    .text               c_w.l(defsig_exit.o)
    0x08001f56   0x08001f56   0x00000002   PAD
    0x08001f58   0x08001f58   0x00000030   Code   RO         2398    .text               c_w.l(defsig_abrt_inner.o)
    0x08001f88   0x08001f88   0x00000034   Code   RO         2400    .text               c_w.l(defsig_rtred_inner.o)
    0x08001fbc   0x08001fbc   0x00000050   Code   RO         2402    .text               c_w.l(defsig_rtmem_inner.o)
    0x0800200c   0x0800200c   0x00000080   Code   RO         2406    .text               c_w.l(strcmpv7m.o)
    0x0800208c   0x0800208c   0x00000042   Code   RO         2425    .text               c_w.l(ftell.o)
    0x080020ce   0x080020ce   0x00000032   Code   RO         2433    .text               c_w.l(defsig_general.o)
    0x08002100   0x08002100   0x0000003e   Code   RO         2435    .text               c_w.l(strlen.o)
    0x0800213e   0x0800213e   0x0000000e   Code   RO         2437    .text               c_w.l(sys_wrch.o)
    0x0800214c   0x0800214c   0x00000008   Code   RO         2444    .text               c_w.l(rt_errno_addr_intlibspace.o)
    0x08002154   0x08002154   0x00000082   Code   RO          187    .text.ADC_ConversionStop_Disable  stm32f1xx_hal_adc.o
    0x080021d6   0x080021d6   0x00000002   PAD
    0x080021d8   0x080021d8   0x000000bc   Code   RO          195    .text.ADC_Enable    stm32f1xx_hal_adc.o
    0x08002294   0x08002294   0x00000004   Code   RO          133    .text.BusFault_Handler  stm32f1xx_it.o
    0x08002298   0x08002298   0x00000010   Code   RO          149    .text.CAN1_RX1_IRQHandler  stm32f1xx_it.o
    0x080022a8   0x080022a8   0x00000010   Code   RO          147    .text.DMA1_Channel2_IRQHandler  stm32f1xx_it.o
    0x080022b8   0x080022b8   0x00000002   Code   RO          139    .text.DebugMon_Handler  stm32f1xx_it.o
    0x080022ba   0x080022ba   0x00000002   PAD
    0x080022bc   0x080022bc   0x0000000e   Code   RO           15    .text.Error_Handler  main.o
    0x080022ca   0x080022ca   0x00000002   PAD
    0x080022cc   0x080022cc   0x0000018a   Code   RO          244    .text.HAL_ADCEx_Calibration_Start  stm32f1xx_hal_adc_ex.o
    0x08002456   0x08002456   0x00000002   PAD
    0x08002458   0x08002458   0x000001b4   Code   RO          229    .text.HAL_ADC_ConfigChannel  stm32f1xx_hal_adc.o
    0x0800260c   0x0800260c   0x00000212   Code   RO          183    .text.HAL_ADC_Init  stm32f1xx_hal_adc.o
    0x0800281e   0x0800281e   0x00000002   PAD
    0x08002820   0x08002820   0x0000007a   Code   RO           35    .text.HAL_ADC_MspInit  adc.o
    0x0800289a   0x0800289a   0x00000002   PAD
    0x0800289c   0x0800289c   0x00000052   Code   RO          689    .text.HAL_CAN_ActivateNotification  stm32f1xx_hal_can.o
    0x080028ee   0x080028ee   0x00000002   PAD
    0x080028f0   0x080028f0   0x00000156   Code   RO          675    .text.HAL_CAN_AddTxMessage  stm32f1xx_hal_can.o
    0x08002a46   0x08002a46   0x00000002   PAD
    0x08002a48   0x08002a48   0x0000017a   Code   RO          665    .text.HAL_CAN_ConfigFilter  stm32f1xx_hal_can.o
    0x08002bc2   0x08002bc2   0x00000002   PAD
    0x08002bc4   0x08002bc4   0x00000052   Code   RO          691    .text.HAL_CAN_DeactivateNotification  stm32f1xx_hal_can.o
    0x08002c16   0x08002c16   0x00000002   PAD
    0x08002c18   0x08002c18   0x00000008   Code   RO          719    .text.HAL_CAN_ErrorCallback  stm32f1xx_hal_can.o
    0x08002c20   0x08002c20   0x00000212   Code   RO          685    .text.HAL_CAN_GetRxMessage  stm32f1xx_hal_can.o
    0x08002e32   0x08002e32   0x00000002   PAD
    0x08002e34   0x08002e34   0x00000070   Code   RO          679    .text.HAL_CAN_GetTxMailboxesFreeLevel  stm32f1xx_hal_can.o
    0x08002ea4   0x08002ea4   0x000003f2   Code   RO          693    .text.HAL_CAN_IRQHandler  stm32f1xx_hal_can.o
    0x08003296   0x08003296   0x00000002   PAD
    0x08003298   0x08003298   0x000001de   Code   RO          655    .text.HAL_CAN_Init  stm32f1xx_hal_can.o
    0x08003476   0x08003476   0x00000002   PAD
    0x08003478   0x08003478   0x000000d4   Code   RO           49    .text.HAL_CAN_MspInit  can.o
    0x0800354c   0x0800354c   0x00000008   Code   RO          707    .text.HAL_CAN_RxFifo0FullCallback  stm32f1xx_hal_can.o
    0x08003554   0x08003554   0x000006c4   Code   RO         1618    .text.HAL_CAN_RxFifo0MsgPendingCallback  callback.o
    0x08003c18   0x08003c18   0x00000008   Code   RO          711    .text.HAL_CAN_RxFifo1FullCallback  stm32f1xx_hal_can.o
    0x08003c20   0x08003c20   0x00000008   Code   RO          713    .text.HAL_CAN_RxFifo1MsgPendingCallback  stm32f1xx_hal_can.o
    0x08003c28   0x08003c28   0x00000008   Code   RO          715    .text.HAL_CAN_SleepCallback  stm32f1xx_hal_can.o
    0x08003c30   0x08003c30   0x0000008a   Code   RO          667    .text.HAL_CAN_Start  stm32f1xx_hal_can.o
    0x08003cba   0x08003cba   0x00000002   PAD
    0x08003cbc   0x08003cbc   0x00000092   Code   RO          661    .text.HAL_CAN_Stop  stm32f1xx_hal_can.o
    0x08003d4e   0x08003d4e   0x00000002   PAD
    0x08003d50   0x08003d50   0x00000008   Code   RO          697    .text.HAL_CAN_TxMailbox0AbortCallback  stm32f1xx_hal_can.o
    0x08003d58   0x08003d58   0x00000008   Code   RO          695    .text.HAL_CAN_TxMailbox0CompleteCallback  stm32f1xx_hal_can.o
    0x08003d60   0x08003d60   0x00000008   Code   RO          701    .text.HAL_CAN_TxMailbox1AbortCallback  stm32f1xx_hal_can.o
    0x08003d68   0x08003d68   0x00000008   Code   RO          699    .text.HAL_CAN_TxMailbox1CompleteCallback  stm32f1xx_hal_can.o
    0x08003d70   0x08003d70   0x00000008   Code   RO          705    .text.HAL_CAN_TxMailbox2AbortCallback  stm32f1xx_hal_can.o
    0x08003d78   0x08003d78   0x00000008   Code   RO          703    .text.HAL_CAN_TxMailbox2CompleteCallback  stm32f1xx_hal_can.o
    0x08003d80   0x08003d80   0x00000008   Code   RO          717    .text.HAL_CAN_WakeUpFromRxMsgCallback  stm32f1xx_hal_can.o
    0x08003d88   0x08003d88   0x00000286   Code   RO          430    .text.HAL_DMA_IRQHandler  stm32f1xx_hal_dma.o
    0x0800400e   0x0800400e   0x00000002   PAD
    0x08004010   0x08004010   0x000000ae   Code   RO          414    .text.HAL_DMA_Init  stm32f1xx_hal_dma.o
    0x080040be   0x080040be   0x00000002   PAD
    0x080040c0   0x080040c0   0x00000042   Code   RO          297    .text.HAL_Delay     stm32f1xx_hal.o
    0x08004102   0x08004102   0x00000002   PAD
    0x08004104   0x08004104   0x0000031e   Code   RO          391    .text.HAL_GPIO_Init  stm32f1xx_hal_gpio.o
    0x08004422   0x08004422   0x00000002   PAD
    0x08004424   0x08004424   0x0000002e   Code   RO          397    .text.HAL_GPIO_WritePin  stm32f1xx_hal_gpio.o
    0x08004452   0x08004452   0x00000002   PAD
    0x08004454   0x08004454   0x0000000c   Code   RO          289    .text.HAL_GetTick   stm32f1xx_hal.o
    0x08004460   0x08004460   0x0000001a   Code   RO          287    .text.HAL_IncTick   stm32f1xx_hal.o
    0x0800447a   0x0800447a   0x00000002   PAD
    0x0800447c   0x0800447c   0x00000026   Code   RO          277    .text.HAL_Init      stm32f1xx_hal.o
    0x080044a2   0x080044a2   0x00000002   PAD
    0x080044a4   0x080044a4   0x00000070   Code   RO          279    .text.HAL_InitTick  stm32f1xx_hal.o
    0x08004514   0x08004514   0x00000064   Code   RO          162    .text.HAL_MspInit   stm32f1xx_hal_msp.o
    0x08004578   0x08004578   0x00000014   Code   RO          459    .text.HAL_NVIC_EnableIRQ  stm32f1xx_hal_cortex.o
    0x0800458c   0x0800458c   0x00000032   Code   RO          451    .text.HAL_NVIC_SetPriority  stm32f1xx_hal_cortex.o
    0x080045be   0x080045be   0x00000002   PAD
    0x080045c0   0x080045c0   0x00000010   Code   RO          447    .text.HAL_NVIC_SetPriorityGrouping  stm32f1xx_hal_cortex.o
    0x080045d0   0x080045d0   0x0000000c   Code   RO          514    .text.HAL_PWR_EnableBkUpAccess  stm32f1xx_hal_pwr.o
    0x080045dc   0x080045dc   0x00000196   Code   RO          380    .text.HAL_RCCEx_GetPeriphCLKFreq  stm32f1xx_hal_rcc_ex.o
    0x08004772   0x08004772   0x00000002   PAD
    0x08004774   0x08004774   0x000001c8   Code   RO          376    .text.HAL_RCCEx_PeriphCLKConfig  stm32f1xx_hal_rcc_ex.o
    0x0800493c   0x0800493c   0x00000256   Code   RO          343    .text.HAL_RCC_ClockConfig  stm32f1xx_hal_rcc.o
    0x08004b92   0x08004b92   0x00000002   PAD
    0x08004b94   0x08004b94   0x0000000c   Code   RO          353    .text.HAL_RCC_GetHCLKFreq  stm32f1xx_hal_rcc.o
    0x08004ba0   0x08004ba0   0x00000022   Code   RO          355    .text.HAL_RCC_GetPCLK1Freq  stm32f1xx_hal_rcc.o
    0x08004bc2   0x08004bc2   0x00000002   PAD
    0x08004bc4   0x08004bc4   0x00000022   Code   RO          357    .text.HAL_RCC_GetPCLK2Freq  stm32f1xx_hal_rcc.o
    0x08004be6   0x08004be6   0x00000002   PAD
    0x08004be8   0x08004be8   0x000000bc   Code   RO          345    .text.HAL_RCC_GetSysClockFreq  stm32f1xx_hal_rcc.o
    0x08004ca4   0x08004ca4   0x0000067a   Code   RO          339    .text.HAL_RCC_OscConfig  stm32f1xx_hal_rcc.o
    0x0800531e   0x0800531e   0x00000002   PAD
    0x08005320   0x08005320   0x00000008   Code   RO          817    .text.HAL_RTCEx_RTCEventCallback  stm32f1xx_hal_rtc_ex.o
    0x08005328   0x08005328   0x00000008   Code   RO          815    .text.HAL_RTCEx_RTCEventErrorCallback  stm32f1xx_hal_rtc_ex.o
    0x08005330   0x08005330   0x0000008a   Code   RO          813    .text.HAL_RTCEx_RTCIRQHandler  stm32f1xx_hal_rtc_ex.o
    0x080053ba   0x080053ba   0x00000002   PAD
    0x080053bc   0x080053bc   0x00000008   Code   RO          782    .text.HAL_RTC_AlarmAEventCallback  stm32f1xx_hal_rtc.o
    0x080053c4   0x080053c4   0x00000062   Code   RO          780    .text.HAL_RTC_AlarmIRQHandler  stm32f1xx_hal_rtc.o
    0x08005426   0x08005426   0x00000002   PAD
    0x08005428   0x08005428   0x000001ac   Code   RO          758    .text.HAL_RTC_GetTime  stm32f1xx_hal_rtc.o
    0x080055d4   0x080055d4   0x0000012a   Code   RO          734    .text.HAL_RTC_Init  stm32f1xx_hal_rtc.o
    0x080056fe   0x080056fe   0x00000002   PAD
    0x08005700   0x08005700   0x00000072   Code   RO           71    .text.HAL_RTC_MspInit  rtc.o
    0x08005772   0x08005772   0x00000002   PAD
    0x08005774   0x08005774   0x00000172   Code   RO          774    .text.HAL_RTC_SetAlarm_IT  stm32f1xx_hal_rtc.o
    0x080058e6   0x080058e6   0x00000002   PAD
    0x080058e8   0x080058e8   0x0000017e   Code   RO          766    .text.HAL_RTC_SetDate  stm32f1xx_hal_rtc.o
    0x08005a66   0x08005a66   0x00000002   PAD
    0x08005a68   0x08005a68   0x00000142   Code   RO          748    .text.HAL_RTC_SetTime  stm32f1xx_hal_rtc.o
    0x08005baa   0x08005baa   0x00000002   PAD
    0x08005bac   0x08005bac   0x00000064   Code   RO          738    .text.HAL_RTC_WaitForSynchro  stm32f1xx_hal_rtc.o
    0x08005c10   0x08005c10   0x00000010   Code   RO          471    .text.HAL_SYSTICK_Config  stm32f1xx_hal_cortex.o
    0x08005c20   0x08005c20   0x00000008   Code   RO         1155    .text.HAL_TIMEx_BreakCallback  stm32f1xx_hal_tim_ex.o
    0x08005c28   0x08005c28   0x00000008   Code   RO         1151    .text.HAL_TIMEx_CommutCallback  stm32f1xx_hal_tim_ex.o
    0x08005c30   0x08005c30   0x000000dc   Code   RO         1145    .text.HAL_TIMEx_MasterConfigSynchronization  stm32f1xx_hal_tim_ex.o
    0x08005d0c   0x08005d0c   0x0000009c   Code   RO          832    .text.HAL_TIM_Base_Init  stm32f1xx_hal_tim.o
    0x08005da8   0x08005da8   0x0000004e   Code   RO           91    .text.HAL_TIM_Base_MspInit  tim.o
    0x08005df6   0x08005df6   0x00000002   PAD
    0x08005df8   0x08005df8   0x000000b0   Code   RO          846    .text.HAL_TIM_Base_Start_IT  stm32f1xx_hal_tim.o
    0x08005ea8   0x08005ea8   0x00000184   Code   RO         1024    .text.HAL_TIM_ConfigClockSource  stm32f1xx_hal_tim.o
    0x0800602c   0x0800602c   0x00000008   Code   RO          968    .text.HAL_TIM_IC_CaptureCallback  stm32f1xx_hal_tim.o
    0x08006034   0x08006034   0x0000021a   Code   RO          966    .text.HAL_TIM_IRQHandler  stm32f1xx_hal_tim.o
    0x0800624e   0x0800624e   0x00000002   PAD
    0x08006250   0x08006250   0x00000098   Code   RO           85    .text.HAL_TIM_MspPostInit  tim.o
    0x080062e8   0x080062e8   0x00000008   Code   RO          970    .text.HAL_TIM_OC_DelayElapsedCallback  stm32f1xx_hal_tim.o
    0x080062f0   0x080062f0   0x00000142   Code   RO          998    .text.HAL_TIM_PWM_ConfigChannel  stm32f1xx_hal_tim.o
    0x08006432   0x08006432   0x00000002   PAD
    0x08006434   0x08006434   0x0000009c   Code   RO          886    .text.HAL_TIM_PWM_Init  stm32f1xx_hal_tim.o
    0x080064d0   0x080064d0   0x00000088   Code   RO           89    .text.HAL_TIM_PWM_MspInit  tim.o
    0x08006558   0x08006558   0x00000008   Code   RO          972    .text.HAL_TIM_PWM_PulseFinishedCallback  stm32f1xx_hal_tim.o
    0x08006560   0x08006560   0x00000008   Code   RO          974    .text.HAL_TIM_PeriodElapsedCallback  stm32f1xx_hal_tim.o
    0x08006568   0x08006568   0x00000008   Code   RO          976    .text.HAL_TIM_TriggerCallback  stm32f1xx_hal_tim.o
    0x08006570   0x08006570   0x0000009e   Code   RO         1168    .text.HAL_UART_Init  stm32f1xx_hal_uart.o
    0x0800660e   0x0800660e   0x00000002   PAD
    0x08006610   0x08006610   0x000001a0   Code   RO          113    .text.HAL_UART_MspInit  usart.o
    0x080067b0   0x080067b0   0x00000004   Code   RO          129    .text.HardFault_Handler  stm32f1xx_it.o
    0x080067b4   0x080067b4   0x00000066   Code   RO           33    .text.MX_ADC1_Init  adc.o
    0x0800681a   0x0800681a   0x00000002   PAD
    0x0800681c   0x0800681c   0x0000004e   Code   RO           47    .text.MX_CAN_Init   can.o
    0x0800686a   0x0800686a   0x00000002   PAD
    0x0800686c   0x0800686c   0x00000038   Code   RO           61    .text.MX_DMA_Init   dma.o
    0x080068a4   0x080068a4   0x0000013a   Code   RO           25    .text.MX_GPIO_Init  gpio.o
    0x080069de   0x080069de   0x00000002   PAD
    0x080069e0   0x080069e0   0x00000096   Code   RO           69    .text.MX_RTC_Init   rtc.o
    0x08006a76   0x08006a76   0x00000002   PAD
    0x08006a78   0x08006a78   0x000000b2   Code   RO           83    .text.MX_TIM3_Init  tim.o
    0x08006b2a   0x08006b2a   0x00000002   PAD
    0x08006b2c   0x08006b2c   0x00000084   Code   RO           87    .text.MX_TIM4_Init  tim.o
    0x08006bb0   0x08006bb0   0x00000040   Code   RO          107    .text.MX_USART1_UART_Init  usart.o
    0x08006bf0   0x08006bf0   0x00000040   Code   RO          109    .text.MX_USART2_UART_Init  usart.o
    0x08006c30   0x08006c30   0x00000040   Code   RO          111    .text.MX_USART3_UART_Init  usart.o
    0x08006c70   0x08006c70   0x00000004   Code   RO          131    .text.MemManage_Handler  stm32f1xx_it.o
    0x08006c74   0x08006c74   0x00000004   Code   RO          127    .text.NMI_Handler   stm32f1xx_it.o
    0x08006c78   0x08006c78   0x0000006c   Code   RO          457    .text.NVIC_EncodePriority  stm32f1xx_hal_cortex.o
    0x08006ce4   0x08006ce4   0x00000002   Code   RO          141    .text.PendSV_Handler  stm32f1xx_it.o
    0x08006ce6   0x08006ce6   0x00000002   PAD
    0x08006ce8   0x08006ce8   0x0000003a   Code   RO          341    .text.RCC_Delay     stm32f1xx_hal_rcc.o
    0x08006d22   0x08006d22   0x00000002   PAD
    0x08006d24   0x08006d24   0x00000010   Code   RO          153    .text.RTC_Alarm_IRQHandler  stm32f1xx_it.o
    0x08006d34   0x08006d34   0x0000002a   Code   RO          750    .text.RTC_Bcd2ToByte  stm32f1xx_hal_rtc.o
    0x08006d5e   0x08006d5e   0x00000002   PAD
    0x08006d60   0x08006d60   0x0000003a   Code   RO          764    .text.RTC_ByteToBcd2  stm32f1xx_hal_rtc.o
    0x08006d9a   0x08006d9a   0x00000002   PAD
    0x08006d9c   0x08006d9c   0x00000172   Code   RO          762    .text.RTC_DateUpdate  stm32f1xx_hal_rtc.o
    0x08006f0e   0x08006f0e   0x00000002   PAD
    0x08006f10   0x08006f10   0x00000056   Code   RO          740    .text.RTC_EnterInitMode  stm32f1xx_hal_rtc.o
    0x08006f66   0x08006f66   0x00000002   PAD
    0x08006f68   0x08006f68   0x00000056   Code   RO          742    .text.RTC_ExitInitMode  stm32f1xx_hal_rtc.o
    0x08006fbe   0x08006fbe   0x00000002   PAD
    0x08006fc0   0x08006fc0   0x00000010   Code   RO          145    .text.RTC_IRQHandler  stm32f1xx_it.o
    0x08006fd0   0x08006fd0   0x00000078   Code   RO          788    .text.RTC_IsLeapYear  stm32f1xx_hal_rtc.o
    0x08007048   0x08007048   0x00000032   Code   RO          754    .text.RTC_ReadAlarmCounter  stm32f1xx_hal_rtc.o
    0x0800707a   0x0800707a   0x00000002   PAD
    0x0800707c   0x0800707c   0x0000006a   Code   RO          760    .text.RTC_ReadTimeCounter  stm32f1xx_hal_rtc.o
    0x080070e6   0x080070e6   0x00000002   PAD
    0x080070e8   0x080070e8   0x000000de   Code   RO          768    .text.RTC_WeekDayNum  stm32f1xx_hal_rtc.o
    0x080071c6   0x080071c6   0x00000002   PAD
    0x080071c8   0x080071c8   0x00000050   Code   RO          756    .text.RTC_WriteAlarmCounter  stm32f1xx_hal_rtc.o
    0x08007218   0x08007218   0x00000050   Code   RO          752    .text.RTC_WriteTimeCounter  stm32f1xx_hal_rtc.o
    0x08007268   0x08007268   0x00000002   Code   RO          137    .text.SVC_Handler   stm32f1xx_it.o
    0x0800726a   0x0800726a   0x00000002   PAD
    0x0800726c   0x0800726c   0x00000052   Code   RO          473    .text.SysTick_Config  stm32f1xx_hal_cortex.o
    0x080072be   0x080072be   0x00000002   PAD
    0x080072c0   0x080072c0   0x00000016   Code   RO          143    .text.SysTick_Handler  stm32f1xx_it.o
    0x080072d6   0x080072d6   0x00000002   PAD
    0x080072d8   0x080072d8   0x00000084   Code   RO           13    .text.SystemClock_Config  main.o
    0x0800735c   0x0800735c   0x00000002   Code   RO         1299    .text.SystemInit    system_stm32f1xx.o
    0x0800735e   0x0800735e   0x00000002   PAD
    0x08007360   0x08007360   0x00000010   Code   RO          151    .text.TIM4_IRQHandler  stm32f1xx_it.o
    0x08007370   0x08007370   0x00000106   Code   RO          836    .text.TIM_Base_SetConfig  stm32f1xx_hal_tim.o
    0x08007476   0x08007476   0x00000002   PAD
    0x08007478   0x08007478   0x00000034   Code   RO         1022    .text.TIM_ETR_SetConfig  stm32f1xx_hal_tim.o
    0x080074ac   0x080074ac   0x0000002a   Code   RO         1028    .text.TIM_ITRx_SetConfig  stm32f1xx_hal_tim.o
    0x080074d6   0x080074d6   0x00000002   PAD
    0x080074d8   0x080074d8   0x000000ce   Code   RO          980    .text.TIM_OC1_SetConfig  stm32f1xx_hal_tim.o
    0x080075a6   0x080075a6   0x00000002   PAD
    0x080075a8   0x080075a8   0x000000d8   Code   RO          982    .text.TIM_OC2_SetConfig  stm32f1xx_hal_tim.o
    0x08007680   0x08007680   0x000000d6   Code   RO          984    .text.TIM_OC3_SetConfig  stm32f1xx_hal_tim.o
    0x08007756   0x08007756   0x00000002   PAD
    0x08007758   0x08007758   0x00000096   Code   RO          986    .text.TIM_OC4_SetConfig  stm32f1xx_hal_tim.o
    0x080077ee   0x080077ee   0x00000002   PAD
    0x080077f0   0x080077f0   0x00000050   Code   RO         1026    .text.TIM_TI1_ConfigInputStage  stm32f1xx_hal_tim.o
    0x08007840   0x08007840   0x00000052   Code   RO         1030    .text.TIM_TI2_ConfigInputStage  stm32f1xx_hal_tim.o
    0x08007892   0x08007892   0x00000002   PAD
    0x08007894   0x08007894   0x000000ba   Code   RO         1172    .text.UART_SetConfig  stm32f1xx_hal_uart.o
    0x0800794e   0x0800794e   0x00000002   PAD
    0x08007950   0x08007950   0x0000002e   Code   RO         1558    .text.Uart2_Send    bsp_usart.o
    0x0800797e   0x0800797e   0x00000002   PAD
    0x08007980   0x08007980   0x00000004   Code   RO          135    .text.UsageFault_Handler  stm32f1xx_it.o
    0x08007984   0x08007984   0x00000018   Code   RO         1587    .text._GLOBAL__sub_I_variables.cpp  variables.o
    0x0800799c   0x0800799c   0x00000192   Code   RO         1697    .text._Z10at_fsm_runP6A7680C  a7680_task.o
    0x08007b2e   0x08007b2e   0x00000002   PAD
    0x08007b30   0x08007b30   0x00000010   Code   RO         1497    .text._Z10bspAdcInitv  bsp_adc.o
    0x08007b40   0x08007b40   0x00000072   Code   RO         1514    .text._Z10bspCanSendjPhh  bsp_can.o
    0x08007bb2   0x08007bb2   0x00000002   PAD
    0x08007bb4   0x08007bb4   0x00000096   Code   RO         1710    .text._Z10main_setupv  main_task.o
    0x08007c4a   0x08007c4a   0x00000002   PAD
    0x08007c4c   0x08007c4c   0x00000090   Code   RO         1479    .text._Z12SystemReInitv  low_power.o
    0x08007cdc   0x08007cdc   0x00000034   Code   RO         1569    .text._Z14bspRtcSetAlarmhhh  bsp_rtc.o
    0x08007d10   0x08007d10   0x00000022   Code   RO         1313    .text._Z15bytesToHalfWordhh  algorithm.o
    0x08007d32   0x08007d32   0x00000002   PAD
    0x08007d34   0x08007d34   0x00000010   Code   RO         1737    .text._Z16stateMachineTaskv  statemachine_task.o
    0x08007d44   0x08007d44   0x0000007a   Code   RO         1510    .text._Z19bspCanFilter_Configv  bsp_can.o
    0x08007dbe   0x08007dbe   0x00000002   PAD
    0x08007dc0   0x08007dc0   0x0000001e   Code   RO         1512    .text._Z21bspCanFilter_DeConfigv  bsp_can.o
    0x08007dde   0x08007dde   0x00000002   PAD
    0x08007de0   0x08007de0   0x0000000c   Code   RO         1671    .text._Z6millisv    system.o
    0x08007dec   0x08007dec   0x00000014   Code   RO         1378    .text._Z6strstrB8nn190000Ua9enable_ifILb1EEPcPKc  a7680c.o
    0x08007e00   0x08007e00   0x0000007c   Code   RO         1721    .text._Z7BmsTaskv   bms_task.o
    0x08007e7c   0x08007e7c   0x00000002   Code   RO         1729    .text._Z7RgbTaskv   rgb_task.o
    0x08007e7e   0x08007e7e   0x00000002   PAD
    0x08007e80   0x08007e80   0x00000010   Code   RO         1699    .text._Z9A7680Taskv  a7680_task.o
    0x08007e90   0x08007e90   0x00000018   Code   RO         1712    .text._Z9main_taskv  main_task.o
    0x08007ea8   0x08007ea8   0x00000026   Code   RO         1815    .text._ZL17operator_new_implj  libcpp_w.l(new.cpp.o)
    0x08007ece   0x08007ece   0x00000002   PAD
    0x08007ed0   0x08007ed0   0x0000004a   Code   RO         1833    .text._ZL25operator_new_aligned_impljSt11align_val_t  libcpp_w.l(new.cpp.o)
    0x08007f1a   0x08007f1a   0x00000002   PAD
    0x08007f1c   0x08007f1c   0x0000003a   Code   RO         1442    .text._ZN14Periph_Control10PeriphInitEv  periph_control.o
    0x08007f56   0x08007f56   0x00000002   PAD
    0x08007f58   0x08007f58   0x0000005e   Code   RO         1438    .text._ZN14Periph_Control11OpenCanPortEb  periph_control.o
    0x08007fb6   0x08007fb6   0x00000002   PAD
    0x08007fb8   0x08007fb8   0x0000004c   Code   RO         1436    .text._ZN14Periph_Control13OpenBatChargeEb  periph_control.o
    0x08008004   0x08008004   0x000000c8   Code   RO         1444    .text._ZN14Periph_Control14DetectBsqOnCarEh  periph_control.o
    0x080080cc   0x080080cc   0x0000004c   Code   RO         1434    .text._ZN14Periph_Control7OpenGpsEb  periph_control.o
    0x08008118   0x08008118   0x0000004c   Code   RO         1440    .text._ZN14Periph_Control7Open_5VEb  periph_control.o
    0x08008164   0x08008164   0x00000014   Code   RO         1432    .text._ZN14Periph_ControlC2Ev  periph_control.o
    0x08008178   0x08008178   0x00000036   Code   RO         1658    .text._ZN17MillisTaskManager12GetTickElapsEjj  millistaskmanager.o
    0x080081ae   0x080081ae   0x00000002   PAD
    0x080081b0   0x080081b0   0x0000003a   Code   RO         1648    .text._ZN17MillisTaskManager4FindEPFvvE  millistaskmanager.o
    0x080081ea   0x080081ea   0x00000002   PAD
    0x080081ec   0x080081ec   0x00000078   Code   RO         1662    .text._ZN17MillisTaskManager7RunningEj  millistaskmanager.o
    0x08008264   0x08008264   0x000000a6   Code   RO         1646    .text._ZN17MillisTaskManager8RegisterEPFvvEjb  millistaskmanager.o
    0x0800830a   0x0800830a   0x00000002   PAD
    0x0800830c   0x0800830c   0x00000040   Code   RO         1654    .text._ZN17MillisTaskManager8SetStateEPFvvEb  millistaskmanager.o
    0x0800834c   0x0800834c   0x0000001e   Code   RO         1642    .text._ZN17MillisTaskManagerC2Eb  millistaskmanager.o
    0x0800836a   0x0800836a   0x00000002   PAD
    0x0800836c   0x0800836c   0x0000003e   Code   RO         1644    .text._ZN17MillisTaskManagerD2Ev  millistaskmanager.o
    0x080083aa   0x080083aa   0x00000002   PAD
    0x080083ac   0x080083ac   0x000000f4   Code   RO         1686    .text._ZN18systemStateMachine7runningEv  state_machine.o
    0x080084a0   0x080084a0   0x00000014   Code   RO         1609    .text._ZN18systemStateMachineC2Ev  variables.o
    0x080084b4   0x080084b4   0x0000001e   Code   RO         1398    .text._ZN3Bms4SendEjPhh  bms.o
    0x080084d2   0x080084d2   0x00000002   PAD
    0x080084d4   0x080084d4   0x000002ec   Code   RO         1400    .text._ZN3Bms6askCarEv  bms.o
    0x080087c0   0x080087c0   0x000000d2   Code   RO         1396    .text._ZN3BmsC2Ev   bms.o
    0x08008892   0x08008892   0x00000002   PAD
    0x08008894   0x08008894   0x00000016   Code   RO         1607    .text._ZN3BmsD2Ev   variables.o
    0x080088aa   0x080088aa   0x00000002   PAD
    0x080088ac   0x080088ac   0x00000038   Code   RO         1363    .text._ZN6A7680C11CheckFsmAckEv  a7680c.o
    0x080088e4   0x080088e4   0x000000ca   Code   RO         1355    .text._ZN6A7680C11ConnectMqttEjh  a7680c.o
    0x080089ae   0x080089ae   0x00000002   PAD
    0x080089b0   0x080089b0   0x0000000e   Code   RO         1361    .text._ZN6A7680C12GetFsmState_Ev  a7680c.o
    0x080089be   0x080089be   0x00000002   PAD
    0x080089c0   0x080089c0   0x0000000e   Code   RO         1359    .text._ZN6A7680C13GetFsmHandle_Ev  a7680c.o
    0x080089ce   0x080089ce   0x00000002   PAD
    0x080089d0   0x080089d0   0x00000052   Code   RO         1351    .text._ZN6A7680C7SendCmdEv  a7680c.o
    0x08008a22   0x08008a22   0x00000002   PAD
    0x08008a24   0x08008a24   0x00000050   Code   RO         1349    .text._ZN6A7680C9SetCmdAckEPKcS1_jhPFbvE  a7680c.o
    0x08008a74   0x08008a74   0x00000018   Code   RO         1347    .text._ZN6A7680CC2Ev  a7680c.o
    0x08008a8c   0x08008a8c   0x00000018   Code   RO         1605    .text._ZN6A7680CD2Ev  variables.o
    0x08008aa4   0x08008aa4   0x00000092   Code   RO         1635    .text._ZN9RingQueueI11can_frame_tLh30EE3popEPS0_  callback.o
    0x08008b36   0x08008b36   0x00000002   PAD
    0x08008b38   0x08008b38   0x00000096   Code   RO         1631    .text._ZN9RingQueueI11can_frame_tLh30EE4pushEPKS0_  callback.o
    0x08008bce   0x08008bce   0x00000002   PAD
    0x08008bd0   0x08008bd0   0x00000018   Code   RO         1429    .text._ZN9RingQueueI11can_frame_tLh30EE5clearEv  bms.o
    0x08008be8   0x08008be8   0x0000000e   Code   RO         1633    .text._ZN9RingQueueI11can_frame_tLh30EE6getLenEv  callback.o
    0x08008bf6   0x08008bf6   0x00000002   PAD
    0x08008bf8   0x08008bf8   0x00000028   Code   RO         1637    .text._ZN9RingQueueI11can_frame_tLh30EE6isFullEv  callback.o
    0x08008c20   0x08008c20   0x00000026   Code   RO         1639    .text._ZN9RingQueueI11can_frame_tLh30EE7isEmptyEv  callback.o
    0x08008c46   0x08008c46   0x00000002   PAD
    0x08008c48   0x08008c48   0x00000018   Code   RO         1427    .text._ZN9RingQueueI11can_frame_tLh30EEC2Ev  bms.o
    0x08008c60   0x08008c60   0x00000014   Code   RO         1615    .text._ZN9RingQueueI11can_frame_tLh30EED2Ev  variables.o
    0x08008c74   0x08008c74   0x000000a0   Code   RO         1376    .text._ZN9RingQueueI8at_fsm_tLh30EE3popEPS0_  a7680c.o
    0x08008d14   0x08008d14   0x000000a0   Code   RO         1374    .text._ZN9RingQueueI8at_fsm_tLh30EE4pushEPKS0_  a7680c.o
    0x08008db4   0x08008db4   0x00000018   Code   RO         1613    .text._ZN9RingQueueI8at_fsm_tLh30EE5clearEv  variables.o
    0x08008dcc   0x08008dcc   0x0000000e   Code   RO         1694    .text._ZN9RingQueueI8at_fsm_tLh30EE6getLenEv  state_machine.o
    0x08008dda   0x08008dda   0x00000002   PAD
    0x08008ddc   0x08008ddc   0x00000028   Code   RO         1380    .text._ZN9RingQueueI8at_fsm_tLh30EE6isFullEv  a7680c.o
    0x08008e04   0x08008e04   0x00000026   Code   RO         1382    .text._ZN9RingQueueI8at_fsm_tLh30EE7isEmptyEv  a7680c.o
    0x08008e2a   0x08008e2a   0x00000002   PAD
    0x08008e2c   0x08008e2c   0x00000018   Code   RO         1372    .text._ZN9RingQueueI8at_fsm_tLh30EEC2Ev  a7680c.o
    0x08008e44   0x08008e44   0x00000014   Code   RO         1611    .text._ZN9RingQueueI8at_fsm_tLh30EED2Ev  variables.o
    0x08008e58   0x08008e58   0x0000001e   Code   RO         2227    .text._ZNSt3__222__libcpp_verbose_abortEPKcz  libcpp_w.l(verbose_abort.cpp.o)
    0x08008e76   0x08008e76   0x0000000c   Code   RO         2131    .text._ZSt15get_new_handlerv  libcppabi_w.l(cxa_handlers.cpp.o)
    0x08008e82   0x08008e82   0x00000002   PAD
    0x08008e84   0x08008e84   0x00000038   Code   RO         2110    .text._ZSt17__throw_bad_allocv  libcpp_w.l(new_helpers.cpp.o)
    0x08008ebc   0x08008ebc   0x00000004   Code   RO         1821    .text._ZdlPv        libcpp_w.l(new.cpp.o)
    0x08008ec0   0x08008ec0   0x00000030   Code   RO          461    .text.__NVIC_EnableIRQ  stm32f1xx_hal_cortex.o
    0x08008ef0   0x08008ef0   0x00000010   Code   RO          453    .text.__NVIC_GetPriorityGrouping  stm32f1xx_hal_cortex.o
    0x08008f00   0x08008f00   0x00000042   Code   RO          455    .text.__NVIC_SetPriority  stm32f1xx_hal_cortex.o
    0x08008f42   0x08008f42   0x00000002   PAD
    0x08008f44   0x08008f44   0x0000003c   Code   RO          449    .text.__NVIC_SetPriorityGrouping  stm32f1xx_hal_cortex.o
    0x08008f80   0x08008f80   0x0000002c   Code   RO         1577    .text.__cxx_global_var_init  variables.o
    0x08008fac   0x08008fac   0x0000002c   Code   RO         1579    .text.__cxx_global_var_init.1  variables.o
    0x08008fd8   0x08008fd8   0x00000010   Code   RO         1581    .text.__cxx_global_var_init.2  variables.o
    0x08008fe8   0x08008fe8   0x0000002e   Code   RO         1583    .text.__cxx_global_var_init.3  variables.o
    0x08009016   0x08009016   0x00000002   PAD
    0x08009018   0x08009018   0x00000010   Code   RO         1585    .text.__cxx_global_var_init.4  variables.o
    0x08009028   0x08009028   0x00000004   Code   RO         2115    .text.abort_message  libcppabi_w.l(abort_message.cpp.o)
    0x0800902c   0x0800902c   0x00000014   Code   RO         1554    .text.bspUartInit   bsp_usart.o
    0x08009040   0x08009040   0x00000044   Code   RO           11    .text.main          main.o
    0x08009084   0x08009084   0x0000002c   Code   RO         1853    .text.unlikely.__cxa_guard_acquire  libcppabi_w.l(cxa_guard.cpp.o)
    0x080090b0   0x080090b0   0x00000008   Code   RO         1855    .text.unlikely.__cxa_guard_release  libcppabi_w.l(cxa_guard.cpp.o)
    0x080090b8   0x080090b8   0x0000003e   Code   RO         2279    CL$$btod_d2e        c_w.l(btod.o)
    0x080090f6   0x080090f6   0x00000046   Code   RO         2281    CL$$btod_d2e_denorm_low  c_w.l(btod.o)
    0x0800913c   0x0800913c   0x00000060   Code   RO         2280    CL$$btod_d2e_norm_op1  c_w.l(btod.o)
    0x0800919c   0x0800919c   0x00000338   Code   RO         2289    CL$$btod_div_common  c_w.l(btod.o)
    0x080094d4   0x080094d4   0x000000dc   Code   RO         2286    CL$$btod_e2e        c_w.l(btod.o)
    0x080095b0   0x080095b0   0x0000002a   Code   RO         2283    CL$$btod_ediv       c_w.l(btod.o)
    0x080095da   0x080095da   0x0000002a   Code   RO         2282    CL$$btod_emul       c_w.l(btod.o)
    0x08009604   0x08009604   0x00000244   Code   RO         2288    CL$$btod_mult_common  c_w.l(btod.o)
    0x08009848   0x08009848   0x00000024   Code   RO         1813    __lcxx_override     libcpp_w.l(new.cpp.o)
    0x0800986c   0x0800986c   0x00000028   Code   RO         2366    i.__ARM_fpclassify  m_ws.l(fpclassify.o)
    0x08009894   0x08009894   0x0000000e   Code   RO         1988    i._is_digit         c_w.l(__printf_wp.o)
    0x080098a2   0x080098a2   0x0000001c   Code   RO         2200    i.fputc             c_w.l(fputc.o)
    0x080098be   0x080098be   0x00000002   PAD
    0x080098c0   0x080098c0   0x0000002c   Code   RO         2317    locale$$code        c_w.l(lc_numeric_c.o)
    0x080098ec   0x080098ec   0x0000002c   Code   RO         2394    locale$$code        c_w.l(lc_ctype_c.o)
    0x08009918   0x08009918   0x00000150   Code   RO         1774    x$fpl$dadd          fz_ws.l(daddsub_clz.o)
    0x08009a68   0x08009a68   0x0000002e   Code   RO         1781    x$fpl$dflt          fz_ws.l(dflt_clz.o)
    0x08009a96   0x08009a96   0x00000002   PAD
    0x08009a98   0x08009a98   0x00000154   Code   RO         1786    x$fpl$dmul          fz_ws.l(dmul.o)
    0x08009bec   0x08009bec   0x0000009c   Code   RO         2086    x$fpl$dnaninf       fz_ws.l(dnaninf.o)
    0x08009c88   0x08009c88   0x0000000c   Code   RO         2088    x$fpl$dretinf       fz_ws.l(dretinf.o)
    0x08009c94   0x08009c94   0x000001dc   Code   RO         1776    x$fpl$dsub          fz_ws.l(daddsub_clz.o)
    0x08009e70   0x08009e70   0x00000004   Code   RO         2100    x$fpl$printf1       fz_ws.l(printf1.o)
    0x08009e74   0x08009e74   0x00000004   Code   RO         2102    x$fpl$printf2       fz_ws.l(printf2.o)
    0x08009e78   0x08009e78   0x00000000   Code   RO         2108    x$fpl$usenofp       fz_ws.l(usenofp.o)
    0x08009e78   0x08009e78   0x00000008   Data   RO         1947    .constdata          c_w.l(_printf_wctomb.o)
    0x08009e80   0x08009e80   0x00000028   Data   RO         1976    .constdata          c_w.l(_printf_hex_int_ll_ptr.o)
    0x08009ea8   0x08009ea8   0x00000011   Data   RO         1996    .constdata          c_w.l(__printf_flags_ss_wp.o)
    0x08009eb9   0x08009eb9   0x00000026   Data   RO         2188    .constdata          c_w.l(_printf_fp_hex.o)
    0x08009edf   0x08009edf   0x00000004   Data   RO         2245    .constdata          c_w.l(sys_io_names.o)
    0x08009ee3   0x08009ee3   0x00000004   Data   RO         2246    .constdata          c_w.l(sys_io_names.o)
    0x08009ee7   0x08009ee7   0x00000004   Data   RO         2247    .constdata          c_w.l(sys_io_names.o)
    0x08009eeb   0x08009eeb   0x00000001   PAD
    0x08009eec   0x08009eec   0x00000094   Data   RO         2277    .constdata          c_w.l(bigflt0.o)
    0x08009f80   0x08009f80   0x00000010   Data   RO         1304    .rodata.AHBPrescTable  system_stm32f1xx.o
    0x08009f90   0x08009f90   0x00000008   Data   RO         1305    .rodata.APBPrescTable  system_stm32f1xx.o
    0x08009f98   0x08009f98   0x00000010   Data   RO          382    .rodata.HAL_RCCEx_GetPeriphCLKFreq.aPLLMULFactorTable  stm32f1xx_hal_rcc_ex.o
    0x08009fa8   0x08009fa8   0x00000002   Data   RO          383    .rodata.HAL_RCCEx_GetPeriphCLKFreq.aPredivFactorTable  stm32f1xx_hal_rcc_ex.o
    0x08009faa   0x08009faa   0x00000010   Data   RO          367    .rodata.HAL_RCC_GetSysClockFreq.aPLLMULFactorTable  stm32f1xx_hal_rcc.o
    0x08009fba   0x08009fba   0x00000002   Data   RO          368    .rodata.HAL_RCC_GetSysClockFreq.aPredivFactorTable  stm32f1xx_hal_rcc.o
    0x08009fbc   0x08009fbc   0x0000007b   Data   RO         1365    .rodata.str1.1      a7680c.o
    0x0800a037   0x0800a037   0x0000002c   Data   RO         1450    .rodata.str1.1      periph_control.o
    0x0800a063   0x0800a063   0x00000011   Data   RO         1481    .rodata.str1.1      low_power.o
    0x0800a074   0x0800a074   0x00000093   Data   RO         1859    .rodata.str1.1      libcppabi_w.l(cxa_guard.cpp.o)
    0x0800a107   0x0800a107   0x00000001   PAD
    0x0800a108   0x0800a108   0x00000020   Data   RO         2463    Region$$Table       anon$$obj.o
    0x0800a128   0x0800a128   0x0000001c   Data   RO         2316    locale$$data        c_w.l(lc_numeric_c.o)
    0x0800a144   0x0800a144   0x00000110   Data   RO         2393    locale$$data        c_w.l(lc_ctype_c.o)
    0x0800a254   0x0800a254   0x00000004   Data   RO         1598    .init_array         variables.o
    0x0800a258   0x0800a254   0x00000000   Data   RO         1769    .init_array         c_w.l(init_aeabi.o)


    Execution Region RW_IRAM1 (Exec base: 0x20000000, Load base: 0x0800a258, Size: 0x000018b8, Max: 0x00005000, ABSOLUTE)

    Exec Addr    Load Addr    Size         Type   Attr      Idx    E Section Name        Object

    0x20000000   0x0800a258   0x00000004   Data   RW         2024    .data               c_w.l(stdio_streams.o)
    0x20000004   0x0800a25c   0x00000004   Data   RW         2025    .data               c_w.l(stdio_streams.o)
    0x20000008   0x0800a260   0x00000004   Data   RW         2026    .data               c_w.l(stdio_streams.o)
    0x2000000c   0x0800a264   0x00000004   Data   RW         1303    .data.SystemCoreClock  system_stm32f1xx.o
    0x20000010   0x0800a268   0x00000008   Data   RW         1407    .data.data_BCP_TPCM_CTS  bms.o
    0x20000018   0x0800a270   0x00000008   Data   RW         1408    .data.data_BCP_TPCM_EM  bms.o
    0x20000020   0x0800a278   0x00000008   Data   RW         1412    .data.data_BCS_TPCM_CTS  bms.o
    0x20000028   0x0800a280   0x00000008   Data   RW         1413    .data.data_BCS_TPCM_EM  bms.o
    0x20000030   0x0800a288   0x00000008   Data   RW         1417    .data.data_BMT_TPCM_CTS  bms.o
    0x20000038   0x0800a290   0x00000008   Data   RW         1418    .data.data_BMT_TPCM_EM  bms.o
    0x20000040   0x0800a298   0x00000008   Data   RW         1415    .data.data_BMV_TPCM_CTS  bms.o
    0x20000048   0x0800a2a0   0x00000008   Data   RW         1416    .data.data_BMV_TPCM_EM  bms.o
    0x20000050   0x0800a2a8   0x00000008   Data   RW         1404    .data.data_BRM_TPCM_CTS  bms.o
    0x20000058   0x0800a2b0   0x00000008   Data   RW         1405    .data.data_BRM_TPCM_EM  bms.o
    0x20000060   0x0800a2b8   0x00000007   Data   RW         1414    .data.data_CCS      bms.o
    0x20000067   0x0800a2bf   0x00000003   Data   RW         1402    .data.data_CHM      bms.o
    0x2000006a   0x0800a2c2   0x00000008   Data   RW         1410    .data.data_CML      bms.o
    0x20000072   0x0800a2ca   0x00000008   Data   RW         1403    .data.data_CRM_00   bms.o
    0x2000007a   0x0800a2d2   0x00000008   Data   RW         1406    .data.data_CRM_AA   bms.o
    0x20000082   0x0800a2da   0x00000001   Data   RW         1411    .data.data_CRO_AA   bms.o
    0x20000083   0x0800a2db   0x00000008   Data   RW         1420    .data.data_CSD      bms.o
    0x2000008b   0x0800a2e3   0x00000004   Data   RW         1419    .data.data_CST      bms.o
    0x2000008f   0x0800a2e7   0x00000007   Data   RW         1409    .data.data_CTS      bms.o
    0x20000096   0x0800a2ee   0x00000001   Data   RW         1624    .data.queue_len     callback.o
    0x20000097   0x0800a2ef   0x00000001   Data   RW          328    .data.uwTickFreq    stm32f1xx_hal.o
    0x20000098   0x0800a2f0   0x00000004   Data   RW          327    .data.uwTickPrio    stm32f1xx_hal.o
    0x2000009c   0x0800a2f4   0x00000004   PAD
    0x200000a0        -       0x00000054   Zero   RW         2021    .bss                c_w.l(stdio_streams.o)
    0x200000f4        -       0x00000054   Zero   RW         2022    .bss                c_w.l(stdio_streams.o)
    0x20000148        -       0x00000054   Zero   RW         2023    .bss                c_w.l(stdio_streams.o)
    0x2000019c        -       0x00000060   Zero   RW         2253    .bss                c_w.l(libspace.o)
    0x200001fc        -       0x00000004   Zero   RW         1702    .bss._ZGVZ10at_fsm_runP6A7680CE3fsm  a7680_task.o
    0x20000200        -       0x00000004   Zero   RW         1701    .bss._ZZ10at_fsm_runP6A7680CE3fsm  a7680_task.o
    0x20000204        -       0x00000004   Zero   RW         2239    .bss.__cxa_new_handler  libcppabi_w.l(cxa_default_handlers.cpp.o)
    0x20000208        -       0x00000510   Zero   RW         1590    .bss.a7680c         variables.o
    0x20000718        -       0x000006a8   Zero   RW         1589    .bss.a7680c_uart_msg  variables.o
    0x20000dc0        -       0x000002b8   Zero   RW         1591    .bss.bms            variables.o
    0x20001078        -       0x00000030   Zero   RW           39    .bss.hadc1          adc.o
    0x200010a8        -       0x00000028   Zero   RW           53    .bss.hcan           can.o
    0x200010d0        -       0x00000044   Zero   RW           99    .bss.hdma_tim3_ch3  tim.o
    0x20001114        -       0x00000014   Zero   RW           75    .bss.hrtc           rtc.o
    0x20001128        -       0x00000048   Zero   RW           97    .bss.htim3          tim.o
    0x20001170        -       0x00000048   Zero   RW           98    .bss.htim4          tim.o
    0x200011b8        -       0x00000048   Zero   RW          117    .bss.huart1         usart.o
    0x20001200        -       0x00000048   Zero   RW          118    .bss.huart2         usart.o
    0x20001248        -       0x00000048   Zero   RW          119    .bss.huart3         usart.o
    0x20001290        -       0x0000000c   Zero   RW         1594    .bss.mtmMain        variables.o
    0x2000129c        -       0x00000007   Zero   RW         1592    .bss.periph_control  variables.o
    0x200012a3        -       0x00000002   Zero   RW         1622    .bss.power_capcity_Ah  callback.o
    0x200012a5        -       0x00000002   Zero   RW         1623    .bss.power_capcity_V  callback.o
    0x200012a7   0x0800a2f4   0x00000001   PAD
    0x200012a8        -       0x00000004   Zero   RW         1595    .bss.stateMachine   variables.o
    0x200012ac        -       0x00000004   Zero   RW         1593    .bss.system_ms      variables.o
    0x200012b0        -       0x00000004   Zero   RW          329    .bss.uwTick         stm32f1xx_hal.o
    0x200012b4   0x0800a2f4   0x00000004   PAD
    0x200012b8        -       0x00000200   Zero   RW            2    HEAP                startup_stm32f103xb.o
    0x200014b8        -       0x00000400   Zero   RW            1    STACK               startup_stm32f103xb.o


==============================================================================

Image component sizes


      Code (inc. data)   RO Data    RW Data    ZI Data      Debug   Object Name

       418          8          0          0          8       9876   a7680_task.o
       914          0        123          0          0      13654   a7680c.o
       224          0          0          0         48       3944   adc.o
        34          0          0          0          0       8696   algorithm.o
      1036         38          0        134          0      12219   bms.o
       124          0          0          0          0       8668   bms_task.o
        16          0          0          0          0       8561   bsp_adc.o
       266          0          0          0          0       9947   bsp_can.o
        52          0          0          0          0       2283   bsp_rtc.o
        66          0          0          0          0       9282   bsp_usart.o
      2120         36          0          1          4      12333   callback.o
       290          0          0          0         40       4890   can.o
        56          0          0          0          0       2005   dma.o
       314          0          0          0          0       1619   gpio.o
       144          0         17          0          0       9520   low_power.o
       214          0          0          0          0       9930   main.o
       174          0          0          0          0       8713   main_task.o
       554          0          0          0          0       5323   millistaskmanager.o
       600          0         44          0          0      11008   periph_control.o
         2          0          0          0          0       1767   rgb_task.o
       264          0          0          0         20       3618   rtc.o
        64         26        236          0       1536        808   startup_stm32f103xb.o
       258         12          0          0          0       9604   state_machine.o
        16          0          0          0          0       8595   statemachine_task.o
       254          0          0          5          4       5592   stm32f1xx_hal.o
      1284          0          0          0          0       9431   stm32f1xx_hal_adc.o
       394          0          0          0          0       7470   stm32f1xx_hal_adc_ex.o
      3394          0          0          0          0      11363   stm32f1xx_hal_can.o
       482          0          0          0          0       7578   stm32f1xx_hal_cortex.o
       820          0          0          0          0       6331   stm32f1xx_hal_dma.o
       844          0          0          0          0       4256   stm32f1xx_hal_gpio.o
       100          0          0          0          0       1230   stm32f1xx_hal_msp.o
        12          0          0          0          0       4013   stm32f1xx_hal_pwr.o
      2582          0         18          0          0       7457   stm32f1xx_hal_rcc.o
       862          0         18          0          0       3154   stm32f1xx_hal_rcc_ex.o
      3306          0          0          0          0      10374   stm32f1xx_hal_rtc.o
       154          0          0          0          0       4962   stm32f1xx_hal_rtc_ex.o
      3080         14          0          0          0      35694   stm32f1xx_hal_tim.o
       236          0          0          0          0      15139   stm32f1xx_hal_tim_ex.o
       344          0          0          0          0      20083   stm32f1xx_hal_uart.o
       128          0          0          0          0       9678   stm32f1xx_it.o
        12          0          0          0          0       9467   system.o
         2          0         24          4          0       1599   system_stm32f1xx.o
       676          0          0          0        212       7001   tim.o
       608          0          0          0        216       4749   usart.o
       320          0          4          0       3723      12067   variables.o

    ----------------------------------------------------------------------
     28304        134        516        144       5820     375551   Object Totals
         0          0         32          0          0          0   (incl. Generated)
       190          0          0          0          9          0   (incl. Padding)

    ----------------------------------------------------------------------

      Code (inc. data)   RO Data    RW Data    ZI Data      Debug   Library Member Name

         8          0          0          0          0         68   __main.o
       392          4         17          0          0         92   __printf_flags_ss_wp.o
        14          0          0          0          0         68   __printf_wp.o
         0          0          0          0          0          0   __rtentry.o
        12          0          0          0          0          0   __rtentry2.o
         6          0          0          0          0          0   __rtentry4.o
        94          8          0          0          0          0   __scatter.o
        26          0          0          0          0          0   __scatter_copy.o
        28          0          0          0          0          0   __scatter_zi.o
        72          0          0          0          0         96   _c16rtomb.o
         6          0          0          0          0          0   _printf_a.o
         6          0          0          0          0          0   _printf_c.o
        44          0          0          0          0        108   _printf_char.o
        48          6          0          0          0         96   _printf_char_common.o
        36          4          0          0          0         80   _printf_char_file.o
        40          0          0          0          0         68   _printf_charcount.o
         6          0          0          0          0          0   _printf_d.o
       120         16          0          0          0         92   _printf_dec.o
         6          0          0          0          0          0   _printf_e.o
         6          0          0          0          0          0   _printf_f.o
      1052          0          0          0          0        148   _printf_fp_dec.o
       764          8         38          0          0        100   _printf_fp_hex.o
       128         16          0          0          0         84   _printf_fp_infnan.o
         6          0          0          0          0          0   _printf_g.o
       148          4         40          0          0        160   _printf_hex_int_ll_ptr.o
         6          0          0          0          0          0   _printf_i.o
       178          0          0          0          0         88   _printf_intcommon.o
        10          0          0          0          0          0   _printf_l.o
         6          0          0          0          0          0   _printf_lc.o
        10          0          0          0          0          0   _printf_ll.o
         6          0          0          0          0          0   _printf_lld.o
         6          0          0          0          0          0   _printf_lli.o
         6          0          0          0          0          0   _printf_llo.o
         6          0          0          0          0          0   _printf_llu.o
         6          0          0          0          0          0   _printf_llx.o
       124         16          0          0          0         92   _printf_longlong_dec.o
         6          0          0          0          0          0   _printf_ls.o
         6          0          0          0          0          0   _printf_n.o
         6          0          0          0          0          0   _printf_o.o
       112          8          0          0          0        124   _printf_oct_int_ll.o
         6          0          0          0          0          0   _printf_p.o
        78          0          0          0          0        108   _printf_pad.o
         0          0          0          0          0          0   _printf_percent.o
         4          0          0          0          0          0   _printf_percent_end.o
         6          0          0          0          0          0   _printf_s.o
        82          0          0          0          0         80   _printf_str.o
        36          0          0          0          0         84   _printf_truncate.o
         6          0          0          0          0          0   _printf_u.o
        44          0          0          0          0        108   _printf_wchar.o
       188          6          8          0          0         92   _printf_wctomb.o
         6          0          0          0          0          0   _printf_x.o
        10          0          0          0          0         68   _sputc.o
        22          0          0          0          0         80   abort.o
        46          0          0          0          0         84   aeabi_atexit.o
       228          4        148          0          0         96   bigflt0.o
      1936        128          0          0          0        668   btod.o
        10          0          0          0          0         68   cxa_atexit.o
        66          0          0          0          0         84   cxa_finalize.o
        48         34          0          0          0         76   defsig_abrt_inner.o
        14          0          0          0          0         80   defsig_abrt_outer.o
        10          0          0          0          0         68   defsig_exit.o
        50          0          0          0          0         88   defsig_general.o
        80         58          0          0          0         76   defsig_rtmem_inner.o
        14          0          0          0          0         80   defsig_rtmem_outer.o
        52         38          0          0          0         76   defsig_rtred_inner.o
        14          0          0          0          0         80   defsig_rtred_outer.o
        18          0          0          0          0         80   exit.o
        76          0          0          0          0         88   fclose.o
         8          0          0          0          0         68   ferror.o
       482          0          0          0          0         92   flsbuf.o
       240          6          0          0          0        128   fopen.o
        28          0          0          0          0         68   fputc.o
       248          6          0          0          0         84   fseek.o
        66          0          0          0          0         76   ftell.o
        94          0          0          0          0         80   h1_alloc.o
        52          0          0          0          0         68   h1_extend.o
        78          0          0          0          0         80   h1_free.o
        12          0          0          0          0         84   h1_init.o
       174          0          0          0          0         88   h1_memalign.o
         6          0          0          0          0        152   heapauxi.o
         4          0          0          0          0        136   hguard.o
         0          0          0          0          0          0   indicate_semi.o
        44          8          0          0          0         80   init_aeabi.o
       138          0          0          0          0        168   init_alloc.o
       312         46          0          0          0        112   initio.o
        44         10        272          0          0         76   lc_ctype_c.o
        44         10         28          0          0         76   lc_numeric_c.o
         2          0          0          0          0          0   libinit.o
        46          0          0          0          0          0   libinit2.o
         2          0          0          0          0          0   libshutdown.o
        12          0          0          0          0          0   libshutdown2.o
         8          4          0          0         96         68   libspace.o
       138          0          0          0          0         80   lludiv10.o
         0          0          0          0          0          0   maybetermalloc1.o
        24          4          0          0          0         84   printf.o
        16          4          0          0          0         76   rt_ctype_table.o
         8          4          0          0          0         68   rt_ddtor_pointer_addr_intlibspace.o
         8          4          0          0          0         68   rt_errno_addr_intlibspace.o
         8          4          0          0          0         68   rt_heap_descriptor_intlibspace.o
         8          4          0          0          0         68   rt_locale_intlibspace.o
        68          0          0          0          0         68   rt_memclr.o
        78          0          0          0          0         80   rt_memclr_w.o
       138          0          0          0          0         68   rt_memcpy_v6.o
       100          0          0          0          0         80   rt_memcpy_w.o
         2          0          0          0          0          0   rtexit.o
        10          0          0          0          0          0   rtexit2.o
        70          0          0          0          0         80   setvbuf.o
        44          6          0          0          0         84   sprintf.o
       264          6          0          0          0        160   stdio.o
         0          0          0         12        252          0   stdio_streams.o
       128          0          0          0          0         68   strcmpv7m.o
        62          0          0          0          0         76   strlen.o
        36          0          0          0          0         80   strstr.o
        12          4          0          0          0         68   sys_exit.o
       102          0          0          0          0        240   sys_io.o
         0          0         12          0          0          0   sys_io_names.o
        74          0          0          0          0         80   sys_stackheap_outer.o
        14          0          0          0          0         76   sys_wrch.o
         2          0          0          0          0         68   use_no_semi.o
        10          0          0          0          0         68   vfprintf.o
       812         16          0          0          0        296   daddsub_clz.o
        46          0          0          0          0         68   dflt_clz.o
       340         12          0          0          0        104   dmul.o
       156          4          0          0          0         92   dnaninf.o
        12          0          0          0          0         68   dretinf.o
         4          0          0          0          0         68   printf1.o
         4          0          0          0          0         68   printf2.o
         0          0          0          0          0          0   usenofp.o
       152          0          0          0          0        412   new.cpp.o
        56         48          0          0          0         36   new_helpers.cpp.o
        30          0          0          0          0         40   verbose_abort.cpp.o
         4          0          0          0          0         36   abort_message.cpp.o
         0          0          0          0          4          0   cxa_default_handlers.cpp.o
        52          0        147          0          0         76   cxa_guard.cpp.o
        12          0          0          0          0        132   cxa_handlers.cpp.o
        40          0          0          0          0         68   fpclassify.o

    ----------------------------------------------------------------------
     12028        568        712         12        352       9280   Library Totals
        28          0          2          0          0          0   (incl. Padding)

    ----------------------------------------------------------------------

      Code (inc. data)   RO Data    RW Data    ZI Data      Debug   Library Name

     10280        488        563         12        348       7716   c_w.l
      1374         32          0          0          0        764   fz_ws.l
       238         48          0          0          0        488   libcpp_w.l
        68          0        147          0          4        244   libcppabi_w.l
        40          0          0          0          0         68   m_ws.l

    ----------------------------------------------------------------------
     12028        568        712         12        352       9280   Library Totals

    ----------------------------------------------------------------------

==============================================================================


      Code (inc. data)   RO Data    RW Data    ZI Data      Debug   

     40332        702       1228        156       6172     379111   Grand Totals
     40332        702       1228        156       6172     379111   ELF Image Totals
     40332        702       1228        156          0          0   ROM Totals

==============================================================================

    Total RO  Size (Code + RO Data)                41560 (  40.59kB)
    Total RW  Size (RW Data + ZI Data)              6328 (   6.18kB)
    Total ROM Size (Code + RO Data + RW Data)      41716 (  40.74kB)

==============================================================================

