<html>
<body>
<pre>
<h1>µVision Build Log</h1>
<h2>Tool Versions:</h2>
IDE-Version: ¦ÌVision V5.41.0.0
Copyright (C) 2024 ARM Ltd and ARM Germany GmbH. All rights reserved.
License Information: qq 1354075164, q, LIC=FYKYW-QC21Q-BSEYX-HP482-H7EG9-BWRG6
 
Tool Versions:
Toolchain:       MDK-ARM Plus  Version: 5.41.0.0
Toolchain Path:  D:\Keil_v5\ARM\ARMCC\Bin
C Compiler:      Armcc.exe V5.06 update 7 (build 960)
Assembler:       Armasm.exe V5.06 update 7 (build 960)
Linker/Locator:  ArmLink.exe V5.06 update 7 (build 960)
Library Manager: ArmAr.exe V5.06 update 7 (build 960)
Hex Converter:   FromElf.exe V5.06 update 7 (build 960)
CPU DLL:         SARMCM3.DLL V5.41.0.0
Dialog DLL:      DARMCM1.DLL V1.19.6.0
Target DLL:      UL2CM3.DLL V1.164.14.0
Dialog DLL:      TARMCM1.DLL V1.14.6.0
 
<h2>Project:</h2>
C:\Users\1354075164\Desktop\ycbsq2\HK32F04AxxxxA_SDK_2025-02-25_V1.0.4\Projects\Board_HK32F0xxA_EVAL_Examples\ADC\ADC_DMA\MDK-ARM\HK32F0xxA_Demo.uvprojx
Project File Date:  12/20/2025

<h2>Output:</h2>
*** Using Compiler 'V5.06 update 7 (build 960)', folder: 'D:\Keil_v5\ARM\ARMCC\Bin'
Build target 'HK32F04AxxA'
assembling startup_hk32f04axxa.s...
compiling hk32f0xxa_dbgmcu.c...
compiling hk32f0xxa_comp.c...
compiling hk32f0xxa_dma.c...
compiling hk32f0xxa_crc.c...
compiling hk32f0xxa_divsqrt.c...
compiling system_hk32f0xxa.c...
compiling hk32f0xxa_clu.c...
compiling hk32f0xxa_aes.c...
compiling hk32f0xxa_it.c...
compiling main.c...
compiling hk32f0xxa_adc.c...
compiling hk32f0xxa_can.c...
compiling hk32f0xxa_exti.c...
compiling hk32f0xxa_gpio.c...
compiling hk32f0xxa_emacc.c...
compiling hk32f0xxa_iwdg.c...
compiling hk32f0xxa_misc.c...
compiling hk32f0xxa_i2c.c...
compiling hk32f0xxa_lpuart.c...
compiling hk32f0xxa_hash.c...
compiling hk32f0xxa_flash.c...
compiling hk32f0xxa_pwr.c...
compiling hk32f0xxa_rtc.c...
compiling hk32f0xxa_rcc.c...
compiling hk32f0xxa_wwdg.c...
compiling hk32f0xxa_trng.c...
compiling hk32f0xxa_syscfg.c...
compiling hk32f0xxa_usart.c...
compiling hk32f0xxa_spi.c...
compiling hk32f0xxa_eval_i2c_tsensor.c...
compiling hk32f0xxa_eval.c...
compiling hk32f0xxa_eval_i2c_ee.c...
compiling hk32f0xxa_eval_spi_sd.c...
compiling hk32f0xxa_tim.c...
linking...
Program Size: Code=5928 RO-data=348 RW-data=88 ZI-data=1024  
FromELF: creating hex file...
".\Objects\HK32F0xxA_Demo.axf" - 0 Error(s), 0 Warning(s).

<h2>Software Packages used:</h2>

Package Vendor: HKMicroChip
                http://www.hsxp-hk.com/companyfile/2/HKMicroChip.HK32F0xx_DFP.1.1.1.pack
                HKMicroChip::HK32F0xx_DFP@1.1.1
                HKMicroChip HK32F0 ARM Cortex-M0 Device Family Pack Device Support

<h2>Collection of Component include folders:</h2>

<h2>Collection of Component Files used:</h2>
Build Time Elapsed:  00:00:09
</pre>
</body>
</html>
