<!doctype html public "-//w3c//dtd html 4.0 transitional//en">
<html><head>
<title>Static Call Graph - [.\Objects\HK32F0xxA_Demo.axf]</title></head>
<body><HR>
<H1>Static Call Graph for image .\Objects\HK32F0xxA_Demo.axf</H1><HR>
<BR><P>#&#060CALLGRAPH&#062# ARM Linker, 6220000: Last Updated: Tue Dec  9 08:41:52 2025
<BR><P>
<H3>Maximum Stack Usage =        132 bytes + Unknown(Cycles, Untraceable Function Pointers)</H3><H3>
Call chain for Maximum Stack Depth:</H3>
main &rArr; HK_EVAL_PBInit &rArr; GPIO_Init
<P>
<H3>
Mutually Recursive functions
</H3> <LI><a href="#[12]">ADC_COMP_IRQHandler</a>&nbsp;&nbsp;&nbsp;&rArr;&nbsp;&nbsp;&nbsp;<a href="#[12]">ADC_COMP_IRQHandler</a><BR>
 <LI><a href="#[2]">HardFault_Handler</a>&nbsp;&nbsp;&nbsp;&rArr;&nbsp;&nbsp;&nbsp;<a href="#[2]">HardFault_Handler</a><BR>
</UL>
<P>
<H3>
Function Pointers
</H3><UL>
 <LI><a href="#[12]">ADC_COMP_IRQHandler</a> from startup_hk32f04axxa.o(.text) referenced from startup_hk32f04axxa.o(RESET)
 <LI><a href="#[23]">AES_TRNG_HASH_EAACC_IRQHandler</a> from startup_hk32f04axxa.o(.text) referenced from startup_hk32f04axxa.o(RESET)
 <LI><a href="#[24]">CAN_IRQHandler</a> from hk32f0xxa_it.o(.text.CAN_IRQHandler) referenced from startup_hk32f04axxa.o(RESET)
 <LI><a href="#[f]">DMA1_Channel1_IRQHandler</a> from startup_hk32f04axxa.o(.text) referenced from startup_hk32f04axxa.o(RESET)
 <LI><a href="#[10]">DMA1_Channel2_3_IRQHandler</a> from startup_hk32f04axxa.o(.text) referenced from startup_hk32f04axxa.o(RESET)
 <LI><a href="#[11]">DMA1_Channel4_7_IRQHandler</a> from startup_hk32f04axxa.o(.text) referenced from startup_hk32f04axxa.o(RESET)
 <LI><a href="#[25]">DVSQ_IRQHandler</a> from startup_hk32f04axxa.o(.text) referenced from startup_hk32f04axxa.o(RESET)
 <LI><a href="#[b]">EXTI0_1_IRQHandler</a> from hk32f0xxa_it.o(.text.EXTI0_1_IRQHandler) referenced from startup_hk32f04axxa.o(RESET)
 <LI><a href="#[c]">EXTI2_3_IRQHandler</a> from startup_hk32f04axxa.o(.text) referenced from startup_hk32f04axxa.o(RESET)
 <LI><a href="#[d]">EXTI4_15_IRQHandler</a> from hk32f0xxa_it.o(.text.EXTI4_15_IRQHandler) referenced from startup_hk32f04axxa.o(RESET)
 <LI><a href="#[9]">FLASH_IRQHandler</a> from startup_hk32f04axxa.o(.text) referenced from startup_hk32f04axxa.o(RESET)
 <LI><a href="#[2]">HardFault_Handler</a> from hk32f0xxa_it.o(.text.HardFault_Handler) referenced from startup_hk32f04axxa.o(RESET)
 <LI><a href="#[1d]">I2C1_IRQHandler</a> from startup_hk32f04axxa.o(.text) referenced from startup_hk32f04axxa.o(RESET)
 <LI><a href="#[1e]">I2C2_IRQHandler</a> from startup_hk32f04axxa.o(.text) referenced from startup_hk32f04axxa.o(RESET)
 <LI><a href="#[18]">LPTIM_IRQHandler</a> from startup_hk32f04axxa.o(.text) referenced from startup_hk32f04axxa.o(RESET)
 <LI><a href="#[e]">LPUART1_IRQHandler</a> from startup_hk32f04axxa.o(.text) referenced from startup_hk32f04axxa.o(RESET)
 <LI><a href="#[1]">NMI_Handler</a> from hk32f0xxa_it.o(.text.NMI_Handler) referenced from startup_hk32f04axxa.o(RESET)
 <LI><a href="#[7]">PVD_IRQHandler</a> from startup_hk32f04axxa.o(.text) referenced from startup_hk32f04axxa.o(RESET)
 <LI><a href="#[4]">PendSV_Handler</a> from hk32f0xxa_it.o(.text.PendSV_Handler) referenced from startup_hk32f04axxa.o(RESET)
 <LI><a href="#[a]">RCC_IRQHandler</a> from startup_hk32f04axxa.o(.text) referenced from startup_hk32f04axxa.o(RESET)
 <LI><a href="#[8]">RTC_IRQHandler</a> from startup_hk32f04axxa.o(.text) referenced from startup_hk32f04axxa.o(RESET)
 <LI><a href="#[0]">Reset_Handler</a> from startup_hk32f04axxa.o(.text) referenced from startup_hk32f04axxa.o(RESET)
 <LI><a href="#[1f]">SPI1_IRQHandler</a> from startup_hk32f04axxa.o(.text) referenced from startup_hk32f04axxa.o(RESET)
 <LI><a href="#[20]">SPI2_IRQHandler</a> from startup_hk32f04axxa.o(.text) referenced from startup_hk32f04axxa.o(RESET)
 <LI><a href="#[3]">SVC_Handler</a> from hk32f0xxa_it.o(.text.SVC_Handler) referenced from startup_hk32f04axxa.o(RESET)
 <LI><a href="#[5]">SysTick_Handler</a> from hk32f0xxa_it.o(.text.SysTick_Handler) referenced from startup_hk32f04axxa.o(RESET)
 <LI><a href="#[27]">SystemInit</a> from system_hk32f0xxa.o(.text.SystemInit) referenced from startup_hk32f04axxa.o(.text)
 <LI><a href="#[19]">TIM14_IRQHandler</a> from startup_hk32f04axxa.o(.text) referenced from startup_hk32f04axxa.o(RESET)
 <LI><a href="#[1a]">TIM15_IRQHandler</a> from startup_hk32f04axxa.o(.text) referenced from startup_hk32f04axxa.o(RESET)
 <LI><a href="#[1b]">TIM16_IRQHandler</a> from startup_hk32f04axxa.o(.text) referenced from startup_hk32f04axxa.o(RESET)
 <LI><a href="#[1c]">TIM17_IRQHandler</a> from startup_hk32f04axxa.o(.text) referenced from startup_hk32f04axxa.o(RESET)
 <LI><a href="#[13]">TIM1_BRK_UP_TRG_COM_IRQHandler</a> from startup_hk32f04axxa.o(.text) referenced from startup_hk32f04axxa.o(RESET)
 <LI><a href="#[14]">TIM1_CC_IRQHandler</a> from startup_hk32f04axxa.o(.text) referenced from startup_hk32f04axxa.o(RESET)
 <LI><a href="#[15]">TIM2_IRQHandler</a> from startup_hk32f04axxa.o(.text) referenced from startup_hk32f04axxa.o(RESET)
 <LI><a href="#[16]">TIM3_IRQHandler</a> from startup_hk32f04axxa.o(.text) referenced from startup_hk32f04axxa.o(RESET)
 <LI><a href="#[17]">TIM6_IRQHandler</a> from startup_hk32f04axxa.o(.text) referenced from startup_hk32f04axxa.o(RESET)
 <LI><a href="#[21]">USART1_IRQHandler</a> from startup_hk32f04axxa.o(.text) referenced from startup_hk32f04axxa.o(RESET)
 <LI><a href="#[22]">USART2_IRQHandler</a> from startup_hk32f04axxa.o(.text) referenced from startup_hk32f04axxa.o(RESET)
 <LI><a href="#[6]">WWDG_IRQHandler</a> from startup_hk32f04axxa.o(.text) referenced from startup_hk32f04axxa.o(RESET)
 <LI><a href="#[28]">__main</a> from entry.o(.ARM.Collect$$$$00000000) referenced from startup_hk32f04axxa.o(.text)
 <LI><a href="#[26]">main</a> from main.o(.text.main) referenced from entry9a.o(.ARM.Collect$$$$0000000B)
</UL>
<P>
<H3>
Global Symbols
</H3>
<P><STRONG><a name="[28]"></a>__main</STRONG> (Thumb, 0 bytes, Stack size unknown bytes, entry.o(.ARM.Collect$$$$00000000))
<BR>[Address Reference Count : 1]<UL><LI> startup_hk32f04axxa.o(.text)
</UL>
<P><STRONG><a name="[44]"></a>_main_stk</STRONG> (Thumb, 0 bytes, Stack size unknown bytes, entry2.o(.ARM.Collect$$$$00000001))

<P><STRONG><a name="[29]"></a>_main_scatterload</STRONG> (Thumb, 0 bytes, Stack size unknown bytes, entry5.o(.ARM.Collect$$$$00000004))
<BR><BR>[Calls]<UL><LI><a href="#[2a]">&gt;&gt;</a>&nbsp;&nbsp;&nbsp;__scatterload
</UL>

<P><STRONG><a name="[2b]"></a>__main_after_scatterload</STRONG> (Thumb, 0 bytes, Stack size unknown bytes, entry5.o(.ARM.Collect$$$$00000004))
<BR><BR>[Called By]<UL><LI><a href="#[2a]">&gt;&gt;</a>&nbsp;&nbsp;&nbsp;__scatterload
</UL>

<P><STRONG><a name="[45]"></a>_main_clock</STRONG> (Thumb, 0 bytes, Stack size unknown bytes, entry7b.o(.ARM.Collect$$$$00000008))

<P><STRONG><a name="[46]"></a>_main_cpp_init</STRONG> (Thumb, 0 bytes, Stack size unknown bytes, entry8b.o(.ARM.Collect$$$$0000000A))

<P><STRONG><a name="[47]"></a>_main_init</STRONG> (Thumb, 0 bytes, Stack size unknown bytes, entry9a.o(.ARM.Collect$$$$0000000B))

<P><STRONG><a name="[48]"></a>__rt_final_cpp</STRONG> (Thumb, 0 bytes, Stack size unknown bytes, entry10a.o(.ARM.Collect$$$$0000000D))

<P><STRONG><a name="[49]"></a>__rt_final_exit</STRONG> (Thumb, 0 bytes, Stack size unknown bytes, entry11a.o(.ARM.Collect$$$$0000000F))

<P><STRONG><a name="[0]"></a>Reset_Handler</STRONG> (Thumb, 8 bytes, Stack size 0 bytes, startup_hk32f04axxa.o(.text))
<BR>[Address Reference Count : 1]<UL><LI> startup_hk32f04axxa.o(RESET)
</UL>
<P><STRONG><a name="[12]"></a>ADC_COMP_IRQHandler</STRONG> (Thumb, 0 bytes, Stack size 0 bytes, startup_hk32f04axxa.o(.text))
<BR><BR>[Calls]<UL><LI><a href="#[12]">&gt;&gt;</a>&nbsp;&nbsp;&nbsp;ADC_COMP_IRQHandler
</UL>
<BR>[Called By]<UL><LI><a href="#[12]">&gt;&gt;</a>&nbsp;&nbsp;&nbsp;ADC_COMP_IRQHandler
</UL>
<BR>[Address Reference Count : 1]<UL><LI> startup_hk32f04axxa.o(RESET)
</UL>
<P><STRONG><a name="[23]"></a>AES_TRNG_HASH_EAACC_IRQHandler</STRONG> (Thumb, 0 bytes, Stack size 0 bytes, startup_hk32f04axxa.o(.text))
<BR>[Address Reference Count : 1]<UL><LI> startup_hk32f04axxa.o(RESET)
</UL>
<P><STRONG><a name="[f]"></a>DMA1_Channel1_IRQHandler</STRONG> (Thumb, 0 bytes, Stack size 0 bytes, startup_hk32f04axxa.o(.text))
<BR>[Address Reference Count : 1]<UL><LI> startup_hk32f04axxa.o(RESET)
</UL>
<P><STRONG><a name="[10]"></a>DMA1_Channel2_3_IRQHandler</STRONG> (Thumb, 0 bytes, Stack size 0 bytes, startup_hk32f04axxa.o(.text))
<BR>[Address Reference Count : 1]<UL><LI> startup_hk32f04axxa.o(RESET)
</UL>
<P><STRONG><a name="[11]"></a>DMA1_Channel4_7_IRQHandler</STRONG> (Thumb, 0 bytes, Stack size 0 bytes, startup_hk32f04axxa.o(.text))
<BR>[Address Reference Count : 1]<UL><LI> startup_hk32f04axxa.o(RESET)
</UL>
<P><STRONG><a name="[25]"></a>DVSQ_IRQHandler</STRONG> (Thumb, 0 bytes, Stack size 0 bytes, startup_hk32f04axxa.o(.text))
<BR>[Address Reference Count : 1]<UL><LI> startup_hk32f04axxa.o(RESET)
</UL>
<P><STRONG><a name="[c]"></a>EXTI2_3_IRQHandler</STRONG> (Thumb, 0 bytes, Stack size 0 bytes, startup_hk32f04axxa.o(.text))
<BR>[Address Reference Count : 1]<UL><LI> startup_hk32f04axxa.o(RESET)
</UL>
<P><STRONG><a name="[9]"></a>FLASH_IRQHandler</STRONG> (Thumb, 0 bytes, Stack size 0 bytes, startup_hk32f04axxa.o(.text))
<BR>[Address Reference Count : 1]<UL><LI> startup_hk32f04axxa.o(RESET)
</UL>
<P><STRONG><a name="[1d]"></a>I2C1_IRQHandler</STRONG> (Thumb, 0 bytes, Stack size 0 bytes, startup_hk32f04axxa.o(.text))
<BR>[Address Reference Count : 1]<UL><LI> startup_hk32f04axxa.o(RESET)
</UL>
<P><STRONG><a name="[1e]"></a>I2C2_IRQHandler</STRONG> (Thumb, 0 bytes, Stack size 0 bytes, startup_hk32f04axxa.o(.text))
<BR>[Address Reference Count : 1]<UL><LI> startup_hk32f04axxa.o(RESET)
</UL>
<P><STRONG><a name="[18]"></a>LPTIM_IRQHandler</STRONG> (Thumb, 0 bytes, Stack size 0 bytes, startup_hk32f04axxa.o(.text))
<BR>[Address Reference Count : 1]<UL><LI> startup_hk32f04axxa.o(RESET)
</UL>
<P><STRONG><a name="[e]"></a>LPUART1_IRQHandler</STRONG> (Thumb, 0 bytes, Stack size 0 bytes, startup_hk32f04axxa.o(.text))
<BR>[Address Reference Count : 1]<UL><LI> startup_hk32f04axxa.o(RESET)
</UL>
<P><STRONG><a name="[7]"></a>PVD_IRQHandler</STRONG> (Thumb, 0 bytes, Stack size 0 bytes, startup_hk32f04axxa.o(.text))
<BR>[Address Reference Count : 1]<UL><LI> startup_hk32f04axxa.o(RESET)
</UL>
<P><STRONG><a name="[a]"></a>RCC_IRQHandler</STRONG> (Thumb, 0 bytes, Stack size 0 bytes, startup_hk32f04axxa.o(.text))
<BR>[Address Reference Count : 1]<UL><LI> startup_hk32f04axxa.o(RESET)
</UL>
<P><STRONG><a name="[8]"></a>RTC_IRQHandler</STRONG> (Thumb, 0 bytes, Stack size 0 bytes, startup_hk32f04axxa.o(.text))
<BR>[Address Reference Count : 1]<UL><LI> startup_hk32f04axxa.o(RESET)
</UL>
<P><STRONG><a name="[1f]"></a>SPI1_IRQHandler</STRONG> (Thumb, 0 bytes, Stack size 0 bytes, startup_hk32f04axxa.o(.text))
<BR>[Address Reference Count : 1]<UL><LI> startup_hk32f04axxa.o(RESET)
</UL>
<P><STRONG><a name="[20]"></a>SPI2_IRQHandler</STRONG> (Thumb, 0 bytes, Stack size 0 bytes, startup_hk32f04axxa.o(.text))
<BR>[Address Reference Count : 1]<UL><LI> startup_hk32f04axxa.o(RESET)
</UL>
<P><STRONG><a name="[19]"></a>TIM14_IRQHandler</STRONG> (Thumb, 0 bytes, Stack size 0 bytes, startup_hk32f04axxa.o(.text))
<BR>[Address Reference Count : 1]<UL><LI> startup_hk32f04axxa.o(RESET)
</UL>
<P><STRONG><a name="[1a]"></a>TIM15_IRQHandler</STRONG> (Thumb, 0 bytes, Stack size 0 bytes, startup_hk32f04axxa.o(.text))
<BR>[Address Reference Count : 1]<UL><LI> startup_hk32f04axxa.o(RESET)
</UL>
<P><STRONG><a name="[1b]"></a>TIM16_IRQHandler</STRONG> (Thumb, 0 bytes, Stack size 0 bytes, startup_hk32f04axxa.o(.text))
<BR>[Address Reference Count : 1]<UL><LI> startup_hk32f04axxa.o(RESET)
</UL>
<P><STRONG><a name="[1c]"></a>TIM17_IRQHandler</STRONG> (Thumb, 0 bytes, Stack size 0 bytes, startup_hk32f04axxa.o(.text))
<BR>[Address Reference Count : 1]<UL><LI> startup_hk32f04axxa.o(RESET)
</UL>
<P><STRONG><a name="[13]"></a>TIM1_BRK_UP_TRG_COM_IRQHandler</STRONG> (Thumb, 0 bytes, Stack size 0 bytes, startup_hk32f04axxa.o(.text))
<BR>[Address Reference Count : 1]<UL><LI> startup_hk32f04axxa.o(RESET)
</UL>
<P><STRONG><a name="[14]"></a>TIM1_CC_IRQHandler</STRONG> (Thumb, 0 bytes, Stack size 0 bytes, startup_hk32f04axxa.o(.text))
<BR>[Address Reference Count : 1]<UL><LI> startup_hk32f04axxa.o(RESET)
</UL>
<P><STRONG><a name="[15]"></a>TIM2_IRQHandler</STRONG> (Thumb, 0 bytes, Stack size 0 bytes, startup_hk32f04axxa.o(.text))
<BR>[Address Reference Count : 1]<UL><LI> startup_hk32f04axxa.o(RESET)
</UL>
<P><STRONG><a name="[16]"></a>TIM3_IRQHandler</STRONG> (Thumb, 0 bytes, Stack size 0 bytes, startup_hk32f04axxa.o(.text))
<BR>[Address Reference Count : 1]<UL><LI> startup_hk32f04axxa.o(RESET)
</UL>
<P><STRONG><a name="[17]"></a>TIM6_IRQHandler</STRONG> (Thumb, 0 bytes, Stack size 0 bytes, startup_hk32f04axxa.o(.text))
<BR>[Address Reference Count : 1]<UL><LI> startup_hk32f04axxa.o(RESET)
</UL>
<P><STRONG><a name="[21]"></a>USART1_IRQHandler</STRONG> (Thumb, 0 bytes, Stack size 0 bytes, startup_hk32f04axxa.o(.text))
<BR>[Address Reference Count : 1]<UL><LI> startup_hk32f04axxa.o(RESET)
</UL>
<P><STRONG><a name="[22]"></a>USART2_IRQHandler</STRONG> (Thumb, 0 bytes, Stack size 0 bytes, startup_hk32f04axxa.o(.text))
<BR>[Address Reference Count : 1]<UL><LI> startup_hk32f04axxa.o(RESET)
</UL>
<P><STRONG><a name="[6]"></a>WWDG_IRQHandler</STRONG> (Thumb, 0 bytes, Stack size 0 bytes, startup_hk32f04axxa.o(.text))
<BR>[Address Reference Count : 1]<UL><LI> startup_hk32f04axxa.o(RESET)
</UL>
<P><STRONG><a name="[2a]"></a>__scatterload</STRONG> (Thumb, 38 bytes, Stack size 0 bytes, init.o(.text))
<BR><BR>[Calls]<UL><LI><a href="#[2b]">&gt;&gt;</a>&nbsp;&nbsp;&nbsp;__main_after_scatterload
</UL>
<BR>[Called By]<UL><LI><a href="#[29]">&gt;&gt;</a>&nbsp;&nbsp;&nbsp;_main_scatterload
</UL>

<P><STRONG><a name="[4a]"></a>__scatterload_rt2</STRONG> (Thumb, 0 bytes, Stack size 0 bytes, init.o(.text), UNUSED)

<P><STRONG><a name="[2f]"></a>CAN_ClearITPendingBit</STRONG> (Thumb, 184 bytes, Stack size 0 bytes, hk32f0xxa_can.o(.text.CAN_ClearITPendingBit))
<BR><BR>[Called By]<UL><LI><a href="#[24]">&gt;&gt;</a>&nbsp;&nbsp;&nbsp;CAN_IRQHandler
</UL>

<P><STRONG><a name="[2c]"></a>CAN_DeInit</STRONG> (Thumb, 22 bytes, Stack size 8 bytes, hk32f0xxa_can.o(.text.CAN_DeInit))
<BR><BR>[Stack]<UL><LI>Max Depth = 8<LI>Call Chain = CAN_DeInit
</UL>
<BR>[Calls]<UL><LI><a href="#[2d]">&gt;&gt;</a>&nbsp;&nbsp;&nbsp;RCC_APB1PeriphResetCmd
</UL>
<BR>[Called By]<UL><LI><a href="#[26]">&gt;&gt;</a>&nbsp;&nbsp;&nbsp;main
</UL>

<P><STRONG><a name="[41]"></a>CAN_FilterInit</STRONG> (Thumb, 164 bytes, Stack size 24 bytes, hk32f0xxa_can.o(.text.CAN_FilterInit))
<BR><BR>[Stack]<UL><LI>Max Depth = 24<LI>Call Chain = CAN_FilterInit
</UL>
<BR>[Called By]<UL><LI><a href="#[26]">&gt;&gt;</a>&nbsp;&nbsp;&nbsp;main
</UL>

<P><STRONG><a name="[2e]"></a>CAN_GetITStatus</STRONG> (Thumb, 260 bytes, Stack size 8 bytes, hk32f0xxa_can.o(.text.CAN_GetITStatus))
<BR><BR>[Stack]<UL><LI>Max Depth = 8<LI>Call Chain = CAN_GetITStatus
</UL>
<BR>[Called By]<UL><LI><a href="#[24]">&gt;&gt;</a>&nbsp;&nbsp;&nbsp;CAN_IRQHandler
</UL>

<P><STRONG><a name="[24]"></a>CAN_IRQHandler</STRONG> (Thumb, 64 bytes, Stack size 8 bytes, hk32f0xxa_it.o(.text.CAN_IRQHandler))
<BR><BR>[Stack]<UL><LI>Max Depth = 24<LI>Call Chain = CAN_IRQHandler &rArr; CAN_Receive
</UL>
<BR>[Calls]<UL><LI><a href="#[31]">&gt;&gt;</a>&nbsp;&nbsp;&nbsp;LED_Display
<LI><a href="#[30]">&gt;&gt;</a>&nbsp;&nbsp;&nbsp;CAN_Receive
<LI><a href="#[2f]">&gt;&gt;</a>&nbsp;&nbsp;&nbsp;CAN_ClearITPendingBit
<LI><a href="#[2e]">&gt;&gt;</a>&nbsp;&nbsp;&nbsp;CAN_GetITStatus
</UL>
<BR>[Address Reference Count : 1]<UL><LI> startup_hk32f04axxa.o(RESET)
</UL>
<P><STRONG><a name="[42]"></a>CAN_ITConfig</STRONG> (Thumb, 24 bytes, Stack size 0 bytes, hk32f0xxa_can.o(.text.CAN_ITConfig))
<BR><BR>[Called By]<UL><LI><a href="#[26]">&gt;&gt;</a>&nbsp;&nbsp;&nbsp;main
</UL>

<P><STRONG><a name="[40]"></a>CAN_Init</STRONG> (Thumb, 232 bytes, Stack size 20 bytes, hk32f0xxa_can.o(.text.CAN_Init))
<BR><BR>[Stack]<UL><LI>Max Depth = 20<LI>Call Chain = CAN_Init
</UL>
<BR>[Called By]<UL><LI><a href="#[26]">&gt;&gt;</a>&nbsp;&nbsp;&nbsp;main
</UL>

<P><STRONG><a name="[30]"></a>CAN_Receive</STRONG> (Thumb, 212 bytes, Stack size 16 bytes, hk32f0xxa_can.o(.text.CAN_Receive))
<BR><BR>[Stack]<UL><LI>Max Depth = 16<LI>Call Chain = CAN_Receive
</UL>
<BR>[Called By]<UL><LI><a href="#[24]">&gt;&gt;</a>&nbsp;&nbsp;&nbsp;CAN_IRQHandler
</UL>

<P><STRONG><a name="[3f]"></a>CAN_StructInit</STRONG> (Thumb, 20 bytes, Stack size 0 bytes, hk32f0xxa_can.o(.text.CAN_StructInit))
<BR><BR>[Called By]<UL><LI><a href="#[26]">&gt;&gt;</a>&nbsp;&nbsp;&nbsp;main
</UL>

<P><STRONG><a name="[43]"></a>CAN_Transmit</STRONG> (Thumb, 180 bytes, Stack size 16 bytes, hk32f0xxa_can.o(.text.CAN_Transmit))
<BR><BR>[Stack]<UL><LI>Max Depth = 16<LI>Call Chain = CAN_Transmit
</UL>
<BR>[Called By]<UL><LI><a href="#[26]">&gt;&gt;</a>&nbsp;&nbsp;&nbsp;main
</UL>

<P><STRONG><a name="[b]"></a>EXTI0_1_IRQHandler</STRONG> (Thumb, 2 bytes, Stack size 0 bytes, hk32f0xxa_it.o(.text.EXTI0_1_IRQHandler))
<BR>[Address Reference Count : 1]<UL><LI> startup_hk32f04axxa.o(RESET)
</UL>
<P><STRONG><a name="[d]"></a>EXTI4_15_IRQHandler</STRONG> (Thumb, 16 bytes, Stack size 8 bytes, hk32f0xxa_it.o(.text.EXTI4_15_IRQHandler))
<BR><BR>[Stack]<UL><LI>Max Depth = 8<LI>Call Chain = EXTI4_15_IRQHandler
</UL>
<BR>[Calls]<UL><LI><a href="#[32]">&gt;&gt;</a>&nbsp;&nbsp;&nbsp;EXTI_ClearITPendingBit
</UL>
<BR>[Address Reference Count : 1]<UL><LI> startup_hk32f04axxa.o(RESET)
</UL>
<P><STRONG><a name="[32]"></a>EXTI_ClearITPendingBit</STRONG> (Thumb, 8 bytes, Stack size 0 bytes, hk32f0xxa_exti.o(.text.EXTI_ClearITPendingBit))
<BR><BR>[Called By]<UL><LI><a href="#[d]">&gt;&gt;</a>&nbsp;&nbsp;&nbsp;EXTI4_15_IRQHandler
</UL>

<P><STRONG><a name="[39]"></a>EXTI_Init</STRONG> (Thumb, 92 bytes, Stack size 8 bytes, hk32f0xxa_exti.o(.text.EXTI_Init))
<BR><BR>[Stack]<UL><LI>Max Depth = 8<LI>Call Chain = EXTI_Init
</UL>
<BR>[Called By]<UL><LI><a href="#[36]">&gt;&gt;</a>&nbsp;&nbsp;&nbsp;HK_EVAL_PBInit
</UL>

<P><STRONG><a name="[35]"></a>GPIO_Init</STRONG> (Thumb, 170 bytes, Stack size 28 bytes, hk32f0xxa_gpio.o(.text.GPIO_Init))
<BR><BR>[Stack]<UL><LI>Max Depth = 28<LI>Call Chain = GPIO_Init
</UL>
<BR>[Called By]<UL><LI><a href="#[36]">&gt;&gt;</a>&nbsp;&nbsp;&nbsp;HK_EVAL_PBInit
<LI><a href="#[33]">&gt;&gt;</a>&nbsp;&nbsp;&nbsp;HK_EVAL_LEDInit
<LI><a href="#[26]">&gt;&gt;</a>&nbsp;&nbsp;&nbsp;main
</UL>

<P><STRONG><a name="[3d]"></a>GPIO_PinAFConfig</STRONG> (Thumb, 40 bytes, Stack size 16 bytes, hk32f0xxa_gpio.o(.text.GPIO_PinAFConfig))
<BR><BR>[Stack]<UL><LI>Max Depth = 16<LI>Call Chain = GPIO_PinAFConfig
</UL>
<BR>[Called By]<UL><LI><a href="#[26]">&gt;&gt;</a>&nbsp;&nbsp;&nbsp;main
</UL>

<P><STRONG><a name="[33]"></a>HK_EVAL_LEDInit</STRONG> (Thumb, 48 bytes, Stack size 32 bytes, hk32f0xxa_eval.o(.text.HK_EVAL_LEDInit))
<BR><BR>[Stack]<UL><LI>Max Depth = 60<LI>Call Chain = HK_EVAL_LEDInit &rArr; GPIO_Init
</UL>
<BR>[Calls]<UL><LI><a href="#[35]">&gt;&gt;</a>&nbsp;&nbsp;&nbsp;GPIO_Init
<LI><a href="#[34]">&gt;&gt;</a>&nbsp;&nbsp;&nbsp;RCC_AHBPeriphClockCmd
</UL>
<BR>[Called By]<UL><LI><a href="#[26]">&gt;&gt;</a>&nbsp;&nbsp;&nbsp;main
</UL>

<P><STRONG><a name="[3b]"></a>HK_EVAL_LEDOff</STRONG> (Thumb, 16 bytes, Stack size 0 bytes, hk32f0xxa_eval.o(.text.HK_EVAL_LEDOff))
<BR><BR>[Called By]<UL><LI><a href="#[31]">&gt;&gt;</a>&nbsp;&nbsp;&nbsp;LED_Display
</UL>

<P><STRONG><a name="[3c]"></a>HK_EVAL_LEDOn</STRONG> (Thumb, 16 bytes, Stack size 0 bytes, hk32f0xxa_eval.o(.text.HK_EVAL_LEDOn))
<BR><BR>[Called By]<UL><LI><a href="#[26]">&gt;&gt;</a>&nbsp;&nbsp;&nbsp;main
<LI><a href="#[31]">&gt;&gt;</a>&nbsp;&nbsp;&nbsp;LED_Display
</UL>

<P><STRONG><a name="[36]"></a>HK_EVAL_PBInit</STRONG> (Thumb, 128 bytes, Stack size 56 bytes, hk32f0xxa_eval.o(.text.HK_EVAL_PBInit))
<BR><BR>[Stack]<UL><LI>Max Depth = 84<LI>Call Chain = HK_EVAL_PBInit &rArr; GPIO_Init
</UL>
<BR>[Calls]<UL><LI><a href="#[39]">&gt;&gt;</a>&nbsp;&nbsp;&nbsp;EXTI_Init
<LI><a href="#[3a]">&gt;&gt;</a>&nbsp;&nbsp;&nbsp;NVIC_Init
<LI><a href="#[35]">&gt;&gt;</a>&nbsp;&nbsp;&nbsp;GPIO_Init
<LI><a href="#[34]">&gt;&gt;</a>&nbsp;&nbsp;&nbsp;RCC_AHBPeriphClockCmd
<LI><a href="#[38]">&gt;&gt;</a>&nbsp;&nbsp;&nbsp;SYSCFG_EXTILineConfig
<LI><a href="#[37]">&gt;&gt;</a>&nbsp;&nbsp;&nbsp;RCC_APB2PeriphClockCmd
</UL>
<BR>[Called By]<UL><LI><a href="#[26]">&gt;&gt;</a>&nbsp;&nbsp;&nbsp;main
</UL>

<P><STRONG><a name="[2]"></a>HardFault_Handler</STRONG> (Thumb, 2 bytes, Stack size 0 bytes, hk32f0xxa_it.o(.text.HardFault_Handler))
<BR><BR>[Calls]<UL><LI><a href="#[2]">&gt;&gt;</a>&nbsp;&nbsp;&nbsp;HardFault_Handler
</UL>
<BR>[Called By]<UL><LI><a href="#[2]">&gt;&gt;</a>&nbsp;&nbsp;&nbsp;HardFault_Handler
</UL>
<BR>[Address Reference Count : 1]<UL><LI> startup_hk32f04axxa.o(RESET)
</UL>
<P><STRONG><a name="[31]"></a>LED_Display</STRONG> (Thumb, 52 bytes, Stack size 8 bytes, main.o(.text.LED_Display))
<BR><BR>[Stack]<UL><LI>Max Depth = 8<LI>Call Chain = LED_Display
</UL>
<BR>[Calls]<UL><LI><a href="#[3b]">&gt;&gt;</a>&nbsp;&nbsp;&nbsp;HK_EVAL_LEDOff
<LI><a href="#[3c]">&gt;&gt;</a>&nbsp;&nbsp;&nbsp;HK_EVAL_LEDOn
</UL>
<BR>[Called By]<UL><LI><a href="#[26]">&gt;&gt;</a>&nbsp;&nbsp;&nbsp;main
<LI><a href="#[24]">&gt;&gt;</a>&nbsp;&nbsp;&nbsp;CAN_IRQHandler
</UL>

<P><STRONG><a name="[1]"></a>NMI_Handler</STRONG> (Thumb, 2 bytes, Stack size 0 bytes, hk32f0xxa_it.o(.text.NMI_Handler))
<BR>[Address Reference Count : 1]<UL><LI> startup_hk32f04axxa.o(RESET)
</UL>
<P><STRONG><a name="[3a]"></a>NVIC_Init</STRONG> (Thumb, 68 bytes, Stack size 16 bytes, hk32f0xxa_misc.o(.text.NVIC_Init))
<BR><BR>[Stack]<UL><LI>Max Depth = 16<LI>Call Chain = NVIC_Init
</UL>
<BR>[Called By]<UL><LI><a href="#[36]">&gt;&gt;</a>&nbsp;&nbsp;&nbsp;HK_EVAL_PBInit
<LI><a href="#[26]">&gt;&gt;</a>&nbsp;&nbsp;&nbsp;main
</UL>

<P><STRONG><a name="[4]"></a>PendSV_Handler</STRONG> (Thumb, 2 bytes, Stack size 0 bytes, hk32f0xxa_it.o(.text.PendSV_Handler))
<BR>[Address Reference Count : 1]<UL><LI> startup_hk32f04axxa.o(RESET)
</UL>
<P><STRONG><a name="[34]"></a>RCC_AHBPeriphClockCmd</STRONG> (Thumb, 24 bytes, Stack size 0 bytes, hk32f0xxa_rcc.o(.text.RCC_AHBPeriphClockCmd))
<BR><BR>[Called By]<UL><LI><a href="#[36]">&gt;&gt;</a>&nbsp;&nbsp;&nbsp;HK_EVAL_PBInit
<LI><a href="#[33]">&gt;&gt;</a>&nbsp;&nbsp;&nbsp;HK_EVAL_LEDInit
<LI><a href="#[26]">&gt;&gt;</a>&nbsp;&nbsp;&nbsp;main
</UL>

<P><STRONG><a name="[3e]"></a>RCC_APB1PeriphClockCmd</STRONG> (Thumb, 24 bytes, Stack size 0 bytes, hk32f0xxa_rcc.o(.text.RCC_APB1PeriphClockCmd))
<BR><BR>[Called By]<UL><LI><a href="#[26]">&gt;&gt;</a>&nbsp;&nbsp;&nbsp;main
</UL>

<P><STRONG><a name="[2d]"></a>RCC_APB1PeriphResetCmd</STRONG> (Thumb, 24 bytes, Stack size 0 bytes, hk32f0xxa_rcc.o(.text.RCC_APB1PeriphResetCmd))
<BR><BR>[Called By]<UL><LI><a href="#[2c]">&gt;&gt;</a>&nbsp;&nbsp;&nbsp;CAN_DeInit
</UL>

<P><STRONG><a name="[37]"></a>RCC_APB2PeriphClockCmd</STRONG> (Thumb, 24 bytes, Stack size 0 bytes, hk32f0xxa_rcc.o(.text.RCC_APB2PeriphClockCmd))
<BR><BR>[Called By]<UL><LI><a href="#[36]">&gt;&gt;</a>&nbsp;&nbsp;&nbsp;HK_EVAL_PBInit
</UL>

<P><STRONG><a name="[3]"></a>SVC_Handler</STRONG> (Thumb, 2 bytes, Stack size 0 bytes, hk32f0xxa_it.o(.text.SVC_Handler))
<BR>[Address Reference Count : 1]<UL><LI> startup_hk32f04axxa.o(RESET)
</UL>
<P><STRONG><a name="[38]"></a>SYSCFG_EXTILineConfig</STRONG> (Thumb, 100 bytes, Stack size 8 bytes, hk32f0xxa_syscfg.o(.text.SYSCFG_EXTILineConfig))
<BR><BR>[Stack]<UL><LI>Max Depth = 8<LI>Call Chain = SYSCFG_EXTILineConfig
</UL>
<BR>[Called By]<UL><LI><a href="#[36]">&gt;&gt;</a>&nbsp;&nbsp;&nbsp;HK_EVAL_PBInit
</UL>

<P><STRONG><a name="[5]"></a>SysTick_Handler</STRONG> (Thumb, 2 bytes, Stack size 0 bytes, hk32f0xxa_it.o(.text.SysTick_Handler))
<BR>[Address Reference Count : 1]<UL><LI> startup_hk32f04axxa.o(RESET)
</UL>
<P><STRONG><a name="[27]"></a>SystemInit</STRONG> (Thumb, 320 bytes, Stack size 36 bytes, system_hk32f0xxa.o(.text.SystemInit))
<BR><BR>[Stack]<UL><LI>Max Depth = 36<LI>Call Chain = SystemInit
</UL>
<BR>[Address Reference Count : 1]<UL><LI> startup_hk32f04axxa.o(.text)
</UL>
<P><STRONG><a name="[26]"></a>main</STRONG> (Thumb, 264 bytes, Stack size 48 bytes, main.o(.text.main))
<BR><BR>[Stack]<UL><LI>Max Depth = 132<LI>Call Chain = main &rArr; HK_EVAL_PBInit &rArr; GPIO_Init
</UL>
<BR>[Calls]<UL><LI><a href="#[43]">&gt;&gt;</a>&nbsp;&nbsp;&nbsp;CAN_Transmit
<LI><a href="#[42]">&gt;&gt;</a>&nbsp;&nbsp;&nbsp;CAN_ITConfig
<LI><a href="#[41]">&gt;&gt;</a>&nbsp;&nbsp;&nbsp;CAN_FilterInit
<LI><a href="#[40]">&gt;&gt;</a>&nbsp;&nbsp;&nbsp;CAN_Init
<LI><a href="#[3f]">&gt;&gt;</a>&nbsp;&nbsp;&nbsp;CAN_StructInit
<LI><a href="#[2c]">&gt;&gt;</a>&nbsp;&nbsp;&nbsp;CAN_DeInit
<LI><a href="#[3e]">&gt;&gt;</a>&nbsp;&nbsp;&nbsp;RCC_APB1PeriphClockCmd
<LI><a href="#[3a]">&gt;&gt;</a>&nbsp;&nbsp;&nbsp;NVIC_Init
<LI><a href="#[35]">&gt;&gt;</a>&nbsp;&nbsp;&nbsp;GPIO_Init
<LI><a href="#[3d]">&gt;&gt;</a>&nbsp;&nbsp;&nbsp;GPIO_PinAFConfig
<LI><a href="#[34]">&gt;&gt;</a>&nbsp;&nbsp;&nbsp;RCC_AHBPeriphClockCmd
<LI><a href="#[3c]">&gt;&gt;</a>&nbsp;&nbsp;&nbsp;HK_EVAL_LEDOn
<LI><a href="#[36]">&gt;&gt;</a>&nbsp;&nbsp;&nbsp;HK_EVAL_PBInit
<LI><a href="#[33]">&gt;&gt;</a>&nbsp;&nbsp;&nbsp;HK_EVAL_LEDInit
<LI><a href="#[31]">&gt;&gt;</a>&nbsp;&nbsp;&nbsp;LED_Display
</UL>
<BR>[Address Reference Count : 1]<UL><LI> entry9a.o(.ARM.Collect$$$$0000000B)
</UL>
<P><STRONG><a name="[4b]"></a>__scatterload_copy</STRONG> (Thumb, 14 bytes, Stack size unknown bytes, handlers.o(i.__scatterload_copy), UNUSED)

<P><STRONG><a name="[4c]"></a>__scatterload_null</STRONG> (Thumb, 2 bytes, Stack size unknown bytes, handlers.o(i.__scatterload_null), UNUSED)

<P><STRONG><a name="[4d]"></a>__scatterload_zeroinit</STRONG> (Thumb, 14 bytes, Stack size unknown bytes, handlers.o(i.__scatterload_zeroinit), UNUSED)
<P>
<H3>
Local Symbols
</H3><P>
<H3>
Undefined Global Symbols
</H3><HR></body></html>
