Component: ARM Compiler 5.06 update 7 (build 960) Tool: armlink [4d3601]

==============================================================================

Section Cross References

    startup_hk32f04axxa.o(RESET) refers to startup_hk32f04axxa.o(STACK) for __initial_sp
    startup_hk32f04axxa.o(RESET) refers to startup_hk32f04axxa.o(.text) for Reset_Handler
    startup_hk32f04axxa.o(RESET) refers to hk32f0xxa_it.o(i.NMI_Handler) for NMI_Handler
    startup_hk32f04axxa.o(RESET) refers to hk32f0xxa_it.o(i.HardFault_Handler) for HardFault_Handler
    startup_hk32f04axxa.o(RESET) refers to hk32f0xxa_it.o(i.SVC_Handler) for SVC_Handler
    startup_hk32f04axxa.o(RESET) refers to hk32f0xxa_it.o(i.PendSV_Handler) for PendSV_Handler
    startup_hk32f04axxa.o(RESET) refers to hk32f0xxa_it.o(i.SysTick_Handler) for SysTick_Handler
    startup_hk32f04axxa.o(RESET) refers to hk32f0xxa_it.o(i.EXTI0_1_IRQHandler) for EXTI0_1_IRQHandler
    startup_hk32f04axxa.o(.text) refers to system_hk32f0xxa.o(i.SystemInit) for SystemInit
    startup_hk32f04axxa.o(.text) refers to entry.o(.ARM.Collect$$$$00000000) for __main
    hk32f0xxa_it.o(i.EXTI0_1_IRQHandler) refers to hk32f0xxa_exti.o(i.EXTI_GetITStatus) for EXTI_GetITStatus
    hk32f0xxa_it.o(i.EXTI0_1_IRQHandler) refers to hk32f0xxa_eval.o(i.HK_EVAL_LEDToggle) for HK_EVAL_LEDToggle
    hk32f0xxa_it.o(i.EXTI0_1_IRQHandler) refers to hk32f0xxa_exti.o(i.EXTI_ClearITPendingBit) for EXTI_ClearITPendingBit
    main.o(i.main) refers to hk32f0xxa_rcc.o(i.RCC_APB2PeriphClockCmd) for RCC_APB2PeriphClockCmd
    main.o(i.main) refers to hk32f0xxa_rcc.o(i.RCC_APB1PeriphClockCmd) for RCC_APB1PeriphClockCmd
    main.o(i.main) refers to hk32f0xxa_eval.o(i.HK_EVAL_LEDInit) for HK_EVAL_LEDInit
    main.o(i.main) refers to hk32f0xxa_eval.o(i.HK_EVAL_PBInit) for HK_EVAL_PBInit
    main.o(i.main) refers to hk32f0xxa_dbgmcu.o(i.DBGMCU_Config) for DBGMCU_Config
    main.o(i.main) refers to hk32f0xxa_pwr.o(i.PWR_EnterSTOPMode) for PWR_EnterSTOPMode
    main.o(i.main) refers to hk32f0xxa_eval.o(i.HK_EVAL_LEDToggle) for HK_EVAL_LEDToggle
    system_hk32f0xxa.o(i.SetSysClock) refers to system_hk32f0xxa.o(i.SetSysClockToHSI_56M) for SetSysClockToHSI_56M
    system_hk32f0xxa.o(i.SystemCoreClockUpdate) refers to system_hk32f0xxa.o(.data) for SystemCoreClock
    system_hk32f0xxa.o(i.SystemInit) refers to system_hk32f0xxa.o(i.SetSysClock) for SetSysClock
    hk32f0xxa_adc.o(i.ADC_DeInit) refers to hk32f0xxa_rcc.o(i.RCC_APB2PeriphResetCmd) for RCC_APB2PeriphResetCmd
    hk32f0xxa_adc.o(i.ADC_GetTemperature) refers to fflti.o(.text) for __aeabi_i2f
    hk32f0xxa_adc.o(i.ADC_GetTemperature) refers to fdiv.o(.text) for __aeabi_fdiv
    hk32f0xxa_adc.o(i.ADC_GetTemperature) refers to ffltui.o(.text) for __aeabi_ui2f
    hk32f0xxa_adc.o(i.ADC_GetTemperature) refers to fmul.o(.text) for __aeabi_fmul
    hk32f0xxa_adc.o(i.ADC_GetTemperature) refers to hk32f0xxa_adc.o(i.ADC_GetTemperatureFromFinalTest) for ADC_GetTemperatureFromFinalTest
    hk32f0xxa_adc.o(i.ADC_GetTemperature) refers to fadd.o(.text) for __aeabi_frsub
    hk32f0xxa_adc.o(i.ADC_GetTemperature) refers to ffixi.o(.text) for __aeabi_f2iz
    hk32f0xxa_adc.o(i.ADC_GetTemperatureFromFinalTest) refers to ffltui.o(.text) for __aeabi_ui2f
    hk32f0xxa_adc.o(i.ADC_GetTemperatureFromFinalTest) refers to f2d.o(.text) for __aeabi_f2d
    hk32f0xxa_adc.o(i.ADC_GetTemperatureFromFinalTest) refers to dmul.o(.text) for __aeabi_dmul
    hk32f0xxa_adc.o(i.ADC_GetTemperatureFromFinalTest) refers to dfixi.o(.text) for __aeabi_d2iz
    hk32f0xxa_adc.o(i.ADC_GetTemperatureFromFinalTest) refers to fflti.o(.text) for __aeabi_i2f
    hk32f0xxa_aes.o(i.AES_DeInit) refers to hk32f0xxa_rcc.o(i.RCC_AHB2PeriphResetCmd) for RCC_AHB2PeriphResetCmd
    hk32f0xxa_aes.o(i.AES_SetPendingConfigIT) refers to hk32f0xxa_aes.o(.bss) for sAesPar
    hk32f0xxa_aes.o(i.AES_SetResumeConfigIT) refers to hk32f0xxa_aes.o(.bss) for sAesPar
    hk32f0xxa_can.o(i.CAN_DeInit) refers to hk32f0xxa_rcc.o(i.RCC_APB1PeriphResetCmd) for RCC_APB1PeriphResetCmd
    hk32f0xxa_can.o(i.CAN_GetITStatus) refers to hk32f0xxa_can.o(i.CAN_CheckITStatus) for CAN_CheckITStatus
    hk32f0xxa_emacc.o(i.EMACC_DeInit) refers to hk32f0xxa_rcc.o(i.RCC_AHB2PeriphResetCmd) for RCC_AHB2PeriphResetCmd
    hk32f0xxa_emacc.o(i.EMACC_Init) refers to hk32f0xxa_emacc.o(.data) for MMItable
    hk32f0xxa_flash.o(i.FLASH_EraseAllPages) refers to hk32f0xxa_flash.o(i.FLASH_WaitForLastOperation) for FLASH_WaitForLastOperation
    hk32f0xxa_flash.o(i.FLASH_EraseHalfPage) refers to hk32f0xxa_flash.o(i.FLASH_WaitForLastOperation) for FLASH_WaitForLastOperation
    hk32f0xxa_flash.o(i.FLASH_ErasePage) refers to hk32f0xxa_flash.o(i.FLASH_WaitForLastOperation) for FLASH_WaitForLastOperation
    hk32f0xxa_flash.o(i.FLASH_OBBOOT0Config) refers to hk32f0xxa_flash.o(i.FLASH_WaitForLastOperation) for FLASH_WaitForLastOperation
[...]
    printf7.o(i._printf_core) refers to printf7.o(i._printf_post_padding) for _printf_post_padding
    printf8.o(i.__0fprintf$8) refers to printf8.o(i._printf_core) for _printf_core
    printf8.o(i.__0fprintf$8) refers to hk32f0xxa_eval.o(i.fputc) for fputc
    printf8.o(i.__0printf$8) refers to printf8.o(i._printf_core) for _printf_core
    printf8.o(i.__0printf$8) refers to hk32f0xxa_eval.o(i.fputc) for fputc
    printf8.o(i.__0printf$8) refers to stdout.o(.data) for __stdout
    printf8.o(i.__0snprintf$8) refers to printf8.o(i._printf_core) for _printf_core
    printf8.o(i.__0snprintf$8) refers to printf8.o(i._snputc) for _snputc
    printf8.o(i.__0sprintf$8) refers to printf8.o(i._printf_core) for _printf_core
    printf8.o(i.__0sprintf$8) refers to printf8.o(i._sputc) for _sputc
    printf8.o(i.__0vfprintf$8) refers to printf8.o(i._printf_core) for _printf_core
    printf8.o(i.__0vfprintf$8) refers to hk32f0xxa_eval.o(i.fputc) for fputc
    printf8.o(i.__0vprintf$8) refers to printf8.o(i._printf_core) for _printf_core
    printf8.o(i.__0vprintf$8) refers to hk32f0xxa_eval.o(i.fputc) for fputc
    printf8.o(i.__0vprintf$8) refers to stdout.o(.data) for __stdout
    printf8.o(i.__0vsnprintf$8) refers to printf8.o(i._printf_core) for _printf_core
    printf8.o(i.__0vsnprintf$8) refers to printf8.o(i._snputc) for _snputc
    printf8.o(i.__0vsprintf$8) refers to printf8.o(i._printf_core) for _printf_core
    printf8.o(i.__0vsprintf$8) refers to printf8.o(i._sputc) for _sputc
    printf8.o(i._printf_core) refers to printf8.o(i._printf_pre_padding) for _printf_pre_padding
    printf8.o(i._printf_core) refers to uldiv.o(.text) for __aeabi_uldivmod
    printf8.o(i._printf_core) refers to printf8.o(i._printf_post_padding) for _printf_post_padding
    printfa.o(i.__0fprintf) refers (Special) to iusefp.o(.text) for __I$use$fp
    printfa.o(i.__0fprintf) refers to printfa.o(i._printf_core) for _printf_core
    printfa.o(i.__0fprintf) refers to hk32f0xxa_eval.o(i.fputc) for fputc
    printfa.o(i.__0printf) refers (Special) to iusefp.o(.text) for __I$use$fp
    printfa.o(i.__0printf) refers to printfa.o(i._printf_core) for _printf_core
    printfa.o(i.__0printf) refers to hk32f0xxa_eval.o(i.fputc) for fputc
    printfa.o(i.__0printf) refers to stdout.o(.data) for __stdout
    printfa.o(i.__0snprintf) refers (Special) to iusefp.o(.text) for __I$use$fp
    printfa.o(i.__0snprintf) refers to printfa.o(i._printf_core) for _printf_core
    printfa.o(i.__0snprintf) refers to printfa.o(i._snputc) for _snputc
    printfa.o(i.__0sprintf) refers (Special) to iusefp.o(.text) for __I$use$fp
    printfa.o(i.__0sprintf) refers to printfa.o(i._printf_core) for _printf_core
    printfa.o(i.__0sprintf) refers to printfa.o(i._sputc) for _sputc
    printfa.o(i.__0vfprintf) refers (Special) to iusefp.o(.text) for __I$use$fp
    printfa.o(i.__0vfprintf) refers to printfa.o(i._printf_core) for _printf_core
    printfa.o(i.__0vfprintf) refers to hk32f0xxa_eval.o(i.fputc) for fputc
    printfa.o(i.__0vprintf) refers (Special) to iusefp.o(.text) for __I$use$fp
    printfa.o(i.__0vprintf) refers to printfa.o(i._printf_core) for _printf_core
    printfa.o(i.__0vprintf) refers to hk32f0xxa_eval.o(i.fputc) for fputc
    printfa.o(i.__0vprintf) refers to stdout.o(.data) for __stdout
    printfa.o(i.__0vsnprintf) refers (Special) to iusefp.o(.text) for __I$use$fp
    printfa.o(i.__0vsnprintf) refers to printfa.o(i._printf_core) for _printf_core
    printfa.o(i.__0vsnprintf) refers to printfa.o(i._snputc) for _snputc
    printfa.o(i.__0vsprintf) refers (Special) to iusefp.o(.text) for __I$use$fp
    printfa.o(i.__0vsprintf) refers to printfa.o(i._printf_core) for _printf_core
    printfa.o(i.__0vsprintf) refers to printfa.o(i._sputc) for _sputc
    printfa.o(i._fp_digits) refers (Special) to iusefp.o(.text) for __I$use$fp
    printfa.o(i._fp_digits) refers to dmul.o(.text) for __aeabi_dmul
    printfa.o(i._fp_digits) refers to ddiv.o(.text) for __aeabi_ddiv
    printfa.o(i._fp_digits) refers to cdrcmple.o(.text) for __aeabi_cdrcmple
    printfa.o(i._fp_digits) refers to dadd.o(.text) for __aeabi_dadd
    printfa.o(i._fp_digits) refers to dfixul.o(.text) for __aeabi_d2ulz
    printfa.o(i._fp_digits) refers to uldiv.o(.text) for __aeabi_uldivmod
    printfa.o(i._printf_core) refers (Special) to iusefp.o(.text) for __I$use$fp
    printfa.o(i._printf_core) refers to printfa.o(i._printf_pre_padding) for _printf_pre_padding
    printfa.o(i._printf_core) refers to uldiv.o(.text) for __aeabi_uldivmod
    printfa.o(i._printf_core) refers to printfa.o(i._printf_post_padding) for _printf_post_padding
    printfa.o(i._printf_core) refers to printfa.o(i._fp_digits) for _fp_digits
    printfa.o(i._printf_core) refers to uidiv.o(.text) for __aeabi_uidivmod
    printfa.o(i._printf_post_padding) refers (Special) to iusefp.o(.text) for __I$use$fp
    printfa.o(i._printf_pre_padding) refers (Special) to iusefp.o(.text) for __I$use$fp
    printfa.o(i._snputc) refers (Special) to iusefp.o(.text) for __I$use$fp
    printfa.o(i._sputc) refers (Special) to iusefp.o(.text) for __I$use$fp
    fadd.o(.text) refers (Special) to iusefp.o(.text) for __I$use$fp
    fadd.o(.text) refers to fepilogue.o(.text) for _float_epilogue
    fmul.o(.text) refers (Special) to iusefp.o(.text) for __I$use$fp
    fdiv.o(.text) refers (Special) to iusefp.o(.text) for __I$use$fp
    fdiv.o(.text) refers to fepilogue.o(.text) for _float_round
    dmul.o(.text) refers (Special) to iusefp.o(.text) for __I$use$fp
    dmul.o(.text) refers to depilogue.o(.text) for _double_epilogue
    fflti.o(.text) refers (Special) to iusefp.o(.text) for __I$use$fp
    fflti.o(.text) refers to fepilogue.o(.text) for _float_epilogue
    ffltui.o(.text) refers (Special) to iusefp.o(.text) for __I$use$fp
    ffltui.o(.text) refers to fepilogue.o(.text) for _float_epilogue
    ffixi.o(.text) refers (Special) to iusefp.o(.text) for __I$use$fp
    dfixi.o(.text) refers (Special) to iusefp.o(.text) for __I$use$fp
    dfixi.o(.text) refers to llushr.o(.text) for __aeabi_llsr
    f2d.o(.text) refers (Special) to iusefp.o(.text) for __I$use$fp
    entry2.o(.ARM.Collect$$$$00000001) refers to entry2.o(.ARM.Collect$$$$00002712) for __lit__00000000
    entry2.o(.ARM.Collect$$$$00002712) refers to startup_hk32f04axxa.o(STACK) for __initial_sp
    entry2.o(__vectab_stack_and_reset_area) refers to startup_hk32f04axxa.o(STACK) for __initial_sp
    entry2.o(__vectab_stack_and_reset_area) refers to entry.o(.ARM.Collect$$$$00000000) for __main
    entry5.o(.ARM.Collect$$$$00000004) refers to init.o(.text) for __scatterload
    entry9a.o(.ARM.Collect$$$$0000000B) refers to main.o(i.main) for main
    entry9b.o(.ARM.Collect$$$$0000000C) refers to main.o(i.main) for main
    depilogue.o(.text) refers to llshl.o(.text) for __aeabi_llsl
    depilogue.o(.text) refers to llushr.o(.text) for __aeabi_llsr
    dadd.o(.text) refers to llshl.o(.text) for __aeabi_llsl
    dadd.o(.text) refers to llsshr.o(.text) for __aeabi_lasr
    dadd.o(.text) refers to depilogue.o(.text) for _double_epilogue
    ddiv.o(.text) refers to depilogue.o(.text) for _double_round
    dfixul.o(.text) refers to llushr.o(.text) for __aeabi_llsr
    dfixul.o(.text) refers to llshl.o(.text) for __aeabi_llsl
    init.o(.text) refers to entry5.o(.ARM.Collect$$$$00000004) for __main_after_scatterload


==============================================================================

Removing Unused input sections from the image.

    Removing startup_hk32f04axxa.o(HEAP), (512 bytes).
    Removing hk32f0xxa_it.o(.rev16_text), (4 bytes).
    Removing hk32f0xxa_it.o(.revsh_text), (4 bytes).
    Removing main.o(.rev16_text), (4 bytes).
    Removing main.o(.revsh_text), (4 bytes).
    Removing main.o(.bss), (12 bytes).
    Removing main.o(.data), (11 bytes).
    Removing system_hk32f0xxa.o(.rev16_text), (4 bytes).
    Removing system_hk32f0xxa.o(.revsh_text), (4 bytes).
    Removing system_hk32f0xxa.o(i.SystemCoreClockUpdate), (84 bytes).
    Removing system_hk32f0xxa.o(.data), (20 bytes).
    Removing hk32f0xxa_adc.o(.rev16_text), (4 bytes).
    Removing hk32f0xxa_adc.o(.revsh_text), (4 bytes).
    Removing hk32f0xxa_adc.o(i.ADC_AnalogWatchdogCmd), (22 bytes).
    Removing hk32f0xxa_adc.o(i.ADC_AnalogWatchdogSingleChannelCmd), (22 bytes).
    Removing hk32f0xxa_adc.o(i.ADC_AnalogWatchdogSingleChannelConfig), (16 bytes).
    Removing hk32f0xxa_adc.o(i.ADC_AnalogWatchdogThresholdsConfig), (8 bytes).
    Removing hk32f0xxa_adc.o(i.ADC_AutoPowerOffCmd), (22 bytes).
    Removing hk32f0xxa_adc.o(i.ADC_AwdWakeupCmd), (30 bytes).
    Removing hk32f0xxa_adc.o(i.ADC_ChannelConfig), (20 bytes).
    Removing hk32f0xxa_adc.o(i.ADC_ClearFlag), (4 bytes).
    Removing hk32f0xxa_adc.o(i.ADC_ClearITPendingBit), (4 bytes).
    Removing hk32f0xxa_adc.o(i.ADC_ClockModeConfig), (8 bytes).
    Removing hk32f0xxa_adc.o(i.ADC_Cmd), (22 bytes).
    Removing hk32f0xxa_adc.o(i.ADC_ConfigGainSel), (22 bytes).
    Removing hk32f0xxa_adc.o(i.ADC_ConfigOverSamplingRatioShift), (14 bytes).
    Removing hk32f0xxa_adc.o(i.ADC_ContinuousModeCmd), (22 bytes).
    Removing hk32f0xxa_adc.o(i.ADC_DMACmd), (22 bytes).
    Removing hk32f0xxa_adc.o(i.ADC_DMARequestModeConfig), (16 bytes).
    Removing hk32f0xxa_adc.o(i.ADC_DeInit), (32 bytes).
    Removing hk32f0xxa_adc.o(i.ADC_DiscModeCmd), (22 bytes).
    Removing hk32f0xxa_adc.o(i.ADC_GetCalibrationFactor), (54 bytes).
    Removing hk32f0xxa_adc.o(i.ADC_GetCommonClock), (12 bytes).
    Removing hk32f0xxa_adc.o(i.ADC_GetConversionValue), (16 bytes).
    Removing hk32f0xxa_adc.o(i.ADC_GetFlagStatus), (38 bytes).
    Removing hk32f0xxa_adc.o(i.ADC_GetITStatus), (30 bytes).
    Removing hk32f0xxa_adc.o(i.ADC_GetTemperature), (180 bytes).
    Removing hk32f0xxa_adc.o(i.ADC_GetTemperatureFromFinalTest), (112 bytes).
    Removing hk32f0xxa_adc.o(i.ADC_GetVdda), (24 bytes).
    Removing hk32f0xxa_adc.o(i.ADC_ITConfig), (18 bytes).
    Removing hk32f0xxa_adc.o(i.ADC_Init), (42 bytes).
    Removing hk32f0xxa_adc.o(i.ADC_OverSamplingCmd), (42 bytes).
    Removing hk32f0xxa_adc.o(i.ADC_OverSamplingDiscontCmd), (18 bytes).
    Removing hk32f0xxa_adc.o(i.ADC_OverrunModeCmd), (22 bytes).
    Removing hk32f0xxa_adc.o(i.ADC_SetCommonClock), (12 bytes).
    Removing hk32f0xxa_adc.o(i.ADC_SetResolution), (8 bytes).
    Removing hk32f0xxa_adc.o(i.ADC_StartOfConversion), (18 bytes).
    Removing hk32f0xxa_adc.o(i.ADC_StopOfConversion), (74 bytes).
    Removing hk32f0xxa_adc.o(i.ADC_StructInit), (16 bytes).
    Removing hk32f0xxa_adc.o(i.ADC_TempSensorCmd), (36 bytes).
    Removing hk32f0xxa_adc.o(i.ADC_VbatCmd), (36 bytes).
    Removing hk32f0xxa_adc.o(i.ADC_VrefintCmd), (36 bytes).
    Removing hk32f0xxa_adc.o(i.ADC_WaitModeCmd), (22 bytes).
    Removing hk32f0xxa_aes.o(.rev16_text), (4 bytes).
    Removing hk32f0xxa_aes.o(.revsh_text), (4 bytes).
    Removing hk32f0xxa_aes.o(i.AES_ClearFlag), (36 bytes).
    Removing hk32f0xxa_aes.o(i.AES_ClearITPendingBit), (20 bytes).
    Removing hk32f0xxa_aes.o(i.AES_ClkRandom), (44 bytes).
    Removing hk32f0xxa_aes.o(i.AES_Cmd), (36 bytes).
    Removing hk32f0xxa_aes.o(i.AES_DMAConfig), (32 bytes).
    Removing hk32f0xxa_aes.o(i.AES_DeInit), (20 bytes).
    Removing hk32f0xxa_aes.o(i.AES_GetFlagStatus), (24 bytes).
    Removing hk32f0xxa_aes.o(i.AES_GetITStatus), (80 bytes).
    Removing hk32f0xxa_aes.o(i.AES_ITConfig), (32 bytes).
    Removing hk32f0xxa_aes.o(i.AES_Init), (48 bytes).
    Removing hk32f0xxa_aes.o(i.AES_KeyInit), (52 bytes).
    Removing hk32f0xxa_aes.o(i.AES_ReadKey), (64 bytes).
    Removing hk32f0xxa_aes.o(i.AES_ReadSubData), (12 bytes).
    Removing hk32f0xxa_aes.o(i.AES_SetChainOptionMode), (28 bytes).
    Removing hk32f0xxa_aes.o(i.AES_SetKeySize), (20 bytes).
    Removing hk32f0xxa_aes.o(i.AES_SetPendingConfigIT), (232 bytes).
    Removing hk32f0xxa_aes.o(i.AES_SetResumeConfigIT), (176 bytes).
    Removing hk32f0xxa_aes.o(i.AES_StructInit), (6 bytes).
    Removing hk32f0xxa_aes.o(i.AES_WriteSubData), (12 bytes).
    Removing hk32f0xxa_aes.o(.bss), (92 bytes).
    Removing hk32f0xxa_can.o(.rev16_text), (4 bytes).
    Removing hk32f0xxa_can.o(.revsh_text), (4 bytes).
    Removing hk32f0xxa_can.o(i.CAN_CancelTransmit), (64 bytes).
    Removing hk32f0xxa_can.o(i.CAN_CheckITStatus), (18 bytes).
    Removing hk32f0xxa_can.o(i.CAN_ClearFlag), (80 bytes).
    Removing hk32f0xxa_can.o(i.CAN_ClearITPendingBit), (224 bytes).
    Removing hk32f0xxa_can.o(i.CAN_DBGFreeze), (36 bytes).
    Removing hk32f0xxa_can.o(i.CAN_DeInit), (22 bytes).
    Removing hk32f0xxa_can.o(i.CAN_FIFORelease), (40 bytes).
    Removing hk32f0xxa_can.o(i.CAN_FilterInit), (268 bytes).
    Removing hk32f0xxa_can.o(i.CAN_GetFlagStatus), (140 bytes).
    Removing hk32f0xxa_can.o(i.CAN_GetITStatus), (352 bytes).
    Removing hk32f0xxa_can.o(i.CAN_GetLSBTransmitErrorCounter), (16 bytes).
    Removing hk32f0xxa_can.o(i.CAN_GetLastErrorCode), (16 bytes).
    Removing hk32f0xxa_can.o(i.CAN_GetReceiveErrorCounter), (16 bytes).
    Removing hk32f0xxa_can.o(i.CAN_GetReceiveTimeStamp), (36 bytes).
    Removing hk32f0xxa_can.o(i.CAN_GetTransmitTimeStamp), (56 bytes).
    Removing hk32f0xxa_can.o(i.CAN_ITConfig), (32 bytes).
    Removing hk32f0xxa_can.o(i.CAN_Init), (360 bytes).
    Removing hk32f0xxa_can.o(i.CAN_MessagePending), (40 bytes).
    Removing hk32f0xxa_can.o(i.CAN_OperatingModeRequest), (200 bytes).
    Removing hk32f0xxa_can.o(i.CAN_Receive), (356 bytes).
    Removing hk32f0xxa_can.o(i.CAN_Sleep), (40 bytes).
    Removing hk32f0xxa_can.o(i.CAN_StructInit), (32 bytes).
    Removing hk32f0xxa_can.o(i.CAN_TTComModeCmd), (128 bytes).
    Removing hk32f0xxa_can.o(i.CAN_Transmit), (296 bytes).
    Removing hk32f0xxa_can.o(i.CAN_TransmitStatus), (168 bytes).
    Removing hk32f0xxa_can.o(i.CAN_WakeUp), (64 bytes).
    Removing hk32f0xxa_clu.o(.rev16_text), (4 bytes).
    Removing hk32f0xxa_clu.o(.revsh_text), (4 bytes).
    Removing hk32f0xxa_clu.o(i.CLU0_MultiplexerInputConfig), (40 bytes).
    Removing hk32f0xxa_clu.o(i.CLU1_MultiplexerInputConfig), (40 bytes).
    Removing hk32f0xxa_clu.o(i.CLU2_MultiplexerInputConfig), (40 bytes).
    Removing hk32f0xxa_clu.o(i.CLU3_MultiplexerInputConfig), (40 bytes).
    Removing hk32f0xxa_clu.o(i.CLU_Cmd), (40 bytes).
    Removing hk32f0xxa_clu.o(i.CLU_EnablePinOutput), (128 bytes).
    Removing hk32f0xxa_clu.o(i.CLU_GetOutput), (96 bytes).
    Removing hk32f0xxa_clu.o(i.CLU_Init), (396 bytes).
    Removing hk32f0xxa_clu.o(i.CLU_InitDFlipflop), (200 bytes).
    Removing hk32f0xxa_clu.o(i.CLU_InputChannelEN), (192 bytes).
    Removing hk32f0xxa_clu.o(i.CLU_OutputSelection), (128 bytes).
    Removing hk32f0xxa_clu.o(i.CLU_ResetDFlipflop), (88 bytes).
    Removing hk32f0xxa_clu.o(i.CLU_SetDFlipflop), (88 bytes).
    Removing hk32f0xxa_clu.o(i.CLU_SetOutputFunction), (48 bytes).
    Removing hk32f0xxa_clu.o(i.CLU_TriggADCToWork), (28 bytes).
    Removing hk32f0xxa_comp.o(.rev16_text), (4 bytes).
    Removing hk32f0xxa_comp.o(.revsh_text), (4 bytes).
    Removing hk32f0xxa_comp.o(i.COMP_Cmd), (92 bytes).
    Removing hk32f0xxa_comp.o(i.COMP_DeInit), (24 bytes).
    Removing hk32f0xxa_comp.o(i.COMP_GetOutputLevel), (48 bytes).
    Removing hk32f0xxa_comp.o(i.COMP_Init), (80 bytes).
    Removing hk32f0xxa_comp.o(i.COMP_LockConfig), (48 bytes).
    Removing hk32f0xxa_comp.o(i.COMP_StructInit), (16 bytes).
    Removing hk32f0xxa_comp.o(i.COMP_SwitchCmd), (44 bytes).
    Removing hk32f0xxa_comp.o(i.COMP_WindowCmd), (88 bytes).
    Removing hk32f0xxa_crc.o(.rev16_text), (4 bytes).
    Removing hk32f0xxa_crc.o(.revsh_text), (4 bytes).
    Removing hk32f0xxa_crc.o(i.CRC_CalcBlockCRC), (36 bytes).
    Removing hk32f0xxa_crc.o(i.CRC_CalcCRC), (16 bytes).
    Removing hk32f0xxa_crc.o(i.CRC_CalcCRC16bits), (16 bytes).
    Removing hk32f0xxa_crc.o(i.CRC_CalcCRC8bits), (16 bytes).
    Removing hk32f0xxa_crc.o(i.CRC_DeInit), (28 bytes).
    Removing hk32f0xxa_crc.o(i.CRC_GetCRC), (12 bytes).
    Removing hk32f0xxa_crc.o(i.CRC_GetIDRegister), (12 bytes).
    Removing hk32f0xxa_crc.o(i.CRC_ResetDR), (20 bytes).
    Removing hk32f0xxa_crc.o(i.CRC_ReverseInputDataSelect), (24 bytes).
    Removing hk32f0xxa_crc.o(i.CRC_ReverseOutputDataCmd), (36 bytes).
    Removing hk32f0xxa_crc.o(i.CRC_SetIDRegister), (12 bytes).
    Removing hk32f0xxa_crc.o(i.CRC_SetInitRegister), (12 bytes).
    Removing hk32f0xxa_dbgmcu.o(.rev16_text), (4 bytes).
    Removing hk32f0xxa_dbgmcu.o(.revsh_text), (4 bytes).
    Removing hk32f0xxa_dbgmcu.o(i.DBGMCU_APB1PeriphConfig), (32 bytes).
    Removing hk32f0xxa_dbgmcu.o(i.DBGMCU_APB2PeriphConfig), (32 bytes).
    Removing hk32f0xxa_dbgmcu.o(i.DBGMCU_GetDEVID), (16 bytes).
    Removing hk32f0xxa_dbgmcu.o(i.DBGMCU_GetREVID), (12 bytes).
    Removing hk32f0xxa_divsqrt.o(.rev16_text), (4 bytes).
    Removing hk32f0xxa_divsqrt.o(.revsh_text), (4 bytes).
    Removing hk32f0xxa_divsqrt.o(i.DVSQ_Divsion), (76 bytes).
    Removing hk32f0xxa_divsqrt.o(i.DVSQ_Init), (24 bytes).
    Removing hk32f0xxa_divsqrt.o(i.DVSQ_Sqrt), (52 bytes).
    Removing hk32f0xxa_divsqrt.o(i.DVSQ_SqrtH), (68 bytes).
    Removing hk32f0xxa_divsqrt.o(i.DVSQ_UDivsion), (76 bytes).
    Removing hk32f0xxa_dma.o(.rev16_text), (4 bytes).
    Removing hk32f0xxa_dma.o(.revsh_text), (4 bytes).
    Removing hk32f0xxa_dma.o(i.DMA_ClearFlag), (16 bytes).
    Removing hk32f0xxa_dma.o(i.DMA_ClearITPendingBit), (132 bytes).
    Removing hk32f0xxa_dma.o(i.DMA_Cmd), (24 bytes).
    Removing hk32f0xxa_dma.o(i.DMA_DeInit), (196 bytes).
    Removing hk32f0xxa_dma.o(i.DMA_GetCurrDataCounter), (8 bytes).
    Removing hk32f0xxa_dma.o(i.DMA_GetFlagStatus), (36 bytes).
    Removing hk32f0xxa_dma.o(i.DMA_GetITStatus), (36 bytes).
    Removing hk32f0xxa_dma.o(i.DMA_ITConfig), (18 bytes).
    Removing hk32f0xxa_dma.o(i.DMA_Init), (60 bytes).
    Removing hk32f0xxa_dma.o(i.DMA_SetCurrDataCounter), (4 bytes).
    Removing hk32f0xxa_dma.o(i.DMA_StructInit), (26 bytes).
    Removing hk32f0xxa_emacc.o(.rev16_text), (4 bytes).
    Removing hk32f0xxa_emacc.o(.revsh_text), (4 bytes).
    Removing hk32f0xxa_emacc.o(i.EMACC_Cal), (124 bytes).
    Removing hk32f0xxa_emacc.o(i.EMACC_Cmd), (36 bytes).
    Removing hk32f0xxa_emacc.o(i.EMACC_DeInit), (22 bytes).
    Removing hk32f0xxa_emacc.o(i.EMACC_Init), (160 bytes).
    Removing hk32f0xxa_emacc.o(.data), (130 bytes).
    Removing hk32f0xxa_exti.o(.rev16_text), (4 bytes).
    Removing hk32f0xxa_exti.o(.revsh_text), (4 bytes).
    Removing hk32f0xxa_exti.o(i.EXTI2_ClearFlag), (12 bytes).
    Removing hk32f0xxa_exti.o(i.EXTI2_ClearITPendingBit), (12 bytes).
    Removing hk32f0xxa_exti.o(i.EXTI2_GenerateSWInterrupt), (16 bytes).
    Removing hk32f0xxa_exti.o(i.EXTI2_GetFlagStatus), (24 bytes).
    Removing hk32f0xxa_exti.o(i.EXTI2_GetITStatus), (24 bytes).
    Removing hk32f0xxa_exti.o(i.EXTI2_Init), (148 bytes).
    Removing hk32f0xxa_exti.o(i.EXTI_ClearFlag), (12 bytes).
    Removing hk32f0xxa_exti.o(i.EXTI_DeInit), (68 bytes).
    Removing hk32f0xxa_exti.o(i.EXTI_GenerateSWInterrupt), (16 bytes).
    Removing hk32f0xxa_exti.o(i.EXTI_GetFlagStatus), (24 bytes).
    Removing hk32f0xxa_exti.o(i.EXTI_StructInit), (16 bytes).
    Removing hk32f0xxa_flash.o(.rev16_text), (4 bytes).
    Removing hk32f0xxa_flash.o(.revsh_text), (4 bytes).
    Removing hk32f0xxa_flash.o(i.FLASH_ClearFlag), (28 bytes).
    Removing hk32f0xxa_flash.o(i.FLASH_ConfigLPRDE), (36 bytes).
    Removing hk32f0xxa_flash.o(i.FLASH_ConfigPReemptdis), (36 bytes).
    Removing hk32f0xxa_flash.o(i.FLASH_ConfigPRepgen), (36 bytes).
    Removing hk32f0xxa_flash.o(i.FLASH_EraseAllPages), (72 bytes).
    Removing hk32f0xxa_flash.o(i.FLASH_EraseHalfPage), (76 bytes).
    Removing hk32f0xxa_flash.o(i.FLASH_ErasePage), (76 bytes).
    Removing hk32f0xxa_flash.o(i.FLASH_GetDevice96BitUID), (28 bytes).
    Removing hk32f0xxa_flash.o(i.FLASH_GetFlagStatus), (24 bytes).
    Removing hk32f0xxa_flash.o(i.FLASH_GetPrefetchBufferStatus), (24 bytes).
    Removing hk32f0xxa_flash.o(i.FLASH_GetStatus), (52 bytes).
    Removing hk32f0xxa_flash.o(i.FLASH_ITConfig), (32 bytes).
    Removing hk32f0xxa_flash.o(i.FLASH_Lock), (20 bytes).
    Removing hk32f0xxa_flash.o(i.FLASH_OBBOOT0Config), (80 bytes).
    Removing hk32f0xxa_flash.o(i.FLASH_OBBOOT0SWConfig), (80 bytes).
    Removing hk32f0xxa_flash.o(i.FLASH_OBBOOTConfig), (80 bytes).
    Removing hk32f0xxa_flash.o(i.FLASH_OBEnableWRP), (188 bytes).
    Removing hk32f0xxa_flash.o(i.FLASH_OBErase), (148 bytes).
    Removing hk32f0xxa_flash.o(i.FLASH_OBGetRDP), (24 bytes).
    Removing hk32f0xxa_flash.o(i.FLASH_OBGetUser), (16 bytes).
    Removing hk32f0xxa_flash.o(i.FLASH_OBGetWRP), (12 bytes).
    Removing hk32f0xxa_flash.o(i.FLASH_OBLaunch), (20 bytes).
    Removing hk32f0xxa_flash.o(i.FLASH_OBLock), (20 bytes).
    Removing hk32f0xxa_flash.o(i.FLASH_OBProgramData), (72 bytes).
    Removing hk32f0xxa_flash.o(i.FLASH_OBRDPConfig), (140 bytes).
    Removing hk32f0xxa_flash.o(i.FLASH_OBSRAMParityConfig), (80 bytes).
    Removing hk32f0xxa_flash.o(i.FLASH_OBUnlock), (36 bytes).
    Removing hk32f0xxa_flash.o(i.FLASH_OBUserConfig), (88 bytes).
    Removing hk32f0xxa_flash.o(i.FLASH_OBVDDAConfig), (80 bytes).
    Removing hk32f0xxa_flash.o(i.FLASH_OBWriteUser), (76 bytes).
    Removing hk32f0xxa_flash.o(i.FLASH_PrefetchBufferCmd), (36 bytes).
    Removing hk32f0xxa_flash.o(i.FLASH_ProgramHalfWord), (68 bytes).
    Removing hk32f0xxa_flash.o(i.FLASH_ProgramWord), (72 bytes).
    Removing hk32f0xxa_flash.o(i.FLASH_SetLatency), (24 bytes).
    Removing hk32f0xxa_flash.o(i.FLASH_Unlock), (36 bytes).
    Removing hk32f0xxa_flash.o(i.FLASH_WaitForLastOperation), (38 bytes).
    Removing hk32f0xxa_gpio.o(.rev16_text), (4 bytes).
    Removing hk32f0xxa_gpio.o(.revsh_text), (4 bytes).
    Removing hk32f0xxa_gpio.o(i.GPIO_DeInit), (148 bytes).
    Removing hk32f0xxa_gpio.o(i.GPIO_PinAFConfig), (70 bytes).
    Removing hk32f0xxa_gpio.o(i.GPIO_PinLockConfig), (34 bytes).
    Removing hk32f0xxa_gpio.o(i.GPIO_ReadInputData), (8 bytes).
    Removing hk32f0xxa_gpio.o(i.GPIO_ReadInputDataBit), (18 bytes).
    Removing hk32f0xxa_gpio.o(i.GPIO_ReadOutputData), (8 bytes).
    Removing hk32f0xxa_gpio.o(i.GPIO_ReadOutputDataBit), (18 bytes).
    Removing hk32f0xxa_gpio.o(i.GPIO_ResetBits), (4 bytes).
    Removing hk32f0xxa_gpio.o(i.GPIO_SetBits), (4 bytes).
    Removing hk32f0xxa_gpio.o(i.GPIO_StructInit), (22 bytes).
    Removing hk32f0xxa_gpio.o(i.GPIO_Write), (4 bytes).
    Removing hk32f0xxa_gpio.o(i.GPIO_WriteBit), (10 bytes).
    Removing hk32f0xxa_hash.o(.rev16_text), (4 bytes).
    Removing hk32f0xxa_hash.o(.revsh_text), (4 bytes).
    Removing hk32f0xxa_hash.o(i.HASH_ClearFlag), (12 bytes).
    Removing hk32f0xxa_hash.o(i.HASH_ClearITPendingBit), (12 bytes).
    Removing hk32f0xxa_hash.o(i.HASH_DMACmd), (36 bytes).
    Removing hk32f0xxa_hash.o(i.HASH_DataIn), (12 bytes).
    Removing hk32f0xxa_hash.o(i.HASH_DeInit), (20 bytes).
    Removing hk32f0xxa_hash.o(i.HASH_GetDigest), (60 bytes).
    Removing hk32f0xxa_hash.o(i.HASH_GetFlagStatus), (40 bytes).
    Removing hk32f0xxa_hash.o(i.HASH_GetITStatus), (32 bytes).
    Removing hk32f0xxa_hash.o(i.HASH_GetInFIFOWordsNbr), (16 bytes).
    Removing hk32f0xxa_hash.o(i.HASH_ITConfig), (32 bytes).
    Removing hk32f0xxa_hash.o(i.HASH_Init), (48 bytes).
    Removing hk32f0xxa_hash.o(i.HASH_Reset), (20 bytes).
    Removing hk32f0xxa_hash.o(i.HASH_RestoreContext), (60 bytes).
    Removing hk32f0xxa_hash.o(i.HASH_SaveContext), (60 bytes).
    Removing hk32f0xxa_hash.o(i.HASH_SetLastWordValidBitsNbr), (28 bytes).
    Removing hk32f0xxa_hash.o(i.HASH_StartDigest), (20 bytes).
    Removing hk32f0xxa_hash.o(i.HASH_StructInit), (16 bytes).
    Removing hk32f0xxa_i2c.o(.rev16_text), (4 bytes).
    Removing hk32f0xxa_i2c.o(.revsh_text), (4 bytes).
    Removing hk32f0xxa_i2c.o(i.I2C_AcknowledgeConfig), (22 bytes).
    Removing hk32f0xxa_i2c.o(i.I2C_AutoEndCmd), (22 bytes).
    Removing hk32f0xxa_i2c.o(i.I2C_CalculatePEC), (22 bytes).
    Removing hk32f0xxa_i2c.o(i.I2C_ClearFlag), (4 bytes).
    Removing hk32f0xxa_i2c.o(i.I2C_ClearITPendingBit), (4 bytes).
    Removing hk32f0xxa_i2c.o(i.I2C_ClockTimeoutCmd), (22 bytes).
    Removing hk32f0xxa_i2c.o(i.I2C_Cmd), (22 bytes).
    Removing hk32f0xxa_i2c.o(i.I2C_DMACmd), (18 bytes).
    Removing hk32f0xxa_i2c.o(i.I2C_DeInit), (56 bytes).
    Removing hk32f0xxa_i2c.o(i.I2C_DualAddressCmd), (22 bytes).
    Removing hk32f0xxa_i2c.o(i.I2C_ExtendedClockTimeoutCmd), (22 bytes).
    Removing hk32f0xxa_i2c.o(i.I2C_GeneralCallCmd), (22 bytes).
    Removing hk32f0xxa_i2c.o(i.I2C_GenerateSTART), (22 bytes).
    Removing hk32f0xxa_i2c.o(i.I2C_GenerateSTOP), (22 bytes).
    Removing hk32f0xxa_i2c.o(i.I2C_GetAddressMatched), (12 bytes).
    Removing hk32f0xxa_i2c.o(i.I2C_GetFlagStatus), (22 bytes).
    Removing hk32f0xxa_i2c.o(i.I2C_GetITStatus), (60 bytes).
    Removing hk32f0xxa_i2c.o(i.I2C_GetPEC), (8 bytes).
    Removing hk32f0xxa_i2c.o(i.I2C_GetTransferDirection), (22 bytes).
    Removing hk32f0xxa_i2c.o(i.I2C_ITConfig), (18 bytes).
    Removing hk32f0xxa_i2c.o(i.I2C_IdleClockTimeoutCmd), (22 bytes).
    Removing hk32f0xxa_i2c.o(i.I2C_Init), (104 bytes).
    Removing hk32f0xxa_i2c.o(i.I2C_MasterRequestConfig), (22 bytes).
    Removing hk32f0xxa_i2c.o(i.I2C_NumberOfBytesConfig), (24 bytes).
    Removing hk32f0xxa_i2c.o(i.I2C_OwnAddress2Config), (34 bytes).
    Removing hk32f0xxa_i2c.o(i.I2C_PECRequestCmd), (22 bytes).
    Removing hk32f0xxa_i2c.o(i.I2C_ReadRegister), (22 bytes).
    Removing hk32f0xxa_i2c.o(i.I2C_ReceiveData), (8 bytes).
    Removing hk32f0xxa_i2c.o(i.I2C_ReloadCmd), (22 bytes).
    Removing hk32f0xxa_i2c.o(i.I2C_SMBusAlertCmd), (22 bytes).
    Removing hk32f0xxa_i2c.o(i.I2C_SWAPPinCmd), (22 bytes).
    Removing hk32f0xxa_i2c.o(i.I2C_SendData), (4 bytes).
    Removing hk32f0xxa_i2c.o(i.I2C_SlaveAddressConfig), (20 bytes).
    Removing hk32f0xxa_i2c.o(i.I2C_SlaveByteControlCmd), (22 bytes).
    Removing hk32f0xxa_i2c.o(i.I2C_SoftwareResetCmd), (20 bytes).
    Removing hk32f0xxa_i2c.o(i.I2C_StopModeCmd), (22 bytes).
    Removing hk32f0xxa_i2c.o(i.I2C_StretchClockCmd), (22 bytes).
    Removing hk32f0xxa_i2c.o(i.I2C_StructInit), (24 bytes).
    Removing hk32f0xxa_i2c.o(i.I2C_TenBitAddressHeaderCmd), (22 bytes).
    Removing hk32f0xxa_i2c.o(i.I2C_TenBitAddressingModeCmd), (22 bytes).
    Removing hk32f0xxa_i2c.o(i.I2C_TimeoutAConfig), (20 bytes).
    Removing hk32f0xxa_i2c.o(i.I2C_TimeoutBConfig), (28 bytes).
    Removing hk32f0xxa_i2c.o(i.I2C_TransferHandling), (44 bytes).
    Removing hk32f0xxa_iwdg.o(.rev16_text), (4 bytes).
    Removing hk32f0xxa_iwdg.o(.revsh_text), (4 bytes).
    Removing hk32f0xxa_iwdg.o(i.IWDG_Enable), (16 bytes).
    Removing hk32f0xxa_iwdg.o(i.IWDG_GetFlagStatus), (24 bytes).
    Removing hk32f0xxa_iwdg.o(i.IWDG_ReloadCounter), (16 bytes).
    Removing hk32f0xxa_iwdg.o(i.IWDG_SetPrescaler), (12 bytes).
    Removing hk32f0xxa_iwdg.o(i.IWDG_SetReload), (12 bytes).
    Removing hk32f0xxa_iwdg.o(i.IWDG_SetWindowValue), (12 bytes).
    Removing hk32f0xxa_iwdg.o(i.IWDG_WriteAccessCmd), (12 bytes).
    Removing hk32f0xxa_lpuart.o(.rev16_text), (4 bytes).
    Removing hk32f0xxa_lpuart.o(.revsh_text), (4 bytes).
    Removing hk32f0xxa_lpuart.o(i.LPUART_AddressDetectionConfig), (16 bytes).
    Removing hk32f0xxa_lpuart.o(i.LPUART_ClearFlag), (4 bytes).
    Removing hk32f0xxa_lpuart.o(i.LPUART_ClearITPendingBit), (18 bytes).
    Removing hk32f0xxa_lpuart.o(i.LPUART_Cmd), (22 bytes).
    Removing hk32f0xxa_lpuart.o(i.LPUART_DECmd), (22 bytes).
    Removing hk32f0xxa_lpuart.o(i.LPUART_DEPolarityConfig), (16 bytes).
    Removing hk32f0xxa_lpuart.o(i.LPUART_DMACmd), (18 bytes).
    Removing hk32f0xxa_lpuart.o(i.LPUART_DMAReceptionErrorConfig), (16 bytes).
    Removing hk32f0xxa_lpuart.o(i.LPUART_DataInvCmd), (22 bytes).
    Removing hk32f0xxa_lpuart.o(i.LPUART_DeInit), (30 bytes).
    Removing hk32f0xxa_lpuart.o(i.LPUART_DirectionModeCmd), (18 bytes).
    Removing hk32f0xxa_lpuart.o(i.LPUART_GetFlagStatus), (18 bytes).
    Removing hk32f0xxa_lpuart.o(i.LPUART_GetITStatus), (74 bytes).
    Removing hk32f0xxa_lpuart.o(i.LPUART_HalfDuplexCmd), (22 bytes).
    Removing hk32f0xxa_lpuart.o(i.LPUART_ITConfig), (58 bytes).
    Removing hk32f0xxa_lpuart.o(i.LPUART_Init), (168 bytes).
    Removing hk32f0xxa_lpuart.o(i.LPUART_InvPinCmd), (18 bytes).
    Removing hk32f0xxa_lpuart.o(i.LPUART_MSBFirstCmd), (22 bytes).
    Removing hk32f0xxa_lpuart.o(i.LPUART_MuteModeCmd), (22 bytes).
    Removing hk32f0xxa_lpuart.o(i.LPUART_MuteModeWakeUpConfig), (16 bytes).
    Removing hk32f0xxa_lpuart.o(i.LPUART_OverrunDetectionConfig), (16 bytes).
    Removing hk32f0xxa_lpuart.o(i.LPUART_ReceiveData), (10 bytes).
    Removing hk32f0xxa_lpuart.o(i.LPUART_RequestCmd), (18 bytes).
    Removing hk32f0xxa_lpuart.o(i.LPUART_STOPModeCmd), (22 bytes).
    Removing hk32f0xxa_lpuart.o(i.LPUART_SWAPPinCmd), (22 bytes).
    Removing hk32f0xxa_lpuart.o(i.LPUART_SendData), (8 bytes).
    Removing hk32f0xxa_lpuart.o(i.LPUART_SetAddress), (18 bytes).
    Removing hk32f0xxa_lpuart.o(i.LPUART_SetDEAssertionTime), (18 bytes).
    Removing hk32f0xxa_lpuart.o(i.LPUART_SetDEDeassertionTime), (18 bytes).
    Removing hk32f0xxa_lpuart.o(i.LPUART_StopModeWakeUpSourceConfig), (16 bytes).
    Removing hk32f0xxa_lpuart.o(i.LPUART_StructInit), (24 bytes).
    Removing hk32f0xxa_misc.o(.rev16_text), (4 bytes).
    Removing hk32f0xxa_misc.o(.revsh_text), (4 bytes).
    Removing hk32f0xxa_misc.o(i.NVIC_SystemLPConfig), (32 bytes).
    Removing hk32f0xxa_misc.o(i.SysTick_CLKSourceConfig), (40 bytes).
    Removing hk32f0xxa_pwr.o(.rev16_text), (4 bytes).
    Removing hk32f0xxa_pwr.o(.revsh_text), (4 bytes).
    Removing hk32f0xxa_pwr.o(i.PWR_BackupAccessCmd), (36 bytes).
    Removing hk32f0xxa_pwr.o(i.PWR_ClearFlag), (20 bytes).
    Removing hk32f0xxa_pwr.o(i.PWR_DeInit), (22 bytes).
    Removing hk32f0xxa_pwr.o(i.PWR_EnterSHUTDOWNMode), (104 bytes).
    Removing hk32f0xxa_pwr.o(i.PWR_EnterSTANDBYMode), (88 bytes).
    Removing hk32f0xxa_pwr.o(i.PWR_EnterSleepMode), (32 bytes).
    Removing hk32f0xxa_pwr.o(i.PWR_GetFlagStatus), (24 bytes).
    Removing hk32f0xxa_pwr.o(i.PWR_PVDCmd), (36 bytes).
    Removing hk32f0xxa_pwr.o(i.PWR_PVDLevelConfig), (176 bytes).
    Removing hk32f0xxa_pwr.o(i.PWR_WakeUpPinCmd), (32 bytes).
    Removing hk32f0xxa_pwr.o(i.PWR_WakeupPinPolarityConfig), (80 bytes).
    Removing hk32f0xxa_rcc.o(.rev16_text), (4 bytes).
    Removing hk32f0xxa_rcc.o(.revsh_text), (4 bytes).
    Removing hk32f0xxa_rcc.o(i.RCC_AHB2PeriphClockCmd), (40 bytes).
    Removing hk32f0xxa_rcc.o(i.RCC_AHB2PeriphResetCmd), (40 bytes).
    Removing hk32f0xxa_rcc.o(i.RCC_AHBPeriphResetCmd), (32 bytes).
    Removing hk32f0xxa_rcc.o(i.RCC_APB1PeriphResetCmd), (32 bytes).
    Removing hk32f0xxa_rcc.o(i.RCC_APB2PeriphResetCmd), (32 bytes).
    Removing hk32f0xxa_rcc.o(i.RCC_AdjustHSI14CalibrationValue), (24 bytes).
    Removing hk32f0xxa_rcc.o(i.RCC_AdjustHSICalibrationValue), (24 bytes).
    Removing hk32f0xxa_rcc.o(i.RCC_BackupResetCmd), (36 bytes).
    Removing hk32f0xxa_rcc.o(i.RCC_ClearFlag), (20 bytes).
    Removing hk32f0xxa_rcc.o(i.RCC_ClearITPendingBit), (40 bytes).
    Removing hk32f0xxa_rcc.o(i.RCC_ClockSecuritySystemCmd), (36 bytes).
    Removing hk32f0xxa_rcc.o(i.RCC_DeInit), (112 bytes).
    Removing hk32f0xxa_rcc.o(i.RCC_GetClocksFreq), (1100 bytes).
    Removing hk32f0xxa_rcc.o(i.RCC_GetFlagStatus), (68 bytes).
    Removing hk32f0xxa_rcc.o(i.RCC_GetITStatus), (24 bytes).
    Removing hk32f0xxa_rcc.o(i.RCC_GetSYSCLKSource), (44 bytes).
    Removing hk32f0xxa_rcc.o(i.RCC_HCLKConfig), (24 bytes).
    Removing hk32f0xxa_rcc.o(i.RCC_HSEConfig), (72 bytes).
    Removing hk32f0xxa_rcc.o(i.RCC_HSI14Cmd), (36 bytes).
    Removing hk32f0xxa_rcc.o(i.RCC_HSI56Cmd), (44 bytes).
    Removing hk32f0xxa_rcc.o(i.RCC_HSICmd), (36 bytes).
    Removing hk32f0xxa_rcc.o(i.RCC_I2C2CLKConfig), (36 bytes).
    Removing hk32f0xxa_rcc.o(i.RCC_I2CCLKConfig), (64 bytes).
    Removing hk32f0xxa_rcc.o(i.RCC_ITConfig), (36 bytes).
    Removing hk32f0xxa_rcc.o(i.RCC_LPTIMCLKConfig), (40 bytes).
    Removing hk32f0xxa_rcc.o(i.RCC_LPUARTCLKConfig), (40 bytes).
    Removing hk32f0xxa_rcc.o(i.RCC_LSEConfig), (36 bytes).
    Removing hk32f0xxa_rcc.o(i.RCC_LSEDriveConfig), (28 bytes).
    Removing hk32f0xxa_rcc.o(i.RCC_LSICmd), (36 bytes).
    Removing hk32f0xxa_rcc.o(i.RCC_MCOConfig), (28 bytes).
    Removing hk32f0xxa_rcc.o(i.RCC_PCLKConfig), (24 bytes).
    Removing hk32f0xxa_rcc.o(i.RCC_PLLCmd), (36 bytes).
    Removing hk32f0xxa_rcc.o(i.RCC_PLLConfig), (92 bytes).
    Removing hk32f0xxa_rcc.o(i.RCC_PREDIV1Config), (24 bytes).
    Removing hk32f0xxa_rcc.o(i.RCC_RTCCLKCmd), (36 bytes).
    Removing hk32f0xxa_rcc.o(i.RCC_RTCCLKConfig), (16 bytes).
    Removing hk32f0xxa_rcc.o(i.RCC_SYSCLKConfig), (72 bytes).
    Removing hk32f0xxa_rcc.o(i.RCC_USART1CLKConfig), (28 bytes).
    Removing hk32f0xxa_rcc.o(i.RCC_USART2CLKConfig), (28 bytes).
    Removing hk32f0xxa_rcc.o(i.RCC_WaitForHSEStartUp), (58 bytes).
    Removing hk32f0xxa_rcc.o(.data), (16 bytes).
    Removing hk32f0xxa_rtc.o(.rev16_text), (4 bytes).
    Removing hk32f0xxa_rtc.o(.revsh_text), (4 bytes).
    Removing hk32f0xxa_rtc.o(i.RTC_AlarmCmd), (120 bytes).
    Removing hk32f0xxa_rtc.o(i.RTC_AlarmStructInit), (22 bytes).
    Removing hk32f0xxa_rtc.o(i.RTC_AlarmSubSecondConfig), (60 bytes).
    Removing hk32f0xxa_rtc.o(i.RTC_Bcd2ToByte), (22 bytes).
    Removing hk32f0xxa_rtc.o(i.RTC_BypassShadowCmd), (64 bytes).
    Removing hk32f0xxa_rtc.o(i.RTC_ByteToBcd2), (28 bytes).
    Removing hk32f0xxa_rtc.o(i.RTC_CalibOutputCmd), (64 bytes).
    Removing hk32f0xxa_rtc.o(i.RTC_CalibOutputConfig), (52 bytes).
    Removing hk32f0xxa_rtc.o(i.RTC_ClearFlag), (32 bytes).
    Removing hk32f0xxa_rtc.o(i.RTC_ClearITPendingBit), (32 bytes).
    Removing hk32f0xxa_rtc.o(i.RTC_DateStructInit), (14 bytes).
    Removing hk32f0xxa_rtc.o(i.RTC_DayLightSavingConfig), (60 bytes).
    Removing hk32f0xxa_rtc.o(i.RTC_DeInit), (148 bytes).
    Removing hk32f0xxa_rtc.o(i.RTC_EnterInitMode), (80 bytes).
    Removing hk32f0xxa_rtc.o(i.RTC_ExitInitMode), (20 bytes).
    Removing hk32f0xxa_rtc.o(i.RTC_GetAlarm), (168 bytes).
    Removing hk32f0xxa_rtc.o(i.RTC_GetAlarmSubSecond), (44 bytes).
    Removing hk32f0xxa_rtc.o(i.RTC_GetDate), (80 bytes).
    Removing hk32f0xxa_rtc.o(i.RTC_GetFlagStatus), (40 bytes).
    Removing hk32f0xxa_rtc.o(i.RTC_GetITStatus), (68 bytes).
    Removing hk32f0xxa_rtc.o(i.RTC_GetStoreOperation), (16 bytes).
    Removing hk32f0xxa_rtc.o(i.RTC_GetSubSecond), (20 bytes).
    Removing hk32f0xxa_rtc.o(i.RTC_GetTime), (80 bytes).
    Removing hk32f0xxa_rtc.o(i.RTC_GetTimeStamp), (156 bytes).
    Removing hk32f0xxa_rtc.o(i.RTC_GetTimeStampSubSecond), (12 bytes).
    Removing hk32f0xxa_rtc.o(i.RTC_GetWakeUpCounter), (12 bytes).
    Removing hk32f0xxa_rtc.o(i.RTC_ITConfig), (104 bytes).
    Removing hk32f0xxa_rtc.o(i.RTC_Init), (104 bytes).
    Removing hk32f0xxa_rtc.o(i.RTC_OutputConfig), (60 bytes).
    Removing hk32f0xxa_rtc.o(i.RTC_OutputTypeConfig), (28 bytes).
    Removing hk32f0xxa_rtc.o(i.RTC_ReadBackupRegister), (32 bytes).
    Removing hk32f0xxa_rtc.o(i.RTC_RefClockCmd), (84 bytes).
    Removing hk32f0xxa_rtc.o(i.RTC_SetAlarm), (244 bytes).
    Removing hk32f0xxa_rtc.o(i.RTC_SetDate), (204 bytes).
    Removing hk32f0xxa_rtc.o(i.RTC_SetTime), (212 bytes).
    Removing hk32f0xxa_rtc.o(i.RTC_SetWakeUpCounter), (32 bytes).
    Removing hk32f0xxa_rtc.o(i.RTC_SmoothCalibConfig), (100 bytes).
    Removing hk32f0xxa_rtc.o(i.RTC_StructInit), (14 bytes).
    Removing hk32f0xxa_rtc.o(i.RTC_SynchroShiftConfig), (128 bytes).
    Removing hk32f0xxa_rtc.o(i.RTC_TamperCmd), (32 bytes).
    Removing hk32f0xxa_rtc.o(i.RTC_TamperFilterConfig), (28 bytes).
    Removing hk32f0xxa_rtc.o(i.RTC_TamperPinsPrechargeDuration), (28 bytes).
    Removing hk32f0xxa_rtc.o(i.RTC_TamperPullUpCmd), (36 bytes).
    Removing hk32f0xxa_rtc.o(i.RTC_TamperSamplingFreqConfig), (28 bytes).
    Removing hk32f0xxa_rtc.o(i.RTC_TamperTriggerConfig), (36 bytes).
    Removing hk32f0xxa_rtc.o(i.RTC_TimeStampCmd), (60 bytes).
    Removing hk32f0xxa_rtc.o(i.RTC_TimeStampOnTamperDetectionCmd), (36 bytes).
    Removing hk32f0xxa_rtc.o(i.RTC_TimeStructInit), (12 bytes).
    Removing hk32f0xxa_rtc.o(i.RTC_WaitForSynchro), (120 bytes).
    Removing hk32f0xxa_rtc.o(i.RTC_WakeUpClockConfig), (52 bytes).
    Removing hk32f0xxa_rtc.o(i.RTC_WakeUpCmd), (124 bytes).
    Removing hk32f0xxa_rtc.o(i.RTC_WriteBackupRegister), (28 bytes).
    Removing hk32f0xxa_rtc.o(i.RTC_WriteProtectionCmd), (32 bytes).
    Removing hk32f0xxa_spi.o(.rev16_text), (4 bytes).
    Removing hk32f0xxa_spi.o(.revsh_text), (4 bytes).
    Removing hk32f0xxa_spi.o(i.I2S_Cmd), (24 bytes).
    Removing hk32f0xxa_spi.o(i.I2S_Init), (216 bytes).
    Removing hk32f0xxa_spi.o(i.I2S_StructInit), (20 bytes).
    Removing hk32f0xxa_spi.o(i.SPI_BiDirectionalLineConfig), (28 bytes).
    Removing hk32f0xxa_spi.o(i.SPI_CRCLengthConfig), (18 bytes).
    Removing hk32f0xxa_spi.o(i.SPI_CalculateCRC), (24 bytes).
    Removing hk32f0xxa_spi.o(i.SPI_Cmd), (24 bytes).
    Removing hk32f0xxa_spi.o(i.SPI_DataSizeConfig), (18 bytes).
    Removing hk32f0xxa_spi.o(i.SPI_GetCRC), (16 bytes).
    Removing hk32f0xxa_spi.o(i.SPI_GetCRCPolynomial), (6 bytes).
    Removing hk32f0xxa_spi.o(i.SPI_GetReceptionFIFOStatus), (10 bytes).
    Removing hk32f0xxa_spi.o(i.SPI_GetTransmissionFIFOStatus), (10 bytes).
    Removing hk32f0xxa_spi.o(i.SPI_I2SClearFlag), (6 bytes).
    Removing hk32f0xxa_spi.o(i.SPI_I2SDMACmd), (18 bytes).
    Removing hk32f0xxa_spi.o(i.SPI_I2SDeInit), (60 bytes).
    Removing hk32f0xxa_spi.o(i.SPI_I2SGetFlagStatus), (18 bytes).
    Removing hk32f0xxa_spi.o(i.SPI_I2SGetITStatus), (52 bytes).
    Removing hk32f0xxa_spi.o(i.SPI_I2SITConfig), (32 bytes).
    Removing hk32f0xxa_spi.o(i.SPI_I2SReceiveData16), (6 bytes).
    Removing hk32f0xxa_spi.o(i.SPI_I2SSendData16), (4 bytes).
    Removing hk32f0xxa_spi.o(i.SPI_Init), (80 bytes).
    Removing hk32f0xxa_spi.o(i.SPI_LastDMATransferCmd), (18 bytes).
    Removing hk32f0xxa_spi.o(i.SPI_NSSInternalSoftwareConfig), (30 bytes).
    Removing hk32f0xxa_spi.o(i.SPI_NSSPulseModeCmd), (24 bytes).
    Removing hk32f0xxa_spi.o(i.SPI_ReceiveData8), (12 bytes).
    Removing hk32f0xxa_spi.o(i.SPI_RxFIFOThresholdConfig), (18 bytes).
    Removing hk32f0xxa_spi.o(i.SPI_SSOutputCmd), (24 bytes).
    Removing hk32f0xxa_spi.o(i.SPI_SendData8), (10 bytes).
    Removing hk32f0xxa_spi.o(i.SPI_StructInit), (30 bytes).
    Removing hk32f0xxa_spi.o(i.SPI_TIModeCmd), (24 bytes).
    Removing hk32f0xxa_spi.o(i.SPI_TransmitCRC), (10 bytes).
    Removing hk32f0xxa_syscfg.o(.rev16_text), (4 bytes).
    Removing hk32f0xxa_syscfg.o(.revsh_text), (4 bytes).
    Removing hk32f0xxa_syscfg.o(i.SYSCFG_AdcBufConfig), (24 bytes).
    Removing hk32f0xxa_syscfg.o(i.SYSCFG_AdcIn18VolConfig), (24 bytes).
    Removing hk32f0xxa_syscfg.o(i.SYSCFG_BreakConfig), (16 bytes).
    Removing hk32f0xxa_syscfg.o(i.SYSCFG_ClearFlag), (16 bytes).
    Removing hk32f0xxa_syscfg.o(i.SYSCFG_DMAChannelRemapConfig), (32 bytes).
    Removing hk32f0xxa_syscfg.o(i.SYSCFG_DeInit), (40 bytes).
    Removing hk32f0xxa_syscfg.o(i.SYSCFG_GetFlagStatus), (28 bytes).
    Removing hk32f0xxa_syscfg.o(i.SYSCFG_I2CFastModePlusConfig), (32 bytes).
    Removing hk32f0xxa_syscfg.o(i.SYSCFG_MemoryRemapConfig), (24 bytes).
    Removing hk32f0xxa_syscfg.o(i.SYSCFG_RefVolConfig), (24 bytes).
    Removing hk32f0xxa_syscfg.o(i.SYSCFG_Tim3Ch4RemapConfig), (24 bytes).
    Removing hk32f0xxa_syscfg.o(i.SYSCFG_VrefBufCMD), (24 bytes).
    Removing hk32f0xxa_syscfg.o(i.SYSCFG_VrefConfig), (24 bytes).
    Removing hk32f0xxa_trng.o(.rev16_text), (4 bytes).
    Removing hk32f0xxa_trng.o(.revsh_text), (4 bytes).
    Removing hk32f0xxa_trng.o(i.RNG_ClearITPendingBit), (16 bytes).
    Removing hk32f0xxa_trng.o(i.RNG_Cmd), (36 bytes).
    Removing hk32f0xxa_trng.o(i.RNG_DeInit), (20 bytes).
    Removing hk32f0xxa_trng.o(i.RNG_GetFlagStatus), (24 bytes).
    Removing hk32f0xxa_trng.o(i.RNG_GetITStatus), (52 bytes).
    Removing hk32f0xxa_trng.o(i.RNG_GetRandomNumber), (64 bytes).
    Removing hk32f0xxa_trng.o(i.RNG_GetRandomNumberIT), (12 bytes).
    Removing hk32f0xxa_trng.o(i.RNG_ITConfig), (36 bytes).
    Removing hk32f0xxa_trng.o(i.RNG_Init), (32 bytes).
    Removing hk32f0xxa_tim.o(.rev16_text), (4 bytes).
    Removing hk32f0xxa_tim.o(.revsh_text), (4 bytes).
    Removing hk32f0xxa_tim.o(i.TI1_Config), (62 bytes).
    Removing hk32f0xxa_tim.o(i.TI2_Config), (84 bytes).
    Removing hk32f0xxa_tim.o(i.TI3_Config), (76 bytes).
    Removing hk32f0xxa_tim.o(i.TI4_Config), (84 bytes).
    Removing hk32f0xxa_tim.o(i.TIM_ARRPreloadConfig), (24 bytes).
    Removing hk32f0xxa_tim.o(i.TIM_BDTRConfig), (30 bytes).
    Removing hk32f0xxa_tim.o(i.TIM_BDTRStructInit), (18 bytes).
    Removing hk32f0xxa_tim.o(i.TIM_CCPreloadControl), (24 bytes).
    Removing hk32f0xxa_tim.o(i.TIM_CCxCmd), (34 bytes).
    Removing hk32f0xxa_tim.o(i.TIM_CCxNCmd), (34 bytes).
    Removing hk32f0xxa_tim.o(i.TIM_ClearFlag), (8 bytes).
    Removing hk32f0xxa_tim.o(i.TIM_ClearITPendingBit), (8 bytes).
    Removing hk32f0xxa_tim.o(i.TIM_ClearOC1Ref), (20 bytes).
    Removing hk32f0xxa_tim.o(i.TIM_ClearOC2Ref), (26 bytes).
    Removing hk32f0xxa_tim.o(i.TIM_ClearOC3Ref), (20 bytes).
    Removing hk32f0xxa_tim.o(i.TIM_ClearOC4Ref), (26 bytes).
    Removing hk32f0xxa_tim.o(i.TIM_Cmd), (24 bytes).
    Removing hk32f0xxa_tim.o(i.TIM_CounterModeConfig), (20 bytes).
    Removing hk32f0xxa_tim.o(i.TIM_CtrlPWMOutputs), (22 bytes).
    Removing hk32f0xxa_tim.o(i.TIM_DMACmd), (24 bytes).
    Removing hk32f0xxa_tim.o(i.TIM_DMAConfig), (8 bytes).
    Removing hk32f0xxa_tim.o(i.TIM_DeInit), (232 bytes).
    Removing hk32f0xxa_tim.o(i.TIM_ETRClockMode1Config), (56 bytes).
    Removing hk32f0xxa_tim.o(i.TIM_ETRClockMode2Config), (32 bytes).
    Removing hk32f0xxa_tim.o(i.TIM_ETRConfig), (30 bytes).
    Removing hk32f0xxa_tim.o(i.TIM_EncoderInterfaceConfig), (72 bytes).
    Removing hk32f0xxa_tim.o(i.TIM_ForcedOC1Config), (20 bytes).
    Removing hk32f0xxa_tim.o(i.TIM_ForcedOC2Config), (28 bytes).
    Removing hk32f0xxa_tim.o(i.TIM_ForcedOC3Config), (20 bytes).
    Removing hk32f0xxa_tim.o(i.TIM_ForcedOC4Config), (28 bytes).
    Removing hk32f0xxa_tim.o(i.TIM_GenerateEvent), (4 bytes).
    Removing hk32f0xxa_tim.o(i.TIM_GetCapture1), (6 bytes).
    Removing hk32f0xxa_tim.o(i.TIM_GetCapture2), (6 bytes).
    Removing hk32f0xxa_tim.o(i.TIM_GetCapture3), (6 bytes).
    Removing hk32f0xxa_tim.o(i.TIM_GetCapture4), (6 bytes).
    Removing hk32f0xxa_tim.o(i.TIM_GetCounter), (6 bytes).
    Removing hk32f0xxa_tim.o(i.TIM_GetFlagStatus), (18 bytes).
    Removing hk32f0xxa_tim.o(i.TIM_GetITStatus), (34 bytes).
    Removing hk32f0xxa_tim.o(i.TIM_GetPrescaler), (8 bytes).
    Removing hk32f0xxa_tim.o(i.TIM_ICInit), (110 bytes).
    Removing hk32f0xxa_tim.o(i.TIM_ICStructInit), (18 bytes).
    Removing hk32f0xxa_tim.o(i.TIM_ITConfig), (24 bytes).
    Removing hk32f0xxa_tim.o(i.TIM_ITRxExternalClockConfig), (24 bytes).
    Removing hk32f0xxa_tim.o(i.TIM_InternalClockConfig), (12 bytes).
    Removing hk32f0xxa_tim.o(i.TIM_OC1FastConfig), (20 bytes).
    Removing hk32f0xxa_tim.o(i.TIM_OC1Init), (148 bytes).
    Removing hk32f0xxa_tim.o(i.TIM_OC1NPolarityConfig), (20 bytes).
    Removing hk32f0xxa_tim.o(i.TIM_OC1PolarityConfig), (20 bytes).
    Removing hk32f0xxa_tim.o(i.TIM_OC1PreloadConfig), (20 bytes).
    Removing hk32f0xxa_tim.o(i.TIM_OC2FastConfig), (28 bytes).
    Removing hk32f0xxa_tim.o(i.TIM_OC2Init), (176 bytes).
    Removing hk32f0xxa_tim.o(i.TIM_OC2NPolarityConfig), (28 bytes).
    Removing hk32f0xxa_tim.o(i.TIM_OC2PolarityConfig), (28 bytes).
    Removing hk32f0xxa_tim.o(i.TIM_OC2PreloadConfig), (28 bytes).
    Removing hk32f0xxa_tim.o(i.TIM_OC3FastConfig), (20 bytes).
    Removing hk32f0xxa_tim.o(i.TIM_OC3Init), (152 bytes).
    Removing hk32f0xxa_tim.o(i.TIM_OC3NPolarityConfig), (28 bytes).
    Removing hk32f0xxa_tim.o(i.TIM_OC3PolarityConfig), (28 bytes).
    Removing hk32f0xxa_tim.o(i.TIM_OC3PreloadConfig), (20 bytes).
    Removing hk32f0xxa_tim.o(i.TIM_OC4FastConfig), (28 bytes).
    Removing hk32f0xxa_tim.o(i.TIM_OC4Init), (112 bytes).
    Removing hk32f0xxa_tim.o(i.TIM_OC4PolarityConfig), (28 bytes).
    Removing hk32f0xxa_tim.o(i.TIM_OC4PreloadConfig), (28 bytes).
    Removing hk32f0xxa_tim.o(i.TIM_OCStructInit), (20 bytes).
    Removing hk32f0xxa_tim.o(i.TIM_PWMIConfig), (124 bytes).
    Removing hk32f0xxa_tim.o(i.TIM_PrescalerConfig), (6 bytes).
    Removing hk32f0xxa_tim.o(i.TIM_RemapConfig), (4 bytes).
    Removing hk32f0xxa_tim.o(i.TIM_SelectCCDMA), (24 bytes).
    Removing hk32f0xxa_tim.o(i.TIM_SelectCOM), (24 bytes).
    Removing hk32f0xxa_tim.o(i.TIM_SelectHallSensor), (24 bytes).
    Removing hk32f0xxa_tim.o(i.TIM_SelectInputTrigger), (20 bytes).
    Removing hk32f0xxa_tim.o(i.TIM_SelectMasterSlaveMode), (18 bytes).
    Removing hk32f0xxa_tim.o(i.TIM_SelectOCREFClear), (18 bytes).
    Removing hk32f0xxa_tim.o(i.TIM_SelectOCxM), (86 bytes).
    Removing hk32f0xxa_tim.o(i.TIM_SelectOnePulseMode), (18 bytes).
    Removing hk32f0xxa_tim.o(i.TIM_SelectOutputTrigger), (18 bytes).
    Removing hk32f0xxa_tim.o(i.TIM_SelectSlaveMode), (18 bytes).
    Removing hk32f0xxa_tim.o(i.TIM_SetAutoreload), (4 bytes).
    Removing hk32f0xxa_tim.o(i.TIM_SetClockDivision), (18 bytes).
    Removing hk32f0xxa_tim.o(i.TIM_SetCompare1), (4 bytes).
    Removing hk32f0xxa_tim.o(i.TIM_SetCompare2), (4 bytes).
    Removing hk32f0xxa_tim.o(i.TIM_SetCompare3), (4 bytes).
    Removing hk32f0xxa_tim.o(i.TIM_SetCompare4), (4 bytes).
    Removing hk32f0xxa_tim.o(i.TIM_SetCounter), (4 bytes).
    Removing hk32f0xxa_tim.o(i.TIM_SetIC1Prescaler), (18 bytes).
    Removing hk32f0xxa_tim.o(i.TIM_SetIC2Prescaler), (26 bytes).
    Removing hk32f0xxa_tim.o(i.TIM_SetIC3Prescaler), (18 bytes).
    Removing hk32f0xxa_tim.o(i.TIM_SetIC4Prescaler), (26 bytes).
    Removing hk32f0xxa_tim.o(i.TIM_TIxExternalClockConfig), (62 bytes).
    Removing hk32f0xxa_tim.o(i.TIM_TimeBaseInit), (120 bytes).
    Removing hk32f0xxa_tim.o(i.TIM_TimeBaseStructInit), (18 bytes).
    Removing hk32f0xxa_tim.o(i.TIM_UpdateDisableConfig), (24 bytes).
    Removing hk32f0xxa_tim.o(i.TIM_UpdateRequestConfig), (24 bytes).
    Removing hk32f0xxa_usart.o(.rev16_text), (4 bytes).
    Removing hk32f0xxa_usart.o(.revsh_text), (4 bytes).
    Removing hk32f0xxa_usart.o(i.USART_AddressDetectionConfig), (16 bytes).
    Removing hk32f0xxa_usart.o(i.USART_AutoBaudRateCmd), (22 bytes).
    Removing hk32f0xxa_usart.o(i.USART_AutoBaudRateConfig), (16 bytes).
    Removing hk32f0xxa_usart.o(i.USART_ClearFlag), (4 bytes).
    Removing hk32f0xxa_usart.o(i.USART_ClearITPendingBit), (18 bytes).
    Removing hk32f0xxa_usart.o(i.USART_ClockInit), (30 bytes).
    Removing hk32f0xxa_usart.o(i.USART_ClockStructInit), (12 bytes).
    Removing hk32f0xxa_usart.o(i.USART_Cmd), (22 bytes).
    Removing hk32f0xxa_usart.o(i.USART_DECmd), (22 bytes).
    Removing hk32f0xxa_usart.o(i.USART_DEPolarityConfig), (16 bytes).
    Removing hk32f0xxa_usart.o(i.USART_DMACmd), (18 bytes).
    Removing hk32f0xxa_usart.o(i.USART_DMAReceptionErrorConfig), (16 bytes).
    Removing hk32f0xxa_usart.o(i.USART_DataInvCmd), (22 bytes).
    Removing hk32f0xxa_usart.o(i.USART_DeInit), (64 bytes).
    Removing hk32f0xxa_usart.o(i.USART_DirectionModeCmd), (18 bytes).
    Removing hk32f0xxa_usart.o(i.USART_GetFlagStatus), (18 bytes).
    Removing hk32f0xxa_usart.o(i.USART_GetITStatus), (74 bytes).
    Removing hk32f0xxa_usart.o(i.USART_HalfDuplexCmd), (22 bytes).
    Removing hk32f0xxa_usart.o(i.USART_ITConfig), (58 bytes).
    Removing hk32f0xxa_usart.o(i.USART_Init), (208 bytes).
    Removing hk32f0xxa_usart.o(i.USART_InvPinCmd), (18 bytes).
    Removing hk32f0xxa_usart.o(i.USART_IrDACmd), (22 bytes).
    Removing hk32f0xxa_usart.o(i.USART_IrDAConfig), (16 bytes).
    Removing hk32f0xxa_usart.o(i.USART_LINBreakDetectLengthConfig), (16 bytes).
    Removing hk32f0xxa_usart.o(i.USART_LINCmd), (22 bytes).
    Removing hk32f0xxa_usart.o(i.USART_MSBFirstCmd), (22 bytes).
    Removing hk32f0xxa_usart.o(i.USART_MuteModeCmd), (22 bytes).
    Removing hk32f0xxa_usart.o(i.USART_MuteModeWakeUpConfig), (16 bytes).
    Removing hk32f0xxa_usart.o(i.USART_OneBitMethodCmd), (22 bytes).
    Removing hk32f0xxa_usart.o(i.USART_OverSampling8Cmd), (22 bytes).
    Removing hk32f0xxa_usart.o(i.USART_OverrunDetectionConfig), (16 bytes).
    Removing hk32f0xxa_usart.o(i.USART_ReceiveData), (10 bytes).
    Removing hk32f0xxa_usart.o(i.USART_ReceiverTimeOutCmd), (22 bytes).
    Removing hk32f0xxa_usart.o(i.USART_RequestCmd), (18 bytes).
    Removing hk32f0xxa_usart.o(i.USART_STOPModeCmd), (22 bytes).
    Removing hk32f0xxa_usart.o(i.USART_SWAPPinCmd), (22 bytes).
    Removing hk32f0xxa_usart.o(i.USART_SendData), (8 bytes).
    Removing hk32f0xxa_usart.o(i.USART_SetAddress), (18 bytes).
    Removing hk32f0xxa_usart.o(i.USART_SetAutoRetryCount), (18 bytes).
    Removing hk32f0xxa_usart.o(i.USART_SetBlockLength), (18 bytes).
    Removing hk32f0xxa_usart.o(i.USART_SetDEAssertionTime), (18 bytes).
    Removing hk32f0xxa_usart.o(i.USART_SetDEDeassertionTime), (18 bytes).
    Removing hk32f0xxa_usart.o(i.USART_SetGuardTime), (16 bytes).
    Removing hk32f0xxa_usart.o(i.USART_SetPrescaler), (16 bytes).
    Removing hk32f0xxa_usart.o(i.USART_SetReceiverTimeOut), (16 bytes).
    Removing hk32f0xxa_usart.o(i.USART_SmartCardCmd), (22 bytes).
    Removing hk32f0xxa_usart.o(i.USART_SmartCardNACKCmd), (22 bytes).
    Removing hk32f0xxa_usart.o(i.USART_StopModeWakeUpSourceConfig), (16 bytes).
    Removing hk32f0xxa_usart.o(i.USART_StructInit), (24 bytes).
    Removing hk32f0xxa_wwdg.o(.rev16_text), (4 bytes).
    Removing hk32f0xxa_wwdg.o(.revsh_text), (4 bytes).
    Removing hk32f0xxa_wwdg.o(i.WWDG_ClearFlag), (12 bytes).
    Removing hk32f0xxa_wwdg.o(i.WWDG_DeInit), (22 bytes).
    Removing hk32f0xxa_wwdg.o(i.WWDG_Enable), (16 bytes).
    Removing hk32f0xxa_wwdg.o(i.WWDG_EnableIT), (20 bytes).
    Removing hk32f0xxa_wwdg.o(i.WWDG_GetFlagStatus), (20 bytes).
    Removing hk32f0xxa_wwdg.o(i.WWDG_SetCounter), (16 bytes).
    Removing hk32f0xxa_wwdg.o(i.WWDG_SetPrescaler), (24 bytes).
    Removing hk32f0xxa_wwdg.o(i.WWDG_SetWindowValue), (40 bytes).
    Removing hk32f0xxa_eval.o(.rev16_text), (4 bytes).
    Removing hk32f0xxa_eval.o(.revsh_text), (4 bytes).
    Removing hk32f0xxa_eval.o(i.HK_EVAL_COMInit), (216 bytes).
    Removing hk32f0xxa_eval.o(i.HK_EVAL_LEDOff), (24 bytes).
    Removing hk32f0xxa_eval.o(i.HK_EVAL_LEDOn), (24 bytes).
    Removing hk32f0xxa_eval.o(i.HK_EVAL_PBGetState), (32 bytes).
    Removing hk32f0xxa_eval.o(i.LM75_LowLevel_DeInit), (84 bytes).
    Removing hk32f0xxa_eval.o(i.LM75_LowLevel_Init), (120 bytes).
    Removing hk32f0xxa_eval.o(i.SD_LowLevel_DeInit), (120 bytes).
    Removing hk32f0xxa_eval.o(i.SD_LowLevel_Init), (284 bytes).
    Removing hk32f0xxa_eval.o(i.fputc), (52 bytes).
    Removing hk32f0xxa_eval.o(i.sEE_LowLevel_DeInit), (72 bytes).
    Removing hk32f0xxa_eval.o(i.sEE_LowLevel_Init), (100 bytes).
    Removing hk32f0xxa_eval.o(i.sFLASH_LowLevel_DeInit), (112 bytes).
    Removing hk32f0xxa_eval.o(i.sFLASH_LowLevel_Init), (140 bytes).
    Removing hk32f0xxa_eval_i2c_ee.o(.rev16_text), (4 bytes).
    Removing hk32f0xxa_eval_i2c_ee.o(.revsh_text), (4 bytes).
    Removing hk32f0xxa_eval_i2c_ee.o(i.sEE_DeInit), (8 bytes).
    Removing hk32f0xxa_eval_i2c_ee.o(i.sEE_Init), (64 bytes).
    Removing hk32f0xxa_eval_i2c_ee.o(i.sEE_ReadBuffer), (664 bytes).
    Removing hk32f0xxa_eval_i2c_ee.o(i.sEE_TIMEOUT_UserCallback), (48 bytes).
    Removing hk32f0xxa_eval_i2c_ee.o(i.sEE_WaitEepromStandbyState), (120 bytes).
    Removing hk32f0xxa_eval_i2c_ee.o(i.sEE_WriteBuffer), (388 bytes).
    Removing hk32f0xxa_eval_i2c_ee.o(i.sEE_WritePage), (336 bytes).
    Removing hk32f0xxa_eval_i2c_ee.o(.data), (10 bytes).
    Removing hk32f0xxa_eval_i2c_tsensor.o(.rev16_text), (4 bytes).
    Removing hk32f0xxa_eval_i2c_tsensor.o(.revsh_text), (4 bytes).
    Removing hk32f0xxa_eval_i2c_tsensor.o(i.LM75_DeInit), (8 bytes).
    Removing hk32f0xxa_eval_i2c_tsensor.o(i.LM75_GetStatus), (104 bytes).
    Removing hk32f0xxa_eval_i2c_tsensor.o(i.LM75_Init), (60 bytes).
    Removing hk32f0xxa_eval_i2c_tsensor.o(i.LM75_ReadConfReg), (276 bytes).
    Removing hk32f0xxa_eval_i2c_tsensor.o(i.LM75_ReadReg), (304 bytes).
    Removing hk32f0xxa_eval_i2c_tsensor.o(i.LM75_ReadTemp), (300 bytes).
    Removing hk32f0xxa_eval_i2c_tsensor.o(i.LM75_ShutDown), (560 bytes).
    Removing hk32f0xxa_eval_i2c_tsensor.o(i.LM75_WriteConfReg), (272 bytes).
    Removing hk32f0xxa_eval_i2c_tsensor.o(i.LM75_WriteReg), (300 bytes).
    Removing hk32f0xxa_eval_i2c_tsensor.o(.data), (4 bytes).
    Removing hk32f0xxa_eval_spi_sd.o(.rev16_text), (4 bytes).
    Removing hk32f0xxa_eval_spi_sd.o(.revsh_text), (4 bytes).
    Removing hk32f0xxa_eval_spi_sd.o(i.SD_DeInit), (8 bytes).
    Removing hk32f0xxa_eval_spi_sd.o(i.SD_Detect), (32 bytes).
    Removing hk32f0xxa_eval_spi_sd.o(i.SD_GetCIDRegister), (264 bytes).
    Removing hk32f0xxa_eval_spi_sd.o(i.SD_GetCSDRegister), (520 bytes).
    Removing hk32f0xxa_eval_spi_sd.o(i.SD_GetCardInfo), (62 bytes).
    Removing hk32f0xxa_eval_spi_sd.o(i.SD_GetDataResponse), (76 bytes).
    Removing hk32f0xxa_eval_spi_sd.o(i.SD_GetResponse), (34 bytes).
    Removing hk32f0xxa_eval_spi_sd.o(i.SD_GetStatus), (60 bytes).
    Removing hk32f0xxa_eval_spi_sd.o(i.SD_GoIdleState), (100 bytes).
    Removing hk32f0xxa_eval_spi_sd.o(i.SD_Init), (44 bytes).
    Removing hk32f0xxa_eval_spi_sd.o(i.SD_ReadBlock), (104 bytes).
    Removing hk32f0xxa_eval_spi_sd.o(i.SD_ReadByte), (52 bytes).
    Removing hk32f0xxa_eval_spi_sd.o(i.SD_ReadMultiBlocks), (140 bytes).
    Removing hk32f0xxa_eval_spi_sd.o(i.SD_SendCmd), (70 bytes).
    Removing hk32f0xxa_eval_spi_sd.o(i.SD_WriteBlock), (116 bytes).
    Removing hk32f0xxa_eval_spi_sd.o(i.SD_WriteByte), (52 bytes).
    Removing hk32f0xxa_eval_spi_sd.o(i.SD_WriteMultiBlocks), (152 bytes).
    Removing fadd.o(.text), (176 bytes).
    Removing fmul.o(.text), (100 bytes).
    Removing fdiv.o(.text), (124 bytes).
    Removing dmul.o(.text), (228 bytes).
    Removing fflti.o(.text), (18 bytes).
    Removing ffltui.o(.text), (10 bytes).
    Removing ffixi.o(.text), (50 bytes).
    Removing dfixi.o(.text), (62 bytes).
    Removing f2d.o(.text), (38 bytes).
    Removing fepilogue.o(.text), (110 bytes).
    Removing depilogue.o(.text), (186 bytes).
    Removing dadd.o(.text), (334 bytes).
    Removing ddiv.o(.text), (222 bytes).
    Removing dfixul.o(.text), (48 bytes).
    Removing cdrcmple.o(.text), (48 bytes).

749 unused section(s) (total 37133 bytes) removed from the image.

==============================================================================

Image Symbol Table

    Local Symbols

    Symbol Name                              Value     Ov Type        Size  Object(Section)

    ../clib/microlib/division.c              0x00000000   Number         0  uldiv.o ABSOLUTE
    ../clib/microlib/division.c              0x00000000   Number         0  uidiv.o ABSOLUTE
    ../clib/microlib/init/entry.s            0x00000000   Number         0  entry11b.o ABSOLUTE
    ../clib/microlib/init/entry.s            0x00000000   Number         0  entry8a.o ABSOLUTE
    ../clib/microlib/init/entry.s            0x00000000   Number         0  entry8b.o ABSOLUTE
    ../clib/microlib/init/entry.s            0x00000000   Number         0  entry9a.o ABSOLUTE
    ../clib/microlib/init/entry.s            0x00000000   Number         0  entry9b.o ABSOLUTE
    ../clib/microlib/init/entry.s            0x00000000   Number         0  entry10a.o ABSOLUTE
    ../clib/microlib/init/entry.s            0x00000000   Number         0  entry7b.o ABSOLUTE
    ../clib/microlib/init/entry.s            0x00000000   Number         0  entry10b.o ABSOLUTE
    ../clib/microlib/init/entry.s            0x00000000   Number         0  entry12b.o ABSOLUTE
    ../clib/microlib/init/entry.s            0x00000000   Number         0  entry.o ABSOLUTE
    ../clib/microlib/init/entry.s            0x00000000   Number         0  entry11a.o ABSOLUTE
    ../clib/microlib/init/entry.s            0x00000000   Number         0  entry7a.o ABSOLUTE
    ../clib/microlib/init/entry.s            0x00000000   Number         0  entry5.o ABSOLUTE
    ../clib/microlib/init/entry.s            0x00000000   Number         0  entry12a.o ABSOLUTE
    ../clib/microlib/init/entry.s            0x00000000   Number         0  entry2.o ABSOLUTE
    ../clib/microlib/longlong.c              0x00000000   Number         0  llshl.o ABSOLUTE
    ../clib/microlib/longlong.c              0x00000000   Number         0  llsshr.o ABSOLUTE
    ../clib/microlib/longlong.c              0x00000000   Number         0  llushr.o ABSOLUTE
    ../clib/microlib/printf/printf.c         0x00000000   Number         0  printf6.o ABSOLUTE
    ../clib/microlib/printf/printf.c         0x00000000   Number         0  printf3.o ABSOLUTE
    ../clib/microlib/printf/printf.c         0x00000000   Number         0  printf2.o ABSOLUTE
    ../clib/microlib/printf/printf.c         0x00000000   Number         0  printf1.o ABSOLUTE
    ../clib/microlib/printf/printf.c         0x00000000   Number         0  printfb.o ABSOLUTE
    ../clib/microlib/printf/printf.c         0x00000000   Number         0  printf5.o ABSOLUTE
    ../clib/microlib/printf/printf.c         0x00000000   Number         0  printf0.o ABSOLUTE
    ../clib/microlib/printf/printf.c         0x00000000   Number         0  printf4.o ABSOLUTE
    ../clib/microlib/printf/printf.c         0x00000000   Number         0  printfa.o ABSOLUTE
    ../clib/microlib/printf/printf.c         0x00000000   Number         0  printf8.o ABSOLUTE
    ../clib/microlib/printf/printf.c         0x00000000   Number         0  printf7.o ABSOLUTE
    ../clib/microlib/stdio/streams.c         0x00000000   Number         0  stdout.o ABSOLUTE
    ../clib/microlib/stubs.s                 0x00000000   Number         0  iusefp.o ABSOLUTE
    ../fplib/microlib/f2d.c                  0x00000000   Number         0  f2d.o ABSOLUTE
    ../fplib/microlib/fpadd.c                0x00000000   Number         0  fadd.o ABSOLUTE
    ../fplib/microlib/fpadd.c                0x00000000   Number         0  dadd.o ABSOLUTE
    ../fplib/microlib/fpdiv.c                0x00000000   Number         0  ddiv.o ABSOLUTE
    ../fplib/microlib/fpdiv.c                0x00000000   Number         0  fdiv.o ABSOLUTE
    ../fplib/microlib/fpepilogue.c           0x00000000   Number         0  depilogue.o ABSOLUTE
    ../fplib/microlib/fpepilogue.c           0x00000000   Number         0  fepilogue.o ABSOLUTE
    ../fplib/microlib/fpfix.c                0x00000000   Number         0  dfixi.o ABSOLUTE
    ../fplib/microlib/fpfix.c                0x00000000   Number         0  ffixi.o ABSOLUTE
    ../fplib/microlib/fpfix.c                0x00000000   Number         0  dfixul.o ABSOLUTE
    ../fplib/microlib/fpflt.c                0x00000000   Number         0  fflti.o ABSOLUTE
    ../fplib/microlib/fpflt.c                0x00000000   Number         0  ffltui.o ABSOLUTE
    ../fplib/microlib/fpmul.c                0x00000000   Number         0  fmul.o ABSOLUTE
    ../fplib/microlib/fpmul.c                0x00000000   Number         0  dmul.o ABSOLUTE
    ..\..\..\..\..\Boards\Board_HK32F0xxA_EVAL\hk32f0xxa_eval.c 0x00000000   Number         0  hk32f0xxa_eval.o ABSOLUTE
    ..\..\..\..\..\Boards\Board_HK32F0xxA_EVAL\hk32f0xxa_eval_i2c_ee.c 0x00000000   Number         0  hk32f0xxa_eval_i2c_ee.o ABSOLUTE
    ..\..\..\..\..\Boards\Board_HK32F0xxA_EVAL\hk32f0xxa_eval_i2c_tsensor.c 0x00000000   Number         0  hk32f0xxa_eval_i2c_tsensor.o ABSOLUTE
    ..\..\..\..\..\Boards\Board_HK32F0xxA_EVAL\hk32f0xxa_eval_spi_sd.c 0x00000000   Number         0  hk32f0xxa_eval_spi_sd.o ABSOLUTE
    ..\..\..\..\..\Libraries\CMSIS\HK32F0xxA\Source\ARM\startup_hk32f04axxa.s 0x00000000   Number         0  startup_hk32f04axxa.o ABSOLUTE
    ..\..\..\..\..\Libraries\CMSIS\HK32F0xxA\Source\system_hk32f0xxa.c 0x00000000   Number         0  system_hk32f0xxa.o ABSOLUTE
    ..\..\..\..\..\Libraries\HK32F0xxA_StdPeriphDriver\src\hk32f0xxa_adc.c 0x00000000   Number         0  hk32f0xxa_adc.o ABSOLUTE
    ..\..\..\..\..\Libraries\HK32F0xxA_StdPeriphDriver\src\hk32f0xxa_aes.c 0x00000000   Number         0  hk32f0xxa_aes.o ABSOLUTE
    ..\..\..\..\..\Libraries\HK32F0xxA_StdPeriphDriver\src\hk32f0xxa_can.c 0x00000000   Number         0  hk32f0xxa_can.o ABSOLUTE
    ..\..\..\..\..\Libraries\HK32F0xxA_StdPeriphDriver\src\hk32f0xxa_clu.c 0x00000000   Number         0  hk32f0xxa_clu.o ABSOLUTE
    ..\..\..\..\..\Libraries\HK32F0xxA_StdPeriphDriver\src\hk32f0xxa_comp.c 0x00000000   Number         0  hk32f0xxa_comp.o ABSOLUTE
    ..\..\..\..\..\Libraries\HK32F0xxA_StdPeriphDriver\src\hk32f0xxa_crc.c 0x00000000   Number         0  hk32f0xxa_crc.o ABSOLUTE
    ..\..\..\..\..\Libraries\HK32F0xxA_StdPeriphDriver\src\hk32f0xxa_dbgmcu.c 0x00000000   Number         0  hk32f0xxa_dbgmcu.o ABSOLUTE
    ..\..\..\..\..\Libraries\HK32F0xxA_StdPeriphDriver\src\hk32f0xxa_divsqrt.c 0x00000000   Number         0  hk32f0xxa_divsqrt.o ABSOLUTE
    ..\..\..\..\..\Libraries\HK32F0xxA_StdPeriphDriver\src\hk32f0xxa_dma.c 0x00000000   Number         0  hk32f0xxa_dma.o ABSOLUTE
    ..\..\..\..\..\Libraries\HK32F0xxA_StdPeriphDriver\src\hk32f0xxa_emacc.c 0x00000000   Number         0  hk32f0xxa_emacc.o ABSOLUTE
    ..\..\..\..\..\Libraries\HK32F0xxA_StdPeriphDriver\src\hk32f0xxa_exti.c 0x00000000   Number         0  hk32f0xxa_exti.o ABSOLUTE
    ..\..\..\..\..\Libraries\HK32F0xxA_StdPeriphDriver\src\hk32f0xxa_flash.c 0x00000000   Number         0  hk32f0xxa_flash.o ABSOLUTE
    ..\..\..\..\..\Libraries\HK32F0xxA_StdPeriphDriver\src\hk32f0xxa_gpio.c 0x00000000   Number         0  hk32f0xxa_gpio.o ABSOLUTE
    ..\..\..\..\..\Libraries\HK32F0xxA_StdPeriphDriver\src\hk32f0xxa_hash.c 0x00000000   Number         0  hk32f0xxa_hash.o ABSOLUTE
    ..\..\..\..\..\Libraries\HK32F0xxA_StdPeriphDriver\src\hk32f0xxa_i2c.c 0x00000000   Number         0  hk32f0xxa_i2c.o ABSOLUTE
    ..\..\..\..\..\Libraries\HK32F0xxA_StdPeriphDriver\src\hk32f0xxa_iwdg.c 0x00000000   Number         0  hk32f0xxa_iwdg.o ABSOLUTE
    ..\..\..\..\..\Libraries\HK32F0xxA_StdPeriphDriver\src\hk32f0xxa_lpuart.c 0x00000000   Number         0  hk32f0xxa_lpuart.o ABSOLUTE
    ..\..\..\..\..\Libraries\HK32F0xxA_StdPeriphDriver\src\hk32f0xxa_misc.c 0x00000000   Number         0  hk32f0xxa_misc.o ABSOLUTE
    ..\..\..\..\..\Libraries\HK32F0xxA_StdPeriphDriver\src\hk32f0xxa_pwr.c 0x00000000   Number         0  hk32f0xxa_pwr.o ABSOLUTE
    ..\..\..\..\..\Libraries\HK32F0xxA_StdPeriphDriver\src\hk32f0xxa_rcc.c 0x00000000   Number         0  hk32f0xxa_rcc.o ABSOLUTE
    ..\..\..\..\..\Libraries\HK32F0xxA_StdPeriphDriver\src\hk32f0xxa_rtc.c 0x00000000   Number         0  hk32f0xxa_rtc.o ABSOLUTE
    ..\..\..\..\..\Libraries\HK32F0xxA_StdPeriphDriver\src\hk32f0xxa_spi.c 0x00000000   Number         0  hk32f0xxa_spi.o ABSOLUTE
    ..\..\..\..\..\Libraries\HK32F0xxA_StdPeriphDriver\src\hk32f0xxa_syscfg.c 0x00000000   Number         0  hk32f0xxa_syscfg.o ABSOLUTE
    ..\..\..\..\..\Libraries\HK32F0xxA_StdPeriphDriver\src\hk32f0xxa_tim.c 0x00000000   Number         0  hk32f0xxa_tim.o ABSOLUTE
    ..\..\..\..\..\Libraries\HK32F0xxA_StdPeriphDriver\src\hk32f0xxa_trng.c 0x00000000   Number         0  hk32f0xxa_trng.o ABSOLUTE
    ..\..\..\..\..\Libraries\HK32F0xxA_StdPeriphDriver\src\hk32f0xxa_usart.c 0x00000000   Number         0  hk32f0xxa_usart.o ABSOLUTE
    ..\..\..\..\..\Libraries\HK32F0xxA_StdPeriphDriver\src\hk32f0xxa_wwdg.c 0x00000000   Number         0  hk32f0xxa_wwdg.o ABSOLUTE
    ..\\..\\..\\..\\..\\Boards\\Board_HK32F0xxA_EVAL\\hk32f0xxa_eval.c 0x00000000   Number         0  hk32f0xxa_eval.o ABSOLUTE
    ..\\..\\..\\..\\..\\Boards\\Board_HK32F0xxA_EVAL\\hk32f0xxa_eval_i2c_ee.c 0x00000000   Number         0  hk32f0xxa_eval_i2c_ee.o ABSOLUTE
    ..\\..\\..\\..\\..\\Boards\\Board_HK32F0xxA_EVAL\\hk32f0xxa_eval_i2c_tsensor.c 0x00000000   Number         0  hk32f0xxa_eval_i2c_tsensor.o ABSOLUTE
    ..\\..\\..\\..\\..\\Boards\\Board_HK32F0xxA_EVAL\\hk32f0xxa_eval_spi_sd.c 0x00000000   Number         0  hk32f0xxa_eval_spi_sd.o ABSOLUTE
    ..\\..\\..\\..\\..\\Libraries\\CMSIS\\HK32F0xxA\\Source\\system_hk32f0xxa.c 0x00000000   Number         0  system_hk32f0xxa.o ABSOLUTE
    ..\\..\\..\\..\\..\\Libraries\\HK32F0xxA_StdPeriphDriver\\src\\hk32f0xxa_adc.c 0x00000000   Number         0  hk32f0xxa_adc.o ABSOLUTE
    ..\\..\\..\\..\\..\\Libraries\\HK32F0xxA_StdPeriphDriver\\src\\hk32f0xxa_aes.c 0x00000000   Number         0  hk32f0xxa_aes.o ABSOLUTE
    ..\\..\\..\\..\\..\\Libraries\\HK32F0xxA_StdPeriphDriver\\src\\hk32f0xxa_can.c 0x00000000   Number         0  hk32f0xxa_can.o ABSOLUTE
    ..\\..\\..\\..\\..\\Libraries\\HK32F0xxA_StdPeriphDriver\\src\\hk32f0xxa_clu.c 0x00000000   Number         0  hk32f0xxa_clu.o ABSOLUTE
    ..\\..\\..\\..\\..\\Libraries\\HK32F0xxA_StdPeriphDriver\\src\\hk32f0xxa_comp.c 0x00000000   Number         0  hk32f0xxa_comp.o ABSOLUTE
    ..\\..\\..\\..\\..\\Libraries\\HK32F0xxA_StdPeriphDriver\\src\\hk32f0xxa_crc.c 0x00000000   Number         0  hk32f0xxa_crc.o ABSOLUTE
    ..\\..\\..\\..\\..\\Libraries\\HK32F0xxA_StdPeriphDriver\\src\\hk32f0xxa_dbgmcu.c 0x00000000   Number         0  hk32f0xxa_dbgmcu.o ABSOLUTE
    ..\\..\\..\\..\\..\\Libraries\\HK32F0xxA_StdPeriphDriver\\src\\hk32f0xxa_divsqrt.c 0x00000000   Number         0  hk32f0xxa_divsqrt.o ABSOLUTE
    ..\\..\\..\\..\\..\\Libraries\\HK32F0xxA_StdPeriphDriver\\src\\hk32f0xxa_dma.c 0x00000000   Number         0  hk32f0xxa_dma.o ABSOLUTE
    ..\\..\\..\\..\\..\\Libraries\\HK32F0xxA_StdPeriphDriver\\src\\hk32f0xxa_emacc.c 0x00000000   Number         0  hk32f0xxa_emacc.o ABSOLUTE
    ..\\..\\..\\..\\..\\Libraries\\HK32F0xxA_StdPeriphDriver\\src\\hk32f0xxa_exti.c 0x00000000   Number         0  hk32f0xxa_exti.o ABSOLUTE
    ..\\..\\..\\..\\..\\Libraries\\HK32F0xxA_StdPeriphDriver\\src\\hk32f0xxa_flash.c 0x00000000   Number         0  hk32f0xxa_flash.o ABSOLUTE
    ..\\..\\..\\..\\..\\Libraries\\HK32F0xxA_StdPeriphDriver\\src\\hk32f0xxa_gpio.c 0x00000000   Number         0  hk32f0xxa_gpio.o ABSOLUTE
    ..\\..\\..\\..\\..\\Libraries\\HK32F0xxA_StdPeriphDriver\\src\\hk32f0xxa_hash.c 0x00000000   Number         0  hk32f0xxa_hash.o ABSOLUTE
    ..\\..\\..\\..\\..\\Libraries\\HK32F0xxA_StdPeriphDriver\\src\\hk32f0xxa_i2c.c 0x00000000   Number         0  hk32f0xxa_i2c.o ABSOLUTE
    ..\\..\\..\\..\\..\\Libraries\\HK32F0xxA_StdPeriphDriver\\src\\hk32f0xxa_iwdg.c 0x00000000   Number         0  hk32f0xxa_iwdg.o ABSOLUTE
    ..\\..\\..\\..\\..\\Libraries\\HK32F0xxA_StdPeriphDriver\\src\\hk32f0xxa_lpuart.c 0x00000000   Number         0  hk32f0xxa_lpuart.o ABSOLUTE
    ..\\..\\..\\..\\..\\Libraries\\HK32F0xxA_StdPeriphDriver\\src\\hk32f0xxa_misc.c 0x00000000   Number         0  hk32f0xxa_misc.o ABSOLUTE
    ..\\..\\..\\..\\..\\Libraries\\HK32F0xxA_StdPeriphDriver\\src\\hk32f0xxa_pwr.c 0x00000000   Number         0  hk32f0xxa_pwr.o ABSOLUTE
    ..\\..\\..\\..\\..\\Libraries\\HK32F0xxA_StdPeriphDriver\\src\\hk32f0xxa_rcc.c 0x00000000   Number         0  hk32f0xxa_rcc.o ABSOLUTE
    ..\\..\\..\\..\\..\\Libraries\\HK32F0xxA_StdPeriphDriver\\src\\hk32f0xxa_rtc.c 0x00000000   Number         0  hk32f0xxa_rtc.o ABSOLUTE
    ..\\..\\..\\..\\..\\Libraries\\HK32F0xxA_StdPeriphDriver\\src\\hk32f0xxa_spi.c 0x00000000   Number         0  hk32f0xxa_spi.o ABSOLUTE
    ..\\..\\..\\..\\..\\Libraries\\HK32F0xxA_StdPeriphDriver\\src\\hk32f0xxa_syscfg.c 0x00000000   Number         0  hk32f0xxa_syscfg.o ABSOLUTE
    ..\\..\\..\\..\\..\\Libraries\\HK32F0xxA_StdPeriphDriver\\src\\hk32f0xxa_tim.c 0x00000000   Number         0  hk32f0xxa_tim.o ABSOLUTE
    ..\\..\\..\\..\\..\\Libraries\\HK32F0xxA_StdPeriphDriver\\src\\hk32f0xxa_trng.c 0x00000000   Number         0  hk32f0xxa_trng.o ABSOLUTE
    ..\\..\\..\\..\\..\\Libraries\\HK32F0xxA_StdPeriphDriver\\src\\hk32f0xxa_usart.c 0x00000000   Number         0  hk32f0xxa_usart.o ABSOLUTE
    ..\\..\\..\\..\\..\\Libraries\\HK32F0xxA_StdPeriphDriver\\src\\hk32f0xxa_wwdg.c 0x00000000   Number         0  hk32f0xxa_wwdg.o ABSOLUTE
    ..\\src\\hk32f0xxa_it.c                  0x00000000   Number         0  hk32f0xxa_it.o ABSOLUTE
    ..\\src\\main.c                          0x00000000   Number         0  main.o ABSOLUTE
    ..\src\hk32f0xxa_it.c                    0x00000000   Number         0  hk32f0xxa_it.o ABSOLUTE
    ..\src\main.c                            0x00000000   Number         0  main.o ABSOLUTE
    cdrcmple.s                               0x00000000   Number         0  cdrcmple.o ABSOLUTE
    dc.s                                     0x00000000   Number         0  dc.o ABSOLUTE
    handlers.s                               0x00000000   Number         0  handlers.o ABSOLUTE
    init.s                                   0x00000000   Number         0  init.o ABSOLUTE
    RESET                                    0x08000000   Section      192  startup_hk32f04axxa.o(RESET)
    .ARM.Collect$$$$00000000                 0x080000c0   Section        0  entry.o(.ARM.Collect$$$$00000000)
    .ARM.Collect$$$$00000001                 0x080000c0   Section        4  entry2.o(.ARM.Collect$$$$00000001)
    .ARM.Collect$$$$00000004                 0x080000c4   Section        4  entry5.o(.ARM.Collect$$$$00000004)
    .ARM.Collect$$$$00000008                 0x080000c8   Section        0  entry7b.o(.ARM.Collect$$$$00000008)
    .ARM.Collect$$$$0000000A                 0x080000c8   Section        0  entry8b.o(.ARM.Collect$$$$0000000A)
    .ARM.Collect$$$$0000000B                 0x080000c8   Section        8  entry9a.o(.ARM.Collect$$$$0000000B)
    .ARM.Collect$$$$0000000E                 0x080000d0   Section        4  entry12b.o(.ARM.Collect$$$$0000000E)
    .ARM.Collect$$$$0000000F                 0x080000d4   Section        0  entry10a.o(.ARM.Collect$$$$0000000F)
    .ARM.Collect$$$$00000011                 0x080000d4   Section        0  entry11a.o(.ARM.Collect$$$$00000011)
    .ARM.Collect$$$$00002712                 0x080000d4   Section        4  entry2.o(.ARM.Collect$$$$00002712)
    __lit__00000000                          0x080000d4   Data           4  entry2.o(.ARM.Collect$$$$00002712)
    .text                                    0x080000d8   Section       28  startup_hk32f04axxa.o(.text)
    .text                                    0x080000f4   Section       36  init.o(.text)
    i.DBGMCU_Config                          0x08000118   Section        0  hk32f0xxa_dbgmcu.o(i.DBGMCU_Config)
    i.EXTI0_1_IRQHandler                     0x08000138   Section        0  hk32f0xxa_it.o(i.EXTI0_1_IRQHandler)
    i.EXTI_ClearITPendingBit                 0x08000150   Section        0  hk32f0xxa_exti.o(i.EXTI_ClearITPendingBit)
    i.EXTI_GetITStatus                       0x0800015c   Section        0  hk32f0xxa_exti.o(i.EXTI_GetITStatus)
    i.EXTI_Init                              0x08000174   Section        0  hk32f0xxa_exti.o(i.EXTI_Init)
    i.GPIO_Init                              0x08000208   Section        0  hk32f0xxa_gpio.o(i.GPIO_Init)
    i.HK_EVAL_LEDInit                        0x080002d4   Section        0  hk32f0xxa_eval.o(i.HK_EVAL_LEDInit)
    i.HK_EVAL_LEDToggle                      0x0800032c   Section        0  hk32f0xxa_eval.o(i.HK_EVAL_LEDToggle)
    i.HK_EVAL_PBInit                         0x08000350   Section        0  hk32f0xxa_eval.o(i.HK_EVAL_PBInit)
    i.HardFault_Handler                      0x08000404   Section        0  hk32f0xxa_it.o(i.HardFault_Handler)
    i.NMI_Handler                            0x08000408   Section        0  hk32f0xxa_it.o(i.NMI_Handler)
    i.NVIC_Init                              0x0800040c   Section        0  hk32f0xxa_misc.o(i.NVIC_Init)
    i.PWR_EnterSTOPMode                      0x0800046c   Section        0  hk32f0xxa_pwr.o(i.PWR_EnterSTOPMode)
    i.PendSV_Handler                         0x080004cc   Section        0  hk32f0xxa_it.o(i.PendSV_Handler)
    i.RCC_AHBPeriphClockCmd                  0x080004d0   Section        0  hk32f0xxa_rcc.o(i.RCC_AHBPeriphClockCmd)
    i.RCC_APB1PeriphClockCmd                 0x080004f0   Section        0  hk32f0xxa_rcc.o(i.RCC_APB1PeriphClockCmd)
    i.RCC_APB2PeriphClockCmd                 0x08000510   Section        0  hk32f0xxa_rcc.o(i.RCC_APB2PeriphClockCmd)
    i.SVC_Handler                            0x08000530   Section        0  hk32f0xxa_it.o(i.SVC_Handler)
    i.SYSCFG_EXTILineConfig                  0x08000534   Section        0  hk32f0xxa_syscfg.o(i.SYSCFG_EXTILineConfig)
    i.SetSysClock                            0x080005d8   Section        0  system_hk32f0xxa.o(i.SetSysClock)
    SetSysClock                              0x080005d9   Thumb Code     8  system_hk32f0xxa.o(i.SetSysClock)
    i.SetSysClockToHSI_56M                   0x080005e0   Section        0  system_hk32f0xxa.o(i.SetSysClockToHSI_56M)
    SetSysClockToHSI_56M                     0x080005e1   Thumb Code   192  system_hk32f0xxa.o(i.SetSysClockToHSI_56M)
    i.SysTick_Handler                        0x080006a8   Section        0  hk32f0xxa_it.o(i.SysTick_Handler)
    i.SystemInit                             0x080006ac   Section        0  system_hk32f0xxa.o(i.SystemInit)
    i.__scatterload_copy                     0x080007c4   Section       14  handlers.o(i.__scatterload_copy)
    i.__scatterload_null                     0x080007d2   Section        2  handlers.o(i.__scatterload_null)
    i.__scatterload_zeroinit                 0x080007d4   Section       14  handlers.o(i.__scatterload_zeroinit)
    i.main                                   0x080007e2   Section        0  main.o(i.main)
    .constdata                               0x08000820   Section      124  hk32f0xxa_eval.o(.constdata)
    .data                                    0x20000000   Section       56  hk32f0xxa_eval.o(.data)
    STACK                                    0x20000038   Section     1024  startup_hk32f04axxa.o(STACK)

    Global Symbols

    Symbol Name                              Value     Ov Type        Size  Object(Section)

    BuildAttributes$$THM_ISAv4$P$D$K$B$S$PE$A:L22UL41UL21$X:L11$S22US41US21$IEEE1$IW$USESV6$~STKCKD$USESV7$~SHL$OTIME$ROPI$EBA8$MICROLIB$REQ8$PRES8$EABIv2 0x00000000   Number         0  anon$$obj.o ABSOLUTE
    __ARM_use_no_argv                        0x00000000   Number         0  main.o ABSOLUTE
    __arm_fini_                               - Undefined Weak Reference
    __cpp_initialize__aeabi_                  - Undefined Weak Reference
    __cxa_finalize                            - Undefined Weak Reference
    __decompress                              - Undefined Weak Reference
    _clock_init                               - Undefined Weak Reference
    _microlib_exit                            - Undefined Weak Reference
    __Vectors_Size                           0x000000c0   Number         0  startup_hk32f04axxa.o ABSOLUTE
    __Vectors                                0x08000000   Data           4  startup_hk32f04axxa.o(RESET)
    __Vectors_End                            0x080000c0   Data           0  startup_hk32f04axxa.o(RESET)
    __main                                   0x080000c1   Thumb Code     0  entry.o(.ARM.Collect$$$$00000000)
    _main_stk                                0x080000c1   Thumb Code     0  entry2.o(.ARM.Collect$$$$00000001)
    _main_scatterload                        0x080000c5   Thumb Code     0  entry5.o(.ARM.Collect$$$$00000004)
    __main_after_scatterload                 0x080000c9   Thumb Code     0  entry5.o(.ARM.Collect$$$$00000004)
    _main_clock                              0x080000c9   Thumb Code     0  entry7b.o(.ARM.Collect$$$$00000008)
    _main_cpp_init                           0x080000c9   Thumb Code     0  entry8b.o(.ARM.Collect$$$$0000000A)
    _main_init                               0x080000c9   Thumb Code     0  entry9a.o(.ARM.Collect$$$$0000000B)
    __rt_lib_shutdown_fini                   0x080000d1   Thumb Code     0  entry12b.o(.ARM.Collect$$$$0000000E)
    __rt_final_cpp                           0x080000d5   Thumb Code     0  entry10a.o(.ARM.Collect$$$$0000000F)
    __rt_final_exit                          0x080000d5   Thumb Code     0  entry11a.o(.ARM.Collect$$$$00000011)
    Reset_Handler                            0x080000d9   Thumb Code     8  startup_hk32f04axxa.o(.text)
    ADC_COMP_IRQHandler                      0x080000eb   Thumb Code     0  startup_hk32f04axxa.o(.text)
    AES_TRNG_HASH_EAACC_IRQHandler           0x080000eb   Thumb Code     0  startup_hk32f04axxa.o(.text)
    CAN_IRQHandler                           0x080000eb   Thumb Code     0  startup_hk32f04axxa.o(.text)
    DMA1_Channel1_IRQHandler                 0x080000eb   Thumb Code     0  startup_hk32f04axxa.o(.text)
    DMA1_Channel2_3_IRQHandler               0x080000eb   Thumb Code     0  startup_hk32f04axxa.o(.text)
    DMA1_Channel4_7_IRQHandler               0x080000eb   Thumb Code     0  startup_hk32f04axxa.o(.text)
    DVSQ_IRQHandler                          0x080000eb   Thumb Code     0  startup_hk32f04axxa.o(.text)
    EXTI2_3_IRQHandler                       0x080000eb   Thumb Code     0  startup_hk32f04axxa.o(.text)
    EXTI4_15_IRQHandler                      0x080000eb   Thumb Code     0  startup_hk32f04axxa.o(.text)
    FLASH_IRQHandler                         0x080000eb   Thumb Code     0  startup_hk32f04axxa.o(.text)
    I2C1_IRQHandler                          0x080000eb   Thumb Code     0  startup_hk32f04axxa.o(.text)
    I2C2_IRQHandler                          0x080000eb   Thumb Code     0  startup_hk32f04axxa.o(.text)
    LPTIM_IRQHandler                         0x080000eb   Thumb Code     0  startup_hk32f04axxa.o(.text)
    LPUART1_IRQHandler                       0x080000eb   Thumb Code     0  startup_hk32f04axxa.o(.text)
    PVD_IRQHandler                           0x080000eb   Thumb Code     0  startup_hk32f04axxa.o(.text)
    RCC_IRQHandler                           0x080000eb   Thumb Code     0  startup_hk32f04axxa.o(.text)
    RTC_IRQHandler                           0x080000eb   Thumb Code     0  startup_hk32f04axxa.o(.text)
    SPI1_IRQHandler                          0x080000eb   Thumb Code     0  startup_hk32f04axxa.o(.text)
    SPI2_IRQHandler                          0x080000eb   Thumb Code     0  startup_hk32f04axxa.o(.text)
    TIM14_IRQHandler                         0x080000eb   Thumb Code     0  startup_hk32f04axxa.o(.text)
    TIM15_IRQHandler                         0x080000eb   Thumb Code     0  startup_hk32f04axxa.o(.text)
    TIM16_IRQHandler                         0x080000eb   Thumb Code     0  startup_hk32f04axxa.o(.text)
    TIM17_IRQHandler                         0x080000eb   Thumb Code     0  startup_hk32f04axxa.o(.text)
    TIM1_BRK_UP_TRG_COM_IRQHandler           0x080000eb   Thumb Code     0  startup_hk32f04axxa.o(.text)
    TIM1_CC_IRQHandler                       0x080000eb   Thumb Code     0  startup_hk32f04axxa.o(.text)
    TIM2_IRQHandler                          0x080000eb   Thumb Code     0  startup_hk32f04axxa.o(.text)
    TIM3_IRQHandler                          0x080000eb   Thumb Code     0  startup_hk32f04axxa.o(.text)
    TIM6_IRQHandler                          0x080000eb   Thumb Code     0  startup_hk32f04axxa.o(.text)
    USART1_IRQHandler                        0x080000eb   Thumb Code     0  startup_hk32f04axxa.o(.text)
    USART2_IRQHandler                        0x080000eb   Thumb Code     0  startup_hk32f04axxa.o(.text)
    WWDG_IRQHandler                          0x080000eb   Thumb Code     0  startup_hk32f04axxa.o(.text)
    __scatterload                            0x080000f5   Thumb Code    28  init.o(.text)
    __scatterload_rt2                        0x080000f5   Thumb Code     0  init.o(.text)
    DBGMCU_Config                            0x08000119   Thumb Code    26  hk32f0xxa_dbgmcu.o(i.DBGMCU_Config)
    EXTI0_1_IRQHandler                       0x08000139   Thumb Code    24  hk32f0xxa_it.o(i.EXTI0_1_IRQHandler)
    EXTI_ClearITPendingBit                   0x08000151   Thumb Code     6  hk32f0xxa_exti.o(i.EXTI_ClearITPendingBit)
    EXTI_GetITStatus                         0x0800015d   Thumb Code    20  hk32f0xxa_exti.o(i.EXTI_GetITStatus)
    EXTI_Init                                0x08000175   Thumb Code   142  hk32f0xxa_exti.o(i.EXTI_Init)
    GPIO_Init                                0x08000209   Thumb Code   202  hk32f0xxa_gpio.o(i.GPIO_Init)
    HK_EVAL_LEDInit                          0x080002d5   Thumb Code    74  hk32f0xxa_eval.o(i.HK_EVAL_LEDInit)
    HK_EVAL_LEDToggle                        0x0800032d   Thumb Code    26  hk32f0xxa_eval.o(i.HK_EVAL_LEDToggle)
    HK_EVAL_PBInit                           0x08000351   Thumb Code   150  hk32f0xxa_eval.o(i.HK_EVAL_PBInit)
    HardFault_Handler                        0x08000405   Thumb Code     4  hk32f0xxa_it.o(i.HardFault_Handler)
    NMI_Handler                              0x08000409   Thumb Code     2  hk32f0xxa_it.o(i.NMI_Handler)
    NVIC_Init                                0x0800040d   Thumb Code    88  hk32f0xxa_misc.o(i.NVIC_Init)
    PWR_EnterSTOPMode                        0x0800046d   Thumb Code    86  hk32f0xxa_pwr.o(i.PWR_EnterSTOPMode)
    PendSV_Handler                           0x080004cd   Thumb Code     2  hk32f0xxa_it.o(i.PendSV_Handler)
    RCC_AHBPeriphClockCmd                    0x080004d1   Thumb Code    26  hk32f0xxa_rcc.o(i.RCC_AHBPeriphClockCmd)
    RCC_APB1PeriphClockCmd                   0x080004f1   Thumb Code    26  hk32f0xxa_rcc.o(i.RCC_APB1PeriphClockCmd)
    RCC_APB2PeriphClockCmd                   0x08000511   Thumb Code    26  hk32f0xxa_rcc.o(i.RCC_APB2PeriphClockCmd)
    SVC_Handler                              0x08000531   Thumb Code     2  hk32f0xxa_it.o(i.SVC_Handler)
    SYSCFG_EXTILineConfig                    0x08000535   Thumb Code   158  hk32f0xxa_syscfg.o(i.SYSCFG_EXTILineConfig)
    SysTick_Handler                          0x080006a9   Thumb Code     2  hk32f0xxa_it.o(i.SysTick_Handler)
    SystemInit                               0x080006ad   Thumb Code   250  system_hk32f0xxa.o(i.SystemInit)
    __scatterload_copy                       0x080007c5   Thumb Code    14  handlers.o(i.__scatterload_copy)
    __scatterload_null                       0x080007d3   Thumb Code     2  handlers.o(i.__scatterload_null)
    __scatterload_zeroinit                   0x080007d5   Thumb Code    14  handlers.o(i.__scatterload_zeroinit)
    main                                     0x080007e3   Thumb Code    62  main.o(i.main)
    GPIO_PIN                                 0x08000820   Data           8  hk32f0xxa_eval.o(.constdata)
    GPIO_CLK                                 0x08000828   Data          16  hk32f0xxa_eval.o(.constdata)
    BUTTON_PIN                               0x08000838   Data          14  hk32f0xxa_eval.o(.constdata)
    BUTTON_CLK                               0x08000848   Data          28  hk32f0xxa_eval.o(.constdata)
    BUTTON_EXTI_LINE                         0x08000864   Data          14  hk32f0xxa_eval.o(.constdata)
    BUTTON_PORT_SOURCE                       0x08000872   Data           7  hk32f0xxa_eval.o(.constdata)
    BUTTON_PIN_SOURCE                        0x08000879   Data           7  hk32f0xxa_eval.o(.constdata)
    BUTTON_IRQn                              0x08000880   Data           7  hk32f0xxa_eval.o(.constdata)
    COM_USART_CLK                            0x08000888   Data           4  hk32f0xxa_eval.o(.constdata)
    COM_TX_PORT_CLK                          0x0800088c   Data           4  hk32f0xxa_eval.o(.constdata)
    COM_RX_PORT_CLK                          0x08000890   Data           4  hk32f0xxa_eval.o(.constdata)
    COM_TX_PIN                               0x08000894   Data           2  hk32f0xxa_eval.o(.constdata)
    COM_RX_PIN                               0x08000896   Data           2  hk32f0xxa_eval.o(.constdata)
    COM_TX_PIN_SOURCE                        0x08000898   Data           1  hk32f0xxa_eval.o(.constdata)
    COM_RX_PIN_SOURCE                        0x08000899   Data           1  hk32f0xxa_eval.o(.constdata)
    COM_TX_AF                                0x0800089a   Data           1  hk32f0xxa_eval.o(.constdata)
    COM_RX_AF                                0x0800089b   Data           1  hk32f0xxa_eval.o(.constdata)
    Region$$Table$$Base                      0x0800089c   Number         0  anon$$obj.o(Region$$Table)
    Region$$Table$$Limit                     0x080008bc   Number         0  anon$$obj.o(Region$$Table)
    GPIO_PORT                                0x20000000   Data          16  hk32f0xxa_eval.o(.data)
    BUTTON_PORT                              0x20000010   Data          28  hk32f0xxa_eval.o(.data)
    COM_USART                                0x2000002c   Data           4  hk32f0xxa_eval.o(.data)
    COM_TX_PORT                              0x20000030   Data           4  hk32f0xxa_eval.o(.data)
    COM_RX_PORT                              0x20000034   Data           4  hk32f0xxa_eval.o(.data)
    __initial_sp                             0x20000438   Data           0  startup_hk32f04axxa.o(STACK)



==============================================================================

Memory Map of the image

  Image Entry point : 0x080000c1

  Load Region LR_IROM1 (Base: 0x08000000, Size: 0x000008f4, Max: 0x00010000, ABSOLUTE)

    Execution Region ER_IROM1 (Exec base: 0x08000000, Load base: 0x08000000, Size: 0x000008bc, Max: 0x00010000, ABSOLUTE)

    Exec Addr    Load Addr    Size         Type   Attr      Idx    E Section Name        Object

    0x08000000   0x08000000   0x000000c0   Data   RO            3    RESET               startup_hk32f04axxa.o
    0x080000c0   0x080000c0   0x00000000   Code   RO         4719  * .ARM.Collect$$$$00000000  mc_w.l(entry.o)
    0x080000c0   0x080000c0   0x00000004   Code   RO         5002    .ARM.Collect$$$$00000001  mc_w.l(entry2.o)
    0x080000c4   0x080000c4   0x00000004   Code   RO         5005    .ARM.Collect$$$$00000004  mc_w.l(entry5.o)
    0x080000c8   0x080000c8   0x00000000   Code   RO         5007    .ARM.Collect$$$$00000008  mc_w.l(entry7b.o)
    0x080000c8   0x080000c8   0x00000000   Code   RO         5009    .ARM.Collect$$$$0000000A  mc_w.l(entry8b.o)
    0x080000c8   0x080000c8   0x00000008   Code   RO         5010    .ARM.Collect$$$$0000000B  mc_w.l(entry9a.o)
    0x080000d0   0x080000d0   0x00000004   Code   RO         5017    .ARM.Collect$$$$0000000E  mc_w.l(entry12b.o)
    0x080000d4   0x080000d4   0x00000000   Code   RO         5012    .ARM.Collect$$$$0000000F  mc_w.l(entry10a.o)
    0x080000d4   0x080000d4   0x00000000   Code   RO         5014    .ARM.Collect$$$$00000011  mc_w.l(entry11a.o)
    0x080000d4   0x080000d4   0x00000004   Code   RO         5003    .ARM.Collect$$$$00002712  mc_w.l(entry2.o)
    0x080000d8   0x080000d8   0x0000001c   Code   RO            4    .text               startup_hk32f04axxa.o
    0x080000f4   0x080000f4   0x00000024   Code   RO         5038    .text               mc_w.l(init.o)
    0x08000118   0x08000118   0x00000020   Code   RO         1065    i.DBGMCU_Config     hk32f0xxa_dbgmcu.o
    0x08000138   0x08000138   0x00000018   Code   RO           12    i.EXTI0_1_IRQHandler  hk32f0xxa_it.o
    0x08000150   0x08000150   0x0000000c   Code   RO         1278    i.EXTI_ClearITPendingBit  hk32f0xxa_exti.o
    0x0800015c   0x0800015c   0x00000018   Code   RO         1282    i.EXTI_GetITStatus  hk32f0xxa_exti.o
    0x08000174   0x08000174   0x00000094   Code   RO         1283    i.EXTI_Init         hk32f0xxa_exti.o
    0x08000208   0x08000208   0x000000ca   Code   RO         1600    i.GPIO_Init         hk32f0xxa_gpio.o
    0x080002d2   0x080002d2   0x00000002   PAD
    0x080002d4   0x080002d4   0x00000058   Code   RO         4362    i.HK_EVAL_LEDInit   hk32f0xxa_eval.o
    0x0800032c   0x0800032c   0x00000024   Code   RO         4365    i.HK_EVAL_LEDToggle  hk32f0xxa_eval.o
    0x08000350   0x08000350   0x000000b4   Code   RO         4367    i.HK_EVAL_PBInit    hk32f0xxa_eval.o
    0x08000404   0x08000404   0x00000004   Code   RO           13    i.HardFault_Handler  hk32f0xxa_it.o
    0x08000408   0x08000408   0x00000002   Code   RO           14    i.NMI_Handler       hk32f0xxa_it.o
    0x0800040a   0x0800040a   0x00000002   PAD
    0x0800040c   0x0800040c   0x00000060   Code   RO         2335    i.NVIC_Init         hk32f0xxa_misc.o
    0x0800046c   0x0800046c   0x00000060   Code   RO         2372    i.PWR_EnterSTOPMode  hk32f0xxa_pwr.o
    0x080004cc   0x080004cc   0x00000002   Code   RO           15    i.PendSV_Handler    hk32f0xxa_it.o
    0x080004ce   0x080004ce   0x00000002   PAD
    0x080004d0   0x080004d0   0x00000020   Code   RO         2455    i.RCC_AHBPeriphClockCmd  hk32f0xxa_rcc.o
    0x080004f0   0x080004f0   0x00000020   Code   RO         2457    i.RCC_APB1PeriphClockCmd  hk32f0xxa_rcc.o
    0x08000510   0x08000510   0x00000020   Code   RO         2459    i.RCC_APB2PeriphClockCmd  hk32f0xxa_rcc.o
    0x08000530   0x08000530   0x00000002   Code   RO           16    i.SVC_Handler       hk32f0xxa_it.o
    0x08000532   0x08000532   0x00000002   PAD
    0x08000534   0x08000534   0x000000a4   Code   RO         3263    i.SYSCFG_EXTILineConfig  hk32f0xxa_syscfg.o
    0x080005d8   0x080005d8   0x00000008   Code   RO          215    i.SetSysClock       system_hk32f0xxa.o
    0x080005e0   0x080005e0   0x000000c8   Code   RO          216    i.SetSysClockToHSI_56M  system_hk32f0xxa.o
    0x080006a8   0x080006a8   0x00000002   Code   RO           17    i.SysTick_Handler   hk32f0xxa_it.o
    0x080006aa   0x080006aa   0x00000002   PAD
    0x080006ac   0x080006ac   0x00000118   Code   RO          218    i.SystemInit        system_hk32f0xxa.o
    0x080007c4   0x080007c4   0x0000000e   Code   RO         5044    i.__scatterload_copy  mc_w.l(handlers.o)
    0x080007d2   0x080007d2   0x00000002   Code   RO         5045    i.__scatterload_null  mc_w.l(handlers.o)
    0x080007d4   0x080007d4   0x0000000e   Code   RO         5046    i.__scatterload_zeroinit  mc_w.l(handlers.o)
    0x080007e2   0x080007e2   0x0000003e   Code   RO          191    i.main              main.o
    0x08000820   0x08000820   0x0000007c   Data   RO         4377    .constdata          hk32f0xxa_eval.o
    0x0800089c   0x0800089c   0x00000020   Data   RO         5042    Region$$Table       anon$$obj.o


    Execution Region RW_IRAM1 (Exec base: 0x20000000, Load base: 0x080008bc, Size: 0x00000438, Max: 0x00005000, ABSOLUTE)

    Exec Addr    Load Addr    Size         Type   Attr      Idx    E Section Name        Object

    0x20000000   0x080008bc   0x00000038   Data   RW         4378    .data               hk32f0xxa_eval.o
    0x20000038        -       0x00000400   Zero   RW            1    STACK               startup_hk32f04axxa.o


==============================================================================

Image component sizes


      Code (inc. data)   RO Data    RW Data    ZI Data      Debug   Object Name

        32          6          0          0          0        692   hk32f0xxa_dbgmcu.o
       304         54        124         56          0       4187   hk32f0xxa_eval.o
       184         16          0          0          0       2652   hk32f0xxa_exti.o
       202          0          0          0          0       1416   hk32f0xxa_gpio.o
        36          0          0          0          0     518460   hk32f0xxa_it.o
        96          8          0          0          0       1216   hk32f0xxa_misc.o
        96         10          0          0          0        808   hk32f0xxa_pwr.o
        96         18          0          0          0       2114   hk32f0xxa_rcc.o
       164          6          0          0          0        804   hk32f0xxa_syscfg.o
        62          0          0          0          0        527   main.o
        28          8        192          0       1024        812   startup_hk32f04axxa.o
       488         38          0          0          0       2553   system_hk32f0xxa.o

    ----------------------------------------------------------------------
      1798        164        348         56       1024     536241   Object Totals
         0          0         32          0          0          0   (incl. Generated)
        10          0          0          0          0          0   (incl. Padding)

    ----------------------------------------------------------------------

      Code (inc. data)   RO Data    RW Data    ZI Data      Debug   Library Member Name

         0          0          0          0          0          0   entry.o
         0          0          0          0          0          0   entry10a.o
         0          0          0          0          0          0   entry11a.o
         4          0          0          0          0          0   entry12b.o
         8          4          0          0          0          0   entry2.o
         4          0          0          0          0          0   entry5.o
         0          0          0          0          0          0   entry7b.o
         0          0          0          0          0          0   entry8b.o
         8          4          0          0          0          0   entry9a.o
        30          0          0          0          0          0   handlers.o
        36          8          0          0          0         68   init.o

    ----------------------------------------------------------------------
        90         16          0          0          0         68   Library Totals
         0          0          0          0          0          0   (incl. Padding)

    ----------------------------------------------------------------------

      Code (inc. data)   RO Data    RW Data    ZI Data      Debug   Library Name

        90         16          0          0          0         68   mc_w.l

    ----------------------------------------------------------------------
        90         16          0          0          0         68   Library Totals

    ----------------------------------------------------------------------

==============================================================================


      Code (inc. data)   RO Data    RW Data    ZI Data      Debug   

      1888        180        348         56       1024     535421   Grand Totals
      1888        180        348         56       1024     535421   ELF Image Totals
      1888        180        348         56          0          0   ROM Totals

==============================================================================

    Total RO  Size (Code + RO Data)                 2236 (   2.18kB)
    Total RW  Size (RW Data + ZI Data)              1080 (   1.05kB)
    Total ROM Size (Code + RO Data + RW Data)       2292 (   2.24kB)

==============================================================================

