<html>
<body>
<pre>
<h1>µVision Build Log</h1>
<h2>Tool Versions:</h2>
IDE-Version: ¦ÌVision V5.41.0.0
Copyright (C) 2024 ARM Ltd and ARM Germany GmbH. All rights reserved.
License Information: qq 1354075164, q, LIC=FYKYW-QC21Q-BSEYX-HP482-H7EG9-BWRG6
 
Tool Versions:
Toolchain:       MDK-ARM Plus  Version: 5.41.0.0
Toolchain Path:  D:\Keil_v5\ARM\ARMCLANG\Bin
C Compiler:      ArmClang.exe V6.22
Assembler:       Armasm.exe V6.22
Linker/Locator:  ArmLink.exe V6.22
Library Manager: ArmAr.exe V6.22
Hex Converter:   FromElf.exe V6.22
CPU DLL:         SARMCM3.DLL V5.41.0.0
Dialog DLL:      DCM.DLL V1.17.5.0
Target DLL:      STLink\ST-LINKIII-KEIL_SWO.dll V3.3.0.0
Dialog DLL:      TCM.DLL V1.56.4.0
 
<h2>Project:</h2>
C:\Users\1354075164\Desktop\ycbsq\hk32_f103\hk32_project\MDK-ARM\hk32_project.uvprojx
Project File Date:  12/15/2025

<h2>Output:</h2>
*** Using Compiler 'V6.22', folder: 'D:\Keil_v5\ARM\ARMCLANG\Bin'
Build target 'hk32_project'
compiling handler.cpp...
compiling batVolt.cpp...
compiling bsp.cpp...
compiling rgb.cpp...
compiling low_power.cpp...
compiling algorithm.cpp...
compiling periph_control.cpp...
compiling main.c...
compiling stm32f1xx_it.c...
compiling A7680C.cpp...
compiling bsp_adc.cpp...
compiling bms.cpp...
compiling bsp_buzzer.cpp...
compiling bsp_usart.cpp...
compiling bsp_rgb.cpp...
compiling bsp_can.cpp...
compiling bsp_key.cpp...
compiling variables.cpp...
compiling System.cpp...
compiling A7680_Task.cpp...
compiling state_machine.cpp...
compiling callback.cpp...
compiling main_task.cpp...
compiling bms_task.cpp...
compiling stateMachine_Task.cpp...
linking...
Program Size: Code=40332 RO-data=1228 RW-data=156 ZI-data=6172  
FromELF: creating hex file...
"hk32_project\hk32_project.axf" - 0 Error(s), 0 Warning(s).

<h2>Software Packages used:</h2>

Package Vendor: ARM
                https://www.keil.com/pack/ARM.CMSIS.6.1.0.pack
                ARM::CMSIS@6.1.0
                CMSIS (Common Microcontroller Software Interface Standard)
   * Component: CORE Version: 6.1.0

Package Vendor: Keil
                http://www.keil.com/pack/Keil.STM32F1xx_DFP.1.1.0.pack
                Keil::STM32F1xx_DFP@1.1.0
                STMicroelectronics STM32F1 Series Device Support, Drivers and Examples

<h2>Collection of Component include folders:</h2>
  ./RTE/_hk32_project
  D:/Users/1354075164/AppData/Local/Arm/Packs/ARM/CMSIS/6.1.0/CMSIS/Core/Include
  D:/Users/1354075164/AppData/Local/Arm/Packs/Keil/STM32F1xx_DFP/1.1.0/Device/Include

<h2>Collection of Component Files used:</h2>

   * Component: ARM::CMSIS:CORE@6.1.0
      Include file:  CMSIS/Core/Include/tz_context.h
Build Time Elapsed:  00:00:51
</pre>
</body>
</html>
