<html>
<body>
<pre>
<h1>µVision Build Log</h1>
<h2>Tool Versions:</h2>
IDE-Version: ¦ÌVision V5.41.0.0
Copyright (C) 2024 ARM Ltd and ARM Germany GmbH. All rights reserved.
License Information: rain rain, rain, LIC=76F5U-SEA1W-56TQ2-9IZVZ-VDYAD-8RKKW
 
Tool Versions:
Toolchain:       MDK-ARM Plus  Version: 5.41.0.0
Toolchain Path:  C:\Users\rain\AppData\Local\Keil_v5\ARM\ARMCC\Bin
C Compiler:      Armcc.exe V5.06 update 7 (build 960)
Assembler:       Armasm.exe V5.06 update 7 (build 960)
Linker/Locator:  ArmLink.exe V5.06 update 7 (build 960)
Library Manager: ArmAr.exe V5.06 update 7 (build 960)
Hex Converter:   FromElf.exe V5.06 update 7 (build 960)
CPU DLL:         SARMCM3.DLL V5.41.0.0
Dialog DLL:      DARMCM1.DLL V1.19.6.0
Target DLL:      CMSIS_AGDI.dll V1.33.21.0
Dialog DLL:      TARMCM1.DLL V1.14.6.0
 
<h2>Project:</h2>
C:\Users\rain\Desktop\ycbsq2\HK32F04AxxxxA_SDK_2025-02-25_V1.0.4\Projects\Board_HK32F0xxA_EVAL_Examples\USART\USART_Printf\MDK-ARM\HK32F0xxA_Demo.uvprojx
Project File Date:  12/18/2025

<h2>Output:</h2>
*** Using Compiler 'V5.06 update 7 (build 960)', folder: 'C:\Users\rain\AppData\Local\Keil_v5\ARM\ARMCC\Bin'
Build target 'HK32F04AxxA'
compiling main.c...
linking...
Program Size: Code=3232 RO-data=504 RW-data=76 ZI-data=1028  
FromELF: creating hex file...
".\Objects\HK32F0xxA_Demo.axf" - 0 Error(s), 0 Warning(s).

<h2>Software Packages used:</h2>

Package Vendor: HKMicroChip
                http://www.hsxp-hk.com/companyfile/2/HKMicroChip.HK32F0xx_DFP.1.1.1.pack
                HKMicroChip::HK32F0xx_DFP@1.1.1
                HKMicroChip HK32F0 ARM Cortex-M0 Device Family Pack Device Support

<h2>Collection of Component include folders:</h2>

<h2>Collection of Component Files used:</h2>
Build Time Elapsed:  00:00:02
</pre>
</body>
</html>
