<!doctype html public "-//w3c//dtd html 4.0 transitional//en">
<html><head>
<title>Static Call Graph - [.\Objects\HK32F0xxA_Demo.axf]</title></head>
<body><HR>
<H1>Static Call Graph for image .\Objects\HK32F0xxA_Demo.axf</H1><HR>
<BR><P>#&#060CALLGRAPH&#062# ARM Linker, 5060960: Last Updated: Fri Dec 19 22:19:52 2025
<BR><P>
<H3>Maximum Stack Usage =        188 bytes + Unknown(Cycles, Untraceable Function Pointers)</H3><H3>
Call chain for Maximum Stack Depth:</H3>
main &rArr; DEBUG_USARTx_Config &rArr; HK_EVAL_COMInit &rArr; USART_Init &rArr; RCC_GetClocksFreq &rArr; __aeabi_uidivmod
<P>
<H3>
Mutually Recursive functions
</H3> <LI><a href="#[12]">ADC_COMP_IRQHandler</a>&nbsp;&nbsp;&nbsp;&rArr;&nbsp;&nbsp;&nbsp;<a href="#[12]">ADC_COMP_IRQHandler</a><BR>
</UL>
<P>
<H3>
Function Pointers
</H3><UL>
 <LI><a href="#[12]">ADC_COMP_IRQHandler</a> from startup_hk32f04axxa.o(.text) referenced from startup_hk32f04axxa.o(RESET)
 <LI><a href="#[23]">AES_TRNG_HASH_EAACC_IRQHandler</a> from startup_hk32f04axxa.o(.text) referenced from startup_hk32f04axxa.o(RESET)
 <LI><a href="#[24]">CAN_IRQHandler</a> from startup_hk32f04axxa.o(.text) referenced from startup_hk32f04axxa.o(RESET)
 <LI><a href="#[f]">DMA1_Channel1_IRQHandler</a> from startup_hk32f04axxa.o(.text) referenced from startup_hk32f04axxa.o(RESET)
 <LI><a href="#[10]">DMA1_Channel2_3_IRQHandler</a> from startup_hk32f04axxa.o(.text) referenced from startup_hk32f04axxa.o(RESET)
 <LI><a href="#[11]">DMA1_Channel4_7_IRQHandler</a> from startup_hk32f04axxa.o(.text) referenced from startup_hk32f04axxa.o(RESET)
 <LI><a href="#[25]">DVSQ_IRQHandler</a> from startup_hk32f04axxa.o(.text) referenced from startup_hk32f04axxa.o(RESET)
 <LI><a href="#[b]">EXTI0_1_IRQHandler</a> from startup_hk32f04axxa.o(.text) referenced from startup_hk32f04axxa.o(RESET)
 <LI><a href="#[c]">EXTI2_3_IRQHandler</a> from startup_hk32f04axxa.o(.text) referenced from startup_hk32f04axxa.o(RESET)
 <LI><a href="#[d]">EXTI4_15_IRQHandler</a> from startup_hk32f04axxa.o(.text) referenced from startup_hk32f04axxa.o(RESET)
 <LI><a href="#[9]">FLASH_IRQHandler</a> from startup_hk32f04axxa.o(.text) referenced from startup_hk32f04axxa.o(RESET)
 <LI><a href="#[2]">HardFault_Handler</a> from hk32f0xxa_it.o(i.HardFault_Handler) referenced from startup_hk32f04axxa.o(RESET)
 <LI><a href="#[1d]">I2C1_IRQHandler</a> from hk32f0xxa_it.o(i.I2C1_IRQHandler) referenced from startup_hk32f04axxa.o(RESET)
 <LI><a href="#[1e]">I2C2_IRQHandler</a> from startup_hk32f04axxa.o(.text) referenced from startup_hk32f04axxa.o(RESET)
 <LI><a href="#[18]">LPTIM_IRQHandler</a> from startup_hk32f04axxa.o(.text) referenced from startup_hk32f04axxa.o(RESET)
 <LI><a href="#[e]">LPUART1_IRQHandler</a> from startup_hk32f04axxa.o(.text) referenced from startup_hk32f04axxa.o(RESET)
 <LI><a href="#[1]">NMI_Handler</a> from hk32f0xxa_it.o(i.NMI_Handler) referenced from startup_hk32f04axxa.o(RESET)
 <LI><a href="#[7]">PVD_IRQHandler</a> from startup_hk32f04axxa.o(.text) referenced from startup_hk32f04axxa.o(RESET)
 <LI><a href="#[4]">PendSV_Handler</a> from hk32f0xxa_it.o(i.PendSV_Handler) referenced from startup_hk32f04axxa.o(RESET)
 <LI><a href="#[a]">RCC_IRQHandler</a> from startup_hk32f04axxa.o(.text) referenced from startup_hk32f04axxa.o(RESET)
 <LI><a href="#[8]">RTC_IRQHandler</a> from startup_hk32f04axxa.o(.text) referenced from startup_hk32f04axxa.o(RESET)
 <LI><a href="#[0]">Reset_Handler</a> from startup_hk32f04axxa.o(.text) referenced from startup_hk32f04axxa.o(RESET)
 <LI><a href="#[1f]">SPI1_IRQHandler</a> from startup_hk32f04axxa.o(.text) referenced from startup_hk32f04axxa.o(RESET)
 <LI><a href="#[20]">SPI2_IRQHandler</a> from startup_hk32f04axxa.o(.text) referenced from startup_hk32f04axxa.o(RESET)
 <LI><a href="#[3]">SVC_Handler</a> from hk32f0xxa_it.o(i.SVC_Handler) referenced from startup_hk32f04axxa.o(RESET)
 <LI><a href="#[5]">SysTick_Handler</a> from hk32f0xxa_it.o(i.SysTick_Handler) referenced from startup_hk32f04axxa.o(RESET)
 <LI><a href="#[27]">SystemInit</a> from system_hk32f0xxa.o(i.SystemInit) referenced from startup_hk32f04axxa.o(.text)
 <LI><a href="#[19]">TIM14_IRQHandler</a> from startup_hk32f04axxa.o(.text) referenced from startup_hk32f04axxa.o(RESET)
 <LI><a href="#[1a]">TIM15_IRQHandler</a> from startup_hk32f04axxa.o(.text) referenced from startup_hk32f04axxa.o(RESET)
 <LI><a href="#[1b]">TIM16_IRQHandler</a> from startup_hk32f04axxa.o(.text) referenced from startup_hk32f04axxa.o(RESET)
 <LI><a href="#[1c]">TIM17_IRQHandler</a> from startup_hk32f04axxa.o(.text) referenced from startup_hk32f04axxa.o(RESET)
 <LI><a href="#[13]">TIM1_BRK_UP_TRG_COM_IRQHandler</a> from startup_hk32f04axxa.o(.text) referenced from startup_hk32f04axxa.o(RESET)
 <LI><a href="#[14]">TIM1_CC_IRQHandler</a> from startup_hk32f04axxa.o(.text) referenced from startup_hk32f04axxa.o(RESET)
 <LI><a href="#[15]">TIM2_IRQHandler</a> from startup_hk32f04axxa.o(.text) referenced from startup_hk32f04axxa.o(RESET)
 <LI><a href="#[16]">TIM3_IRQHandler</a> from startup_hk32f04axxa.o(.text) referenced from startup_hk32f04axxa.o(RESET)
 <LI><a href="#[17]">TIM6_IRQHandler</a> from startup_hk32f04axxa.o(.text) referenced from startup_hk32f04axxa.o(RESET)
 <LI><a href="#[21]">USART1_IRQHandler</a> from startup_hk32f04axxa.o(.text) referenced from startup_hk32f04axxa.o(RESET)
 <LI><a href="#[22]">USART2_IRQHandler</a> from hk32f0xxa_it.o(i.USART2_IRQHandler) referenced from startup_hk32f04axxa.o(RESET)
 <LI><a href="#[6]">WWDG_IRQHandler</a> from startup_hk32f04axxa.o(.text) referenced from startup_hk32f04axxa.o(RESET)
 <LI><a href="#[28]">__main</a> from entry.o(.ARM.Collect$$$$00000000) referenced from startup_hk32f04axxa.o(.text)
 <LI><a href="#[29]">fputc</a> from hk32f0xxa_eval.o(i.fputc) referenced from printf3.o(i.__0printf$3)
 <LI><a href="#[26]">main</a> from main.o(i.main) referenced from entry9a.o(.ARM.Collect$$$$0000000B)
</UL>
<P>
<H3>
Global Symbols
</H3>
<P><STRONG><a name="[28]"></a>__main</STRONG> (Thumb, 0 bytes, Stack size unknown bytes, entry.o(.ARM.Collect$$$$00000000))
<BR>[Address Reference Count : 1]<UL><LI> startup_hk32f04axxa.o(.text)
</UL>
<P><STRONG><a name="[5d]"></a>_main_stk</STRONG> (Thumb, 0 bytes, Stack size unknown bytes, entry2.o(.ARM.Collect$$$$00000001))

<P><STRONG><a name="[2a]"></a>_main_scatterload</STRONG> (Thumb, 0 bytes, Stack size unknown bytes, entry5.o(.ARM.Collect$$$$00000004))
<BR><BR>[Calls]<UL><LI><a href="#[2b]">&gt;&gt;</a>&nbsp;&nbsp;&nbsp;__scatterload
</UL>

<P><STRONG><a name="[31]"></a>__main_after_scatterload</STRONG> (Thumb, 0 bytes, Stack size unknown bytes, entry5.o(.ARM.Collect$$$$00000004))
<BR><BR>[Called By]<UL><LI><a href="#[2b]">&gt;&gt;</a>&nbsp;&nbsp;&nbsp;__scatterload
</UL>

<P><STRONG><a name="[5e]"></a>_main_clock</STRONG> (Thumb, 0 bytes, Stack size unknown bytes, entry7b.o(.ARM.Collect$$$$00000008))

<P><STRONG><a name="[5f]"></a>_main_cpp_init</STRONG> (Thumb, 0 bytes, Stack size unknown bytes, entry8b.o(.ARM.Collect$$$$0000000A))

<P><STRONG><a name="[60]"></a>_main_init</STRONG> (Thumb, 0 bytes, Stack size unknown bytes, entry9a.o(.ARM.Collect$$$$0000000B))

<P><STRONG><a name="[2c]"></a>__rt_lib_shutdown_fini</STRONG> (Thumb, 0 bytes, Stack size unknown bytes, entry12b.o(.ARM.Collect$$$$0000000E))
<BR><BR>[Calls]<UL><LI><a href="#[2d]">&gt;&gt;</a>&nbsp;&nbsp;&nbsp;__arm_fini_ (Weak Reference)
</UL>

<P><STRONG><a name="[61]"></a>__rt_final_cpp</STRONG> (Thumb, 0 bytes, Stack size unknown bytes, entry10a.o(.ARM.Collect$$$$0000000F))

<P><STRONG><a name="[62]"></a>__rt_final_exit</STRONG> (Thumb, 0 bytes, Stack size unknown bytes, entry11a.o(.ARM.Collect$$$$00000011))

<P><STRONG><a name="[0]"></a>Reset_Handler</STRONG> (Thumb, 8 bytes, Stack size 0 bytes, startup_hk32f04axxa.o(.text))
<BR>[Address Reference Count : 1]<UL><LI> startup_hk32f04axxa.o(RESET)
</UL>
<P><STRONG><a name="[12]"></a>ADC_COMP_IRQHandler</STRONG> (Thumb, 0 bytes, Stack size 0 bytes, startup_hk32f04axxa.o(.text))
<BR><BR>[Calls]<UL><LI><a href="#[12]">&gt;&gt;</a>&nbsp;&nbsp;&nbsp;ADC_COMP_IRQHandler
</UL>
<BR>[Called By]<UL><LI><a href="#[12]">&gt;&gt;</a>&nbsp;&nbsp;&nbsp;ADC_COMP_IRQHandler
</UL>
<BR>[Address Reference Count : 1]<UL><LI> startup_hk32f04axxa.o(RESET)
</UL>
<P><STRONG><a name="[23]"></a>AES_TRNG_HASH_EAACC_IRQHandler</STRONG> (Thumb, 0 bytes, Stack size 0 bytes, startup_hk32f04axxa.o(.text))
<BR>[Address Reference Count : 1]<UL><LI> startup_hk32f04axxa.o(RESET)
</UL>
<P><STRONG><a name="[24]"></a>CAN_IRQHandler</STRONG> (Thumb, 0 bytes, Stack size 0 bytes, startup_hk32f04axxa.o(.text))
<BR>[Address Reference Count : 1]<UL><LI> startup_hk32f04axxa.o(RESET)
</UL>
<P><STRONG><a name="[f]"></a>DMA1_Channel1_IRQHandler</STRONG> (Thumb, 0 bytes, Stack size 0 bytes, startup_hk32f04axxa.o(.text))
<BR>[Address Reference Count : 1]<UL><LI> startup_hk32f04axxa.o(RESET)
</UL>
<P><STRONG><a name="[10]"></a>DMA1_Channel2_3_IRQHandler</STRONG> (Thumb, 0 bytes, Stack size 0 bytes, startup_hk32f04axxa.o(.text))
<BR>[Address Reference Count : 1]<UL><LI> startup_hk32f04axxa.o(RESET)
</UL>
<P><STRONG><a name="[11]"></a>DMA1_Channel4_7_IRQHandler</STRONG> (Thumb, 0 bytes, Stack size 0 bytes, startup_hk32f04axxa.o(.text))
<BR>[Address Reference Count : 1]<UL><LI> startup_hk32f04axxa.o(RESET)
</UL>
<P><STRONG><a name="[25]"></a>DVSQ_IRQHandler</STRONG> (Thumb, 0 bytes, Stack size 0 bytes, startup_hk32f04axxa.o(.text))
<BR>[Address Reference Count : 1]<UL><LI> startup_hk32f04axxa.o(RESET)
</UL>
<P><STRONG><a name="[b]"></a>EXTI0_1_IRQHandler</STRONG> (Thumb, 0 bytes, Stack size 0 bytes, startup_hk32f04axxa.o(.text))
<BR>[Address Reference Count : 1]<UL><LI> startup_hk32f04axxa.o(RESET)
</UL>
<P><STRONG><a name="[c]"></a>EXTI2_3_IRQHandler</STRONG> (Thumb, 0 bytes, Stack size 0 bytes, startup_hk32f04axxa.o(.text))
<BR>[Address Reference Count : 1]<UL><LI> startup_hk32f04axxa.o(RESET)
</UL>
<P><STRONG><a name="[d]"></a>EXTI4_15_IRQHandler</STRONG> (Thumb, 0 bytes, Stack size 0 bytes, startup_hk32f04axxa.o(.text))
<BR>[Address Reference Count : 1]<UL><LI> startup_hk32f04axxa.o(RESET)
</UL>
<P><STRONG><a name="[9]"></a>FLASH_IRQHandler</STRONG> (Thumb, 0 bytes, Stack size 0 bytes, startup_hk32f04axxa.o(.text))
<BR>[Address Reference Count : 1]<UL><LI> startup_hk32f04axxa.o(RESET)
</UL>
<P><STRONG><a name="[1e]"></a>I2C2_IRQHandler</STRONG> (Thumb, 0 bytes, Stack size 0 bytes, startup_hk32f04axxa.o(.text))
<BR>[Address Reference Count : 1]<UL><LI> startup_hk32f04axxa.o(RESET)
</UL>
<P><STRONG><a name="[18]"></a>LPTIM_IRQHandler</STRONG> (Thumb, 0 bytes, Stack size 0 bytes, startup_hk32f04axxa.o(.text))
<BR>[Address Reference Count : 1]<UL><LI> startup_hk32f04axxa.o(RESET)
</UL>
<P><STRONG><a name="[e]"></a>LPUART1_IRQHandler</STRONG> (Thumb, 0 bytes, Stack size 0 bytes, startup_hk32f04axxa.o(.text))
<BR>[Address Reference Count : 1]<UL><LI> startup_hk32f04axxa.o(RESET)
</UL>
<P><STRONG><a name="[7]"></a>PVD_IRQHandler</STRONG> (Thumb, 0 bytes, Stack size 0 bytes, startup_hk32f04axxa.o(.text))
<BR>[Address Reference Count : 1]<UL><LI> startup_hk32f04axxa.o(RESET)
</UL>
<P><STRONG><a name="[a]"></a>RCC_IRQHandler</STRONG> (Thumb, 0 bytes, Stack size 0 bytes, startup_hk32f04axxa.o(.text))
<BR>[Address Reference Count : 1]<UL><LI> startup_hk32f04axxa.o(RESET)
</UL>
<P><STRONG><a name="[8]"></a>RTC_IRQHandler</STRONG> (Thumb, 0 bytes, Stack size 0 bytes, startup_hk32f04axxa.o(.text))
<BR>[Address Reference Count : 1]<UL><LI> startup_hk32f04axxa.o(RESET)
</UL>
<P><STRONG><a name="[1f]"></a>SPI1_IRQHandler</STRONG> (Thumb, 0 bytes, Stack size 0 bytes, startup_hk32f04axxa.o(.text))
<BR>[Address Reference Count : 1]<UL><LI> startup_hk32f04axxa.o(RESET)
</UL>
<P><STRONG><a name="[20]"></a>SPI2_IRQHandler</STRONG> (Thumb, 0 bytes, Stack size 0 bytes, startup_hk32f04axxa.o(.text))
<BR>[Address Reference Count : 1]<UL><LI> startup_hk32f04axxa.o(RESET)
</UL>
<P><STRONG><a name="[19]"></a>TIM14_IRQHandler</STRONG> (Thumb, 0 bytes, Stack size 0 bytes, startup_hk32f04axxa.o(.text))
<BR>[Address Reference Count : 1]<UL><LI> startup_hk32f04axxa.o(RESET)
</UL>
<P><STRONG><a name="[1a]"></a>TIM15_IRQHandler</STRONG> (Thumb, 0 bytes, Stack size 0 bytes, startup_hk32f04axxa.o(.text))
<BR>[Address Reference Count : 1]<UL><LI> startup_hk32f04axxa.o(RESET)
</UL>
<P><STRONG><a name="[1b]"></a>TIM16_IRQHandler</STRONG> (Thumb, 0 bytes, Stack size 0 bytes, startup_hk32f04axxa.o(.text))
<BR>[Address Reference Count : 1]<UL><LI> startup_hk32f04axxa.o(RESET)
</UL>
<P><STRONG><a name="[1c]"></a>TIM17_IRQHandler</STRONG> (Thumb, 0 bytes, Stack size 0 bytes, startup_hk32f04axxa.o(.text))
<BR>[Address Reference Count : 1]<UL><LI> startup_hk32f04axxa.o(RESET)
</UL>
<P><STRONG><a name="[13]"></a>TIM1_BRK_UP_TRG_COM_IRQHandler</STRONG> (Thumb, 0 bytes, Stack size 0 bytes, startup_hk32f04axxa.o(.text))
<BR>[Address Reference Count : 1]<UL><LI> startup_hk32f04axxa.o(RESET)
</UL>
<P><STRONG><a name="[14]"></a>TIM1_CC_IRQHandler</STRONG> (Thumb, 0 bytes, Stack size 0 bytes, startup_hk32f04axxa.o(.text))
<BR>[Address Reference Count : 1]<UL><LI> startup_hk32f04axxa.o(RESET)
</UL>
<P><STRONG><a name="[15]"></a>TIM2_IRQHandler</STRONG> (Thumb, 0 bytes, Stack size 0 bytes, startup_hk32f04axxa.o(.text))
<BR>[Address Reference Count : 1]<UL><LI> startup_hk32f04axxa.o(RESET)
</UL>
<P><STRONG><a name="[16]"></a>TIM3_IRQHandler</STRONG> (Thumb, 0 bytes, Stack size 0 bytes, startup_hk32f04axxa.o(.text))
<BR>[Address Reference Count : 1]<UL><LI> startup_hk32f04axxa.o(RESET)
</UL>
<P><STRONG><a name="[17]"></a>TIM6_IRQHandler</STRONG> (Thumb, 0 bytes, Stack size 0 bytes, startup_hk32f04axxa.o(.text))
<BR>[Address Reference Count : 1]<UL><LI> startup_hk32f04axxa.o(RESET)
</UL>
<P><STRONG><a name="[21]"></a>USART1_IRQHandler</STRONG> (Thumb, 0 bytes, Stack size 0 bytes, startup_hk32f04axxa.o(.text))
<BR>[Address Reference Count : 1]<UL><LI> startup_hk32f04axxa.o(RESET)
</UL>
<P><STRONG><a name="[6]"></a>WWDG_IRQHandler</STRONG> (Thumb, 0 bytes, Stack size 0 bytes, startup_hk32f04axxa.o(.text))
<BR>[Address Reference Count : 1]<UL><LI> startup_hk32f04axxa.o(RESET)
</UL>
<P><STRONG><a name="[63]"></a>__aeabi_uidiv</STRONG> (Thumb, 0 bytes, Stack size 12 bytes, uidiv.o(.text), UNUSED)

<P><STRONG><a name="[51]"></a>__aeabi_uidivmod</STRONG> (Thumb, 44 bytes, Stack size 12 bytes, uidiv.o(.text))
<BR><BR>[Stack]<UL><LI>Max Depth = 12<LI>Call Chain = __aeabi_uidivmod
</UL>
<BR>[Called By]<UL><LI><a href="#[50]">&gt;&gt;</a>&nbsp;&nbsp;&nbsp;RCC_GetClocksFreq
<LI><a href="#[38]">&gt;&gt;</a>&nbsp;&nbsp;&nbsp;USART_Init
<LI><a href="#[55]">&gt;&gt;</a>&nbsp;&nbsp;&nbsp;_printf_core
</UL>

<P><STRONG><a name="[2f]"></a>__aeabi_memset</STRONG> (Thumb, 14 bytes, Stack size 0 bytes, memseta.o(.text))
<BR><BR>[Called By]<UL><LI><a href="#[30]">&gt;&gt;</a>&nbsp;&nbsp;&nbsp;_memset$wrapper
<LI><a href="#[2e]">&gt;&gt;</a>&nbsp;&nbsp;&nbsp;__aeabi_memclr
</UL>

<P><STRONG><a name="[64]"></a>__aeabi_memset4</STRONG> (Thumb, 0 bytes, Stack size 0 bytes, memseta.o(.text), UNUSED)

<P><STRONG><a name="[65]"></a>__aeabi_memset8</STRONG> (Thumb, 0 bytes, Stack size 0 bytes, memseta.o(.text), UNUSED)

<P><STRONG><a name="[2e]"></a>__aeabi_memclr</STRONG> (Thumb, 4 bytes, Stack size 0 bytes, memseta.o(.text))
<BR><BR>[Calls]<UL><LI><a href="#[2f]">&gt;&gt;</a>&nbsp;&nbsp;&nbsp;__aeabi_memset
</UL>
<BR>[Called By]<UL><LI><a href="#[26]">&gt;&gt;</a>&nbsp;&nbsp;&nbsp;main
</UL>

<P><STRONG><a name="[66]"></a>__aeabi_memclr4</STRONG> (Thumb, 0 bytes, Stack size 0 bytes, memseta.o(.text), UNUSED)

<P><STRONG><a name="[67]"></a>__aeabi_memclr8</STRONG> (Thumb, 0 bytes, Stack size 0 bytes, memseta.o(.text), UNUSED)

<P><STRONG><a name="[30]"></a>_memset$wrapper</STRONG> (Thumb, 18 bytes, Stack size 8 bytes, memseta.o(.text), UNUSED)
<BR><BR>[Calls]<UL><LI><a href="#[2f]">&gt;&gt;</a>&nbsp;&nbsp;&nbsp;__aeabi_memset
</UL>

<P><STRONG><a name="[2b]"></a>__scatterload</STRONG> (Thumb, 28 bytes, Stack size 0 bytes, init.o(.text))
<BR><BR>[Calls]<UL><LI><a href="#[31]">&gt;&gt;</a>&nbsp;&nbsp;&nbsp;__main_after_scatterload
</UL>
<BR>[Called By]<UL><LI><a href="#[2a]">&gt;&gt;</a>&nbsp;&nbsp;&nbsp;_main_scatterload
</UL>

<P><STRONG><a name="[68]"></a>__scatterload_rt2</STRONG> (Thumb, 0 bytes, Stack size 0 bytes, init.o(.text), UNUSED)

<P><STRONG><a name="[3f]"></a>EXTI_Init</STRONG> (Thumb, 132 bytes, Stack size 0 bytes, hk32f0xxa_exti.o(i.EXTI_Init))
<BR><BR>[Called By]<UL><LI><a href="#[3d]">&gt;&gt;</a>&nbsp;&nbsp;&nbsp;HK_EVAL_PBInit
</UL>

<P><STRONG><a name="[37]"></a>GPIO_Init</STRONG> (Thumb, 202 bytes, Stack size 20 bytes, hk32f0xxa_gpio.o(i.GPIO_Init))
<BR><BR>[Stack]<UL><LI>Max Depth = 20<LI>Call Chain = GPIO_Init
</UL>
<BR>[Called By]<UL><LI><a href="#[3d]">&gt;&gt;</a>&nbsp;&nbsp;&nbsp;HK_EVAL_PBInit
<LI><a href="#[3a]">&gt;&gt;</a>&nbsp;&nbsp;&nbsp;HK_EVAL_LEDInit
<LI><a href="#[33]">&gt;&gt;</a>&nbsp;&nbsp;&nbsp;HK_EVAL_COMInit
<LI><a href="#[46]">&gt;&gt;</a>&nbsp;&nbsp;&nbsp;I2C_COMx_Config
</UL>

<P><STRONG><a name="[36]"></a>GPIO_PinAFConfig</STRONG> (Thumb, 70 bytes, Stack size 20 bytes, hk32f0xxa_gpio.o(i.GPIO_PinAFConfig))
<BR><BR>[Stack]<UL><LI>Max Depth = 20<LI>Call Chain = GPIO_PinAFConfig
</UL>
<BR>[Called By]<UL><LI><a href="#[33]">&gt;&gt;</a>&nbsp;&nbsp;&nbsp;HK_EVAL_COMInit
<LI><a href="#[46]">&gt;&gt;</a>&nbsp;&nbsp;&nbsp;I2C_COMx_Config
</UL>

<P><STRONG><a name="[3c]"></a>GPIO_ReadInputDataBit</STRONG> (Thumb, 20 bytes, Stack size 0 bytes, hk32f0xxa_gpio.o(i.GPIO_ReadInputDataBit))
<BR><BR>[Called By]<UL><LI><a href="#[3b]">&gt;&gt;</a>&nbsp;&nbsp;&nbsp;HK_EVAL_PBGetState
</UL>

<P><STRONG><a name="[33]"></a>HK_EVAL_COMInit</STRONG> (Thumb, 160 bytes, Stack size 32 bytes, hk32f0xxa_eval.o(i.HK_EVAL_COMInit))
<BR><BR>[Stack]<UL><LI>Max Depth = 156<LI>Call Chain = HK_EVAL_COMInit &rArr; USART_Init &rArr; RCC_GetClocksFreq &rArr; __aeabi_uidivmod
</UL>
<BR>[Calls]<UL><LI><a href="#[34]">&gt;&gt;</a>&nbsp;&nbsp;&nbsp;RCC_AHBPeriphClockCmd
<LI><a href="#[36]">&gt;&gt;</a>&nbsp;&nbsp;&nbsp;GPIO_PinAFConfig
<LI><a href="#[37]">&gt;&gt;</a>&nbsp;&nbsp;&nbsp;GPIO_Init
<LI><a href="#[35]">&gt;&gt;</a>&nbsp;&nbsp;&nbsp;RCC_APB2PeriphClockCmd
<LI><a href="#[38]">&gt;&gt;</a>&nbsp;&nbsp;&nbsp;USART_Init
<LI><a href="#[39]">&gt;&gt;</a>&nbsp;&nbsp;&nbsp;USART_Cmd
</UL>
<BR>[Called By]<UL><LI><a href="#[32]">&gt;&gt;</a>&nbsp;&nbsp;&nbsp;DEBUG_USARTx_Config
</UL>

<P><STRONG><a name="[3a]"></a>HK_EVAL_LEDInit</STRONG> (Thumb, 68 bytes, Stack size 24 bytes, hk32f0xxa_eval.o(i.HK_EVAL_LEDInit))
<BR><BR>[Stack]<UL><LI>Max Depth = 44<LI>Call Chain = HK_EVAL_LEDInit &rArr; GPIO_Init
</UL>
<BR>[Calls]<UL><LI><a href="#[34]">&gt;&gt;</a>&nbsp;&nbsp;&nbsp;RCC_AHBPeriphClockCmd
<LI><a href="#[37]">&gt;&gt;</a>&nbsp;&nbsp;&nbsp;GPIO_Init
</UL>
<BR>[Called By]<UL><LI><a href="#[26]">&gt;&gt;</a>&nbsp;&nbsp;&nbsp;main
</UL>

<P><STRONG><a name="[58]"></a>HK_EVAL_LEDOff</STRONG> (Thumb, 16 bytes, Stack size 0 bytes, hk32f0xxa_eval.o(i.HK_EVAL_LEDOff))
<BR><BR>[Called By]<UL><LI><a href="#[26]">&gt;&gt;</a>&nbsp;&nbsp;&nbsp;main
</UL>

<P><STRONG><a name="[5c]"></a>HK_EVAL_LEDOn</STRONG> (Thumb, 16 bytes, Stack size 0 bytes, hk32f0xxa_eval.o(i.HK_EVAL_LEDOn))
<BR><BR>[Called By]<UL><LI><a href="#[26]">&gt;&gt;</a>&nbsp;&nbsp;&nbsp;main
</UL>

<P><STRONG><a name="[3b]"></a>HK_EVAL_PBGetState</STRONG> (Thumb, 22 bytes, Stack size 8 bytes, hk32f0xxa_eval.o(i.HK_EVAL_PBGetState))
<BR><BR>[Stack]<UL><LI>Max Depth = 8<LI>Call Chain = HK_EVAL_PBGetState
</UL>
<BR>[Calls]<UL><LI><a href="#[3c]">&gt;&gt;</a>&nbsp;&nbsp;&nbsp;GPIO_ReadInputDataBit
</UL>
<BR>[Called By]<UL><LI><a href="#[26]">&gt;&gt;</a>&nbsp;&nbsp;&nbsp;main
</UL>

<P><STRONG><a name="[3d]"></a>HK_EVAL_PBInit</STRONG> (Thumb, 144 bytes, Stack size 40 bytes, hk32f0xxa_eval.o(i.HK_EVAL_PBInit))
<BR><BR>[Stack]<UL><LI>Max Depth = 60<LI>Call Chain = HK_EVAL_PBInit &rArr; GPIO_Init
</UL>
<BR>[Calls]<UL><LI><a href="#[34]">&gt;&gt;</a>&nbsp;&nbsp;&nbsp;RCC_AHBPeriphClockCmd
<LI><a href="#[40]">&gt;&gt;</a>&nbsp;&nbsp;&nbsp;NVIC_Init
<LI><a href="#[37]">&gt;&gt;</a>&nbsp;&nbsp;&nbsp;GPIO_Init
<LI><a href="#[3f]">&gt;&gt;</a>&nbsp;&nbsp;&nbsp;EXTI_Init
<LI><a href="#[35]">&gt;&gt;</a>&nbsp;&nbsp;&nbsp;RCC_APB2PeriphClockCmd
<LI><a href="#[3e]">&gt;&gt;</a>&nbsp;&nbsp;&nbsp;SYSCFG_EXTILineConfig
</UL>
<BR>[Called By]<UL><LI><a href="#[26]">&gt;&gt;</a>&nbsp;&nbsp;&nbsp;main
</UL>

<P><STRONG><a name="[2]"></a>HardFault_Handler</STRONG> (Thumb, 4 bytes, Stack size 0 bytes, hk32f0xxa_it.o(i.HardFault_Handler))
<BR>[Address Reference Count : 1]<UL><LI> startup_hk32f04axxa.o(RESET)
</UL>
<P><STRONG><a name="[1d]"></a>I2C1_IRQHandler</STRONG> (Thumb, 202 bytes, Stack size 8 bytes, hk32f0xxa_it.o(i.I2C1_IRQHandler))
<BR><BR>[Stack]<UL><LI>Max Depth = 24<LI>Call Chain = I2C1_IRQHandler &rArr; I2C_GetITStatus
</UL>
<BR>[Calls]<UL><LI><a href="#[45]">&gt;&gt;</a>&nbsp;&nbsp;&nbsp;I2C_SendData
<LI><a href="#[42]">&gt;&gt;</a>&nbsp;&nbsp;&nbsp;I2C_ReceiveData
<LI><a href="#[41]">&gt;&gt;</a>&nbsp;&nbsp;&nbsp;I2C_GetITStatus
<LI><a href="#[43]">&gt;&gt;</a>&nbsp;&nbsp;&nbsp;I2C_GenerateSTOP
<LI><a href="#[44]">&gt;&gt;</a>&nbsp;&nbsp;&nbsp;I2C_ClearITPendingBit
</UL>
<BR>[Address Reference Count : 1]<UL><LI> startup_hk32f04axxa.o(RESET)
</UL>
<P><STRONG><a name="[46]"></a>I2C_COMx_Config</STRONG> (Thumb, 180 bytes, Stack size 48 bytes, main.o(i.I2C_COMx_Config))
<BR><BR>[Stack]<UL><LI>Max Depth = 68<LI>Call Chain = I2C_COMx_Config &rArr; GPIO_PinAFConfig
</UL>
<BR>[Calls]<UL><LI><a href="#[47]">&gt;&gt;</a>&nbsp;&nbsp;&nbsp;RCC_APB1PeriphClockCmd
<LI><a href="#[34]">&gt;&gt;</a>&nbsp;&nbsp;&nbsp;RCC_AHBPeriphClockCmd
<LI><a href="#[40]">&gt;&gt;</a>&nbsp;&nbsp;&nbsp;NVIC_Init
<LI><a href="#[48]">&gt;&gt;</a>&nbsp;&nbsp;&nbsp;I2C_StretchClockCmd
<LI><a href="#[49]">&gt;&gt;</a>&nbsp;&nbsp;&nbsp;I2C_Init
<LI><a href="#[4a]">&gt;&gt;</a>&nbsp;&nbsp;&nbsp;I2C_ITConfig
<LI><a href="#[4b]">&gt;&gt;</a>&nbsp;&nbsp;&nbsp;I2C_Cmd
<LI><a href="#[36]">&gt;&gt;</a>&nbsp;&nbsp;&nbsp;GPIO_PinAFConfig
<LI><a href="#[37]">&gt;&gt;</a>&nbsp;&nbsp;&nbsp;GPIO_Init
</UL>
<BR>[Called By]<UL><LI><a href="#[26]">&gt;&gt;</a>&nbsp;&nbsp;&nbsp;main
</UL>

<P><STRONG><a name="[4c]"></a>I2C_COMx_StartRead</STRONG> (Thumb, 42 bytes, Stack size 16 bytes, main.o(i.I2C_COMx_StartRead))
<BR><BR>[Stack]<UL><LI>Max Depth = 36<LI>Call Chain = I2C_COMx_StartRead &rArr; I2C_TransferHandling
</UL>
<BR>[Calls]<UL><LI><a href="#[4e]">&gt;&gt;</a>&nbsp;&nbsp;&nbsp;I2C_TransferHandling
<LI><a href="#[4d]">&gt;&gt;</a>&nbsp;&nbsp;&nbsp;I2C_GetFlagStatus
</UL>
<BR>[Called By]<UL><LI><a href="#[26]">&gt;&gt;</a>&nbsp;&nbsp;&nbsp;main
</UL>

<P><STRONG><a name="[4f]"></a>I2C_COMx_StartWrite</STRONG> (Thumb, 42 bytes, Stack size 16 bytes, main.o(i.I2C_COMx_StartWrite))
<BR><BR>[Stack]<UL><LI>Max Depth = 36<LI>Call Chain = I2C_COMx_StartWrite &rArr; I2C_TransferHandling
</UL>
<BR>[Calls]<UL><LI><a href="#[4e]">&gt;&gt;</a>&nbsp;&nbsp;&nbsp;I2C_TransferHandling
<LI><a href="#[4d]">&gt;&gt;</a>&nbsp;&nbsp;&nbsp;I2C_GetFlagStatus
</UL>
<BR>[Called By]<UL><LI><a href="#[26]">&gt;&gt;</a>&nbsp;&nbsp;&nbsp;main
</UL>

<P><STRONG><a name="[44]"></a>I2C_ClearITPendingBit</STRONG> (Thumb, 4 bytes, Stack size 0 bytes, hk32f0xxa_i2c.o(i.I2C_ClearITPendingBit))
<BR><BR>[Called By]<UL><LI><a href="#[1d]">&gt;&gt;</a>&nbsp;&nbsp;&nbsp;I2C1_IRQHandler
</UL>

<P><STRONG><a name="[4b]"></a>I2C_Cmd</STRONG> (Thumb, 24 bytes, Stack size 0 bytes, hk32f0xxa_i2c.o(i.I2C_Cmd))
<BR><BR>[Called By]<UL><LI><a href="#[46]">&gt;&gt;</a>&nbsp;&nbsp;&nbsp;I2C_COMx_Config
</UL>

<P><STRONG><a name="[43]"></a>I2C_GenerateSTOP</STRONG> (Thumb, 28 bytes, Stack size 0 bytes, hk32f0xxa_i2c.o(i.I2C_GenerateSTOP))
<BR><BR>[Called By]<UL><LI><a href="#[26]">&gt;&gt;</a>&nbsp;&nbsp;&nbsp;main
<LI><a href="#[1d]">&gt;&gt;</a>&nbsp;&nbsp;&nbsp;I2C1_IRQHandler
</UL>

<P><STRONG><a name="[4d]"></a>I2C_GetFlagStatus</STRONG> (Thumb, 28 bytes, Stack size 8 bytes, hk32f0xxa_i2c.o(i.I2C_GetFlagStatus))
<BR><BR>[Stack]<UL><LI>Max Depth = 8<LI>Call Chain = I2C_GetFlagStatus
</UL>
<BR>[Called By]<UL><LI><a href="#[26]">&gt;&gt;</a>&nbsp;&nbsp;&nbsp;main
<LI><a href="#[4f]">&gt;&gt;</a>&nbsp;&nbsp;&nbsp;I2C_COMx_StartWrite
<LI><a href="#[4c]">&gt;&gt;</a>&nbsp;&nbsp;&nbsp;I2C_COMx_StartRead
</UL>

<P><STRONG><a name="[41]"></a>I2C_GetITStatus</STRONG> (Thumb, 78 bytes, Stack size 16 bytes, hk32f0xxa_i2c.o(i.I2C_GetITStatus))
<BR><BR>[Stack]<UL><LI>Max Depth = 16<LI>Call Chain = I2C_GetITStatus
</UL>
<BR>[Called By]<UL><LI><a href="#[1d]">&gt;&gt;</a>&nbsp;&nbsp;&nbsp;I2C1_IRQHandler
</UL>

<P><STRONG><a name="[4a]"></a>I2C_ITConfig</STRONG> (Thumb, 20 bytes, Stack size 0 bytes, hk32f0xxa_i2c.o(i.I2C_ITConfig))
<BR><BR>[Called By]<UL><LI><a href="#[46]">&gt;&gt;</a>&nbsp;&nbsp;&nbsp;I2C_COMx_Config
</UL>

<P><STRONG><a name="[49]"></a>I2C_Init</STRONG> (Thumb, 98 bytes, Stack size 8 bytes, hk32f0xxa_i2c.o(i.I2C_Init))
<BR><BR>[Stack]<UL><LI>Max Depth = 8<LI>Call Chain = I2C_Init
</UL>
<BR>[Called By]<UL><LI><a href="#[46]">&gt;&gt;</a>&nbsp;&nbsp;&nbsp;I2C_COMx_Config
</UL>

<P><STRONG><a name="[42]"></a>I2C_ReceiveData</STRONG> (Thumb, 8 bytes, Stack size 0 bytes, hk32f0xxa_i2c.o(i.I2C_ReceiveData))
<BR><BR>[Called By]<UL><LI><a href="#[1d]">&gt;&gt;</a>&nbsp;&nbsp;&nbsp;I2C1_IRQHandler
</UL>

<P><STRONG><a name="[45]"></a>I2C_SendData</STRONG> (Thumb, 4 bytes, Stack size 0 bytes, hk32f0xxa_i2c.o(i.I2C_SendData))
<BR><BR>[Called By]<UL><LI><a href="#[1d]">&gt;&gt;</a>&nbsp;&nbsp;&nbsp;I2C1_IRQHandler
</UL>

<P><STRONG><a name="[48]"></a>I2C_StretchClockCmd</STRONG> (Thumb, 28 bytes, Stack size 0 bytes, hk32f0xxa_i2c.o(i.I2C_StretchClockCmd))
<BR><BR>[Called By]<UL><LI><a href="#[46]">&gt;&gt;</a>&nbsp;&nbsp;&nbsp;I2C_COMx_Config
</UL>

<P><STRONG><a name="[4e]"></a>I2C_TransferHandling</STRONG> (Thumb, 38 bytes, Stack size 20 bytes, hk32f0xxa_i2c.o(i.I2C_TransferHandling))
<BR><BR>[Stack]<UL><LI>Max Depth = 20<LI>Call Chain = I2C_TransferHandling
</UL>
<BR>[Called By]<UL><LI><a href="#[4f]">&gt;&gt;</a>&nbsp;&nbsp;&nbsp;I2C_COMx_StartWrite
<LI><a href="#[4c]">&gt;&gt;</a>&nbsp;&nbsp;&nbsp;I2C_COMx_StartRead
</UL>

<P><STRONG><a name="[1]"></a>NMI_Handler</STRONG> (Thumb, 2 bytes, Stack size 0 bytes, hk32f0xxa_it.o(i.NMI_Handler))
<BR>[Address Reference Count : 1]<UL><LI> startup_hk32f04axxa.o(RESET)
</UL>
<P><STRONG><a name="[40]"></a>NVIC_Init</STRONG> (Thumb, 106 bytes, Stack size 0 bytes, hk32f0xxa_misc.o(i.NVIC_Init))
<BR><BR>[Called By]<UL><LI><a href="#[3d]">&gt;&gt;</a>&nbsp;&nbsp;&nbsp;HK_EVAL_PBInit
<LI><a href="#[46]">&gt;&gt;</a>&nbsp;&nbsp;&nbsp;I2C_COMx_Config
</UL>

<P><STRONG><a name="[4]"></a>PendSV_Handler</STRONG> (Thumb, 2 bytes, Stack size 0 bytes, hk32f0xxa_it.o(i.PendSV_Handler))
<BR>[Address Reference Count : 1]<UL><LI> startup_hk32f04axxa.o(RESET)
</UL>
<P><STRONG><a name="[34]"></a>RCC_AHBPeriphClockCmd</STRONG> (Thumb, 28 bytes, Stack size 0 bytes, hk32f0xxa_rcc.o(i.RCC_AHBPeriphClockCmd))
<BR><BR>[Called By]<UL><LI><a href="#[3d]">&gt;&gt;</a>&nbsp;&nbsp;&nbsp;HK_EVAL_PBInit
<LI><a href="#[3a]">&gt;&gt;</a>&nbsp;&nbsp;&nbsp;HK_EVAL_LEDInit
<LI><a href="#[33]">&gt;&gt;</a>&nbsp;&nbsp;&nbsp;HK_EVAL_COMInit
<LI><a href="#[46]">&gt;&gt;</a>&nbsp;&nbsp;&nbsp;I2C_COMx_Config
</UL>

<P><STRONG><a name="[47]"></a>RCC_APB1PeriphClockCmd</STRONG> (Thumb, 28 bytes, Stack size 0 bytes, hk32f0xxa_rcc.o(i.RCC_APB1PeriphClockCmd))
<BR><BR>[Called By]<UL><LI><a href="#[46]">&gt;&gt;</a>&nbsp;&nbsp;&nbsp;I2C_COMx_Config
</UL>

<P><STRONG><a name="[35]"></a>RCC_APB2PeriphClockCmd</STRONG> (Thumb, 28 bytes, Stack size 0 bytes, hk32f0xxa_rcc.o(i.RCC_APB2PeriphClockCmd))
<BR><BR>[Called By]<UL><LI><a href="#[3d]">&gt;&gt;</a>&nbsp;&nbsp;&nbsp;HK_EVAL_PBInit
<LI><a href="#[33]">&gt;&gt;</a>&nbsp;&nbsp;&nbsp;HK_EVAL_COMInit
</UL>

<P><STRONG><a name="[50]"></a>RCC_GetClocksFreq</STRONG> (Thumb, 902 bytes, Stack size 40 bytes, hk32f0xxa_rcc.o(i.RCC_GetClocksFreq))
<BR><BR>[Stack]<UL><LI>Max Depth = 52<LI>Call Chain = RCC_GetClocksFreq &rArr; __aeabi_uidivmod
</UL>
<BR>[Calls]<UL><LI><a href="#[51]">&gt;&gt;</a>&nbsp;&nbsp;&nbsp;__aeabi_uidivmod
</UL>
<BR>[Called By]<UL><LI><a href="#[38]">&gt;&gt;</a>&nbsp;&nbsp;&nbsp;USART_Init
</UL>

<P><STRONG><a name="[3]"></a>SVC_Handler</STRONG> (Thumb, 2 bytes, Stack size 0 bytes, hk32f0xxa_it.o(i.SVC_Handler))
<BR>[Address Reference Count : 1]<UL><LI> startup_hk32f04axxa.o(RESET)
</UL>
<P><STRONG><a name="[3e]"></a>SYSCFG_EXTILineConfig</STRONG> (Thumb, 160 bytes, Stack size 12 bytes, hk32f0xxa_syscfg.o(i.SYSCFG_EXTILineConfig))
<BR><BR>[Stack]<UL><LI>Max Depth = 12<LI>Call Chain = SYSCFG_EXTILineConfig
</UL>
<BR>[Called By]<UL><LI><a href="#[3d]">&gt;&gt;</a>&nbsp;&nbsp;&nbsp;HK_EVAL_PBInit
</UL>

<P><STRONG><a name="[5]"></a>SysTick_Handler</STRONG> (Thumb, 2 bytes, Stack size 0 bytes, hk32f0xxa_it.o(i.SysTick_Handler))
<BR>[Address Reference Count : 1]<UL><LI> startup_hk32f04axxa.o(RESET)
</UL>
<P><STRONG><a name="[27]"></a>SystemInit</STRONG> (Thumb, 262 bytes, Stack size 8 bytes, system_hk32f0xxa.o(i.SystemInit))
<BR><BR>[Stack]<UL><LI>Max Depth = 28<LI>Call Chain = SystemInit &rArr; SetSysClock &rArr; SetSysClockToHSI_56M
</UL>
<BR>[Calls]<UL><LI><a href="#[52]">&gt;&gt;</a>&nbsp;&nbsp;&nbsp;SetSysClock
</UL>
<BR>[Address Reference Count : 1]<UL><LI> startup_hk32f04axxa.o(.text)
</UL>
<P><STRONG><a name="[22]"></a>USART2_IRQHandler</STRONG> (Thumb, 2 bytes, Stack size 0 bytes, hk32f0xxa_it.o(i.USART2_IRQHandler))
<BR>[Address Reference Count : 1]<UL><LI> startup_hk32f04axxa.o(RESET)
</UL>
<P><STRONG><a name="[39]"></a>USART_Cmd</STRONG> (Thumb, 24 bytes, Stack size 0 bytes, hk32f0xxa_usart.o(i.USART_Cmd))
<BR><BR>[Called By]<UL><LI><a href="#[33]">&gt;&gt;</a>&nbsp;&nbsp;&nbsp;HK_EVAL_COMInit
</UL>

<P><STRONG><a name="[57]"></a>USART_GetFlagStatus</STRONG> (Thumb, 20 bytes, Stack size 0 bytes, hk32f0xxa_usart.o(i.USART_GetFlagStatus))
<BR><BR>[Called By]<UL><LI><a href="#[29]">&gt;&gt;</a>&nbsp;&nbsp;&nbsp;fputc
</UL>

<P><STRONG><a name="[38]"></a>USART_Init</STRONG> (Thumb, 216 bytes, Stack size 72 bytes, hk32f0xxa_usart.o(i.USART_Init))
<BR><BR>[Stack]<UL><LI>Max Depth = 124<LI>Call Chain = USART_Init &rArr; RCC_GetClocksFreq &rArr; __aeabi_uidivmod
</UL>
<BR>[Calls]<UL><LI><a href="#[50]">&gt;&gt;</a>&nbsp;&nbsp;&nbsp;RCC_GetClocksFreq
<LI><a href="#[51]">&gt;&gt;</a>&nbsp;&nbsp;&nbsp;__aeabi_uidivmod
</UL>
<BR>[Called By]<UL><LI><a href="#[33]">&gt;&gt;</a>&nbsp;&nbsp;&nbsp;HK_EVAL_COMInit
</UL>

<P><STRONG><a name="[56]"></a>USART_SendData</STRONG> (Thumb, 8 bytes, Stack size 0 bytes, hk32f0xxa_usart.o(i.USART_SendData))
<BR><BR>[Called By]<UL><LI><a href="#[29]">&gt;&gt;</a>&nbsp;&nbsp;&nbsp;fputc
</UL>

<P><STRONG><a name="[54]"></a>__0printf$3</STRONG> (Thumb, 24 bytes, Stack size 24 bytes, printf3.o(i.__0printf$3), UNUSED)
<BR><BR>[Calls]<UL><LI><a href="#[55]">&gt;&gt;</a>&nbsp;&nbsp;&nbsp;_printf_core
</UL>

<P><STRONG><a name="[69]"></a>__1printf$3</STRONG> (Thumb, 0 bytes, Stack size 24 bytes, printf3.o(i.__0printf$3), UNUSED)

<P><STRONG><a name="[59]"></a>__2printf</STRONG> (Thumb, 0 bytes, Stack size 24 bytes, printf3.o(i.__0printf$3))
<BR><BR>[Stack]<UL><LI>Max Depth = 24<LI>Call Chain = __2printf
</UL>
<BR>[Called By]<UL><LI><a href="#[26]">&gt;&gt;</a>&nbsp;&nbsp;&nbsp;main
</UL>

<P><STRONG><a name="[6a]"></a>__scatterload_copy</STRONG> (Thumb, 14 bytes, Stack size unknown bytes, handlers.o(i.__scatterload_copy), UNUSED)

<P><STRONG><a name="[6b]"></a>__scatterload_null</STRONG> (Thumb, 2 bytes, Stack size unknown bytes, handlers.o(i.__scatterload_null), UNUSED)

<P><STRONG><a name="[6c]"></a>__scatterload_zeroinit</STRONG> (Thumb, 14 bytes, Stack size unknown bytes, handlers.o(i.__scatterload_zeroinit), UNUSED)

<P><STRONG><a name="[29]"></a>fputc</STRONG> (Thumb, 44 bytes, Stack size 24 bytes, hk32f0xxa_eval.o(i.fputc))
<BR><BR>[Stack]<UL><LI>Max Depth = 24<LI>Call Chain = fputc
</UL>
<BR>[Calls]<UL><LI><a href="#[56]">&gt;&gt;</a>&nbsp;&nbsp;&nbsp;USART_SendData
<LI><a href="#[57]">&gt;&gt;</a>&nbsp;&nbsp;&nbsp;USART_GetFlagStatus
</UL>
<BR>[Address Reference Count : 1]<UL><LI> printf3.o(i.__0printf$3)
</UL>
<P><STRONG><a name="[26]"></a>main</STRONG> (Thumb, 304 bytes, Stack size 0 bytes, main.o(i.main))
<BR><BR>[Stack]<UL><LI>Max Depth = 188<LI>Call Chain = main &rArr; DEBUG_USARTx_Config &rArr; HK_EVAL_COMInit &rArr; USART_Init &rArr; RCC_GetClocksFreq &rArr; __aeabi_uidivmod
</UL>
<BR>[Calls]<UL><LI><a href="#[4d]">&gt;&gt;</a>&nbsp;&nbsp;&nbsp;I2C_GetFlagStatus
<LI><a href="#[3d]">&gt;&gt;</a>&nbsp;&nbsp;&nbsp;HK_EVAL_PBInit
<LI><a href="#[3b]">&gt;&gt;</a>&nbsp;&nbsp;&nbsp;HK_EVAL_PBGetState
<LI><a href="#[5c]">&gt;&gt;</a>&nbsp;&nbsp;&nbsp;HK_EVAL_LEDOn
<LI><a href="#[58]">&gt;&gt;</a>&nbsp;&nbsp;&nbsp;HK_EVAL_LEDOff
<LI><a href="#[3a]">&gt;&gt;</a>&nbsp;&nbsp;&nbsp;HK_EVAL_LEDInit
<LI><a href="#[4f]">&gt;&gt;</a>&nbsp;&nbsp;&nbsp;I2C_COMx_StartWrite
<LI><a href="#[4c]">&gt;&gt;</a>&nbsp;&nbsp;&nbsp;I2C_COMx_StartRead
<LI><a href="#[46]">&gt;&gt;</a>&nbsp;&nbsp;&nbsp;I2C_COMx_Config
<LI><a href="#[5a]">&gt;&gt;</a>&nbsp;&nbsp;&nbsp;Delay
<LI><a href="#[32]">&gt;&gt;</a>&nbsp;&nbsp;&nbsp;DEBUG_USARTx_Config
<LI><a href="#[5b]">&gt;&gt;</a>&nbsp;&nbsp;&nbsp;Buffercmp
<LI><a href="#[43]">&gt;&gt;</a>&nbsp;&nbsp;&nbsp;I2C_GenerateSTOP
<LI><a href="#[2e]">&gt;&gt;</a>&nbsp;&nbsp;&nbsp;__aeabi_memclr
<LI><a href="#[59]">&gt;&gt;</a>&nbsp;&nbsp;&nbsp;__2printf
</UL>
<BR>[Address Reference Count : 1]<UL><LI> entry9a.o(.ARM.Collect$$$$0000000B)
</UL><P>
<H3>
Local Symbols
</H3>
<P><STRONG><a name="[5b]"></a>Buffercmp</STRONG> (Thumb, 36 bytes, Stack size 8 bytes, main.o(i.Buffercmp))
<BR><BR>[Stack]<UL><LI>Max Depth = 8<LI>Call Chain = Buffercmp
</UL>
<BR>[Called By]<UL><LI><a href="#[26]">&gt;&gt;</a>&nbsp;&nbsp;&nbsp;main
</UL>

<P><STRONG><a name="[32]"></a>DEBUG_USARTx_Config</STRONG> (Thumb, 34 bytes, Stack size 32 bytes, main.o(i.DEBUG_USARTx_Config))
<BR><BR>[Stack]<UL><LI>Max Depth = 188<LI>Call Chain = DEBUG_USARTx_Config &rArr; HK_EVAL_COMInit &rArr; USART_Init &rArr; RCC_GetClocksFreq &rArr; __aeabi_uidivmod
</UL>
<BR>[Calls]<UL><LI><a href="#[33]">&gt;&gt;</a>&nbsp;&nbsp;&nbsp;HK_EVAL_COMInit
</UL>
<BR>[Called By]<UL><LI><a href="#[26]">&gt;&gt;</a>&nbsp;&nbsp;&nbsp;main
</UL>

<P><STRONG><a name="[5a]"></a>Delay</STRONG> (Thumb, 14 bytes, Stack size 0 bytes, main.o(i.Delay))
<BR><BR>[Called By]<UL><LI><a href="#[26]">&gt;&gt;</a>&nbsp;&nbsp;&nbsp;main
</UL>

<P><STRONG><a name="[52]"></a>SetSysClock</STRONG> (Thumb, 8 bytes, Stack size 8 bytes, system_hk32f0xxa.o(i.SetSysClock))
<BR><BR>[Stack]<UL><LI>Max Depth = 20<LI>Call Chain = SetSysClock &rArr; SetSysClockToHSI_56M
</UL>
<BR>[Calls]<UL><LI><a href="#[53]">&gt;&gt;</a>&nbsp;&nbsp;&nbsp;SetSysClockToHSI_56M
</UL>
<BR>[Called By]<UL><LI><a href="#[27]">&gt;&gt;</a>&nbsp;&nbsp;&nbsp;SystemInit
</UL>

<P><STRONG><a name="[53]"></a>SetSysClockToHSI_56M</STRONG> (Thumb, 196 bytes, Stack size 12 bytes, system_hk32f0xxa.o(i.SetSysClockToHSI_56M))
<BR><BR>[Stack]<UL><LI>Max Depth = 12<LI>Call Chain = SetSysClockToHSI_56M
</UL>
<BR>[Called By]<UL><LI><a href="#[52]">&gt;&gt;</a>&nbsp;&nbsp;&nbsp;SetSysClock
</UL>

<P><STRONG><a name="[55]"></a>_printf_core</STRONG> (Thumb, 456 bytes, Stack size 88 bytes, printf3.o(i._printf_core), UNUSED)
<BR><BR>[Calls]<UL><LI><a href="#[51]">&gt;&gt;</a>&nbsp;&nbsp;&nbsp;__aeabi_uidivmod
</UL>
<BR>[Called By]<UL><LI><a href="#[54]">&gt;&gt;</a>&nbsp;&nbsp;&nbsp;__0printf$3
</UL>
<P>
<H3>
Undefined Global Symbols
</H3>
<P><STRONG><a name="[2d]"></a>__arm_fini_</STRONG> (Unknown, 0 bytes, Stack size 0 bytes, UNDEFINED)
<BR><BR>[Called By]<UL><LI><a href="#[2c]">&gt;&gt;</a>&nbsp;&nbsp;&nbsp;__rt_lib_shutdown_fini
</UL>
<HR></body></html>
