Component: Arm Compiler for Embedded 6.22 Tool: armlink [5ee90200]

==============================================================================

Section Cross References

    main.o(.text.main) refers to can.o(.text.CAN1_Init) for CAN1_Init
    main.o(.text.main) refers to usart.o(.text.USART1_UART_Init) for USART1_UART_Init
    main.o(.text.main) refers to bsp_can.o(.text._Z10bspCanSendjPhh) for bspCanSend(unsigned int, unsigned char*, unsigned char)
    main.o(.text.main) refers to bsp_usart.o(.text.Uart1_print) for Uart1_print
    main.o(.text.main) refers to system.o(.text._Z8delay_msj) for delay_ms(unsigned int)
    main.o(.ARM.exidx.text.main) refers to main.o(.text.main) for [Anonymous Symbol]
    gpio.o(.text.vGPIO_Init) refers to hk32f0xxa_rcc.o(.text.RCC_AHBPeriphClockCmd) for RCC_AHBPeriphClockCmd
    gpio.o(.text.vGPIO_Init) refers to hk32f0xxa_gpio.o(.text.GPIO_WriteBit) for GPIO_WriteBit
    gpio.o(.text.vGPIO_Init) refers to hk32f0xxa_gpio.o(.text.GPIO_Init) for GPIO_Init
    gpio.o(.ARM.exidx.text.vGPIO_Init) refers to gpio.o(.text.vGPIO_Init) for [Anonymous Symbol]
    adc.o(.text.ADC1_Init) refers to hk32f0xxa_rcc.o(.text.RCC_AHBPeriphClockCmd) for RCC_AHBPeriphClockCmd
    adc.o(.text.ADC1_Init) refers to hk32f0xxa_rcc.o(.text.RCC_APB2PeriphClockCmd) for RCC_APB2PeriphClockCmd
    adc.o(.text.ADC1_Init) refers to hk32f0xxa_gpio.o(.text.GPIO_Init) for GPIO_Init
    adc.o(.text.ADC1_Init) refers to hk32f0xxa_adc.o(.text.ADC_DeInit) for ADC_DeInit
    adc.o(.text.ADC1_Init) refers to hk32f0xxa_adc.o(.text.ADC_Init) for ADC_Init
    adc.o(.text.ADC1_Init) refers to hk32f0xxa_adc.o(.text.ADC_ChannelConfig) for ADC_ChannelConfig
    adc.o(.text.ADC1_Init) refers to hk32f0xxa_adc.o(.text.ADC_GetCalibrationFactor) for ADC_GetCalibrationFactor
    adc.o(.text.ADC1_Init) refers to hk32f0xxa_adc.o(.text.ADC_Cmd) for ADC_Cmd
    adc.o(.text.ADC1_Init) refers to hk32f0xxa_adc.o(.text.ADC_GetFlagStatus) for ADC_GetFlagStatus
    adc.o(.text.ADC1_Init) refers to hk32f0xxa_adc.o(.text.ADC_StartOfConversion) for ADC_StartOfConversion
    adc.o(.ARM.exidx.text.ADC1_Init) refers to adc.o(.text.ADC1_Init) for [Anonymous Symbol]
    can.o(.text.CAN1_Init) refers to hk32f0xxa_rcc.o(.text.RCC_AHBPeriphClockCmd) for RCC_AHBPeriphClockCmd
    can.o(.text.CAN1_Init) refers to hk32f0xxa_rcc.o(.text.RCC_APB1PeriphClockCmd) for RCC_APB1PeriphClockCmd
    can.o(.text.CAN1_Init) refers to hk32f0xxa_gpio.o(.text.GPIO_PinAFConfig) for GPIO_PinAFConfig
    can.o(.text.CAN1_Init) refers to hk32f0xxa_gpio.o(.text.GPIO_Init) for GPIO_Init
    can.o(.text.CAN1_Init) refers to hk32f0xxa_can.o(.text.CAN_DeInit) for CAN_DeInit
    can.o(.text.CAN1_Init) refers to hk32f0xxa_can.o(.text.CAN_StructInit) for CAN_StructInit
    can.o(.text.CAN1_Init) refers to hk32f0xxa_can.o(.text.CAN_Init) for CAN_Init
    can.o(.text.CAN1_Init) refers to hk32f0xxa_can.o(.text.CAN_FilterInit) for CAN_FilterInit
    can.o(.text.CAN1_Init) refers to can.o(.data.can_res) for can_res
    can.o(.ARM.exidx.text.CAN1_Init) refers to can.o(.text.CAN1_Init) for [Anonymous Symbol]
    tim.o(.text.TIM3_Init) refers to hk32f0xxa_rcc.o(.text.RCC_APB1PeriphClockCmd) for RCC_APB1PeriphClockCmd
    tim.o(.text.TIM3_Init) refers to hk32f0xxa_tim.o(.text.TIM_InternalClockConfig) for TIM_InternalClockConfig
    tim.o(.text.TIM3_Init) refers to hk32f0xxa_tim.o(.text.TIM_TimeBaseInit) for TIM_TimeBaseInit
    tim.o(.text.TIM3_Init) refers to hk32f0xxa_tim.o(.text.TIM_ClearFlag) for TIM_ClearFlag
    tim.o(.text.TIM3_Init) refers to hk32f0xxa_tim.o(.text.TIM_ITConfig) for TIM_ITConfig
    tim.o(.text.TIM3_Init) refers to hk32f0xxa_misc.o(.text.NVIC_Init) for NVIC_Init
    tim.o(.text.TIM3_Init) refers to hk32f0xxa_tim.o(.text.TIM_Cmd) for TIM_Cmd
    tim.o(.ARM.exidx.text.TIM3_Init) refers to tim.o(.text.TIM3_Init) for [Anonymous Symbol]
    usart.o(.text.USART1_UART_Init) refers to hk32f0xxa_rcc.o(.text.RCC_AHBPeriphClockCmd) for RCC_AHBPeriphClockCmd
    usart.o(.text.USART1_UART_Init) refers to hk32f0xxa_rcc.o(.text.RCC_APB2PeriphClockCmd) for RCC_APB2PeriphClockCmd
    usart.o(.text.USART1_UART_Init) refers to hk32f0xxa_gpio.o(.text.GPIO_PinAFConfig) for GPIO_PinAFConfig
    usart.o(.text.USART1_UART_Init) refers to hk32f0xxa_gpio.o(.text.GPIO_Init) for GPIO_Init
    usart.o(.text.USART1_UART_Init) refers to hk32f0xxa_usart.o(.text.USART_Init) for USART_Init
    usart.o(.text.USART1_UART_Init) refers to hk32f0xxa_usart.o(.text.USART_Cmd) for USART_Cmd
    usart.o(.ARM.exidx.text.USART1_UART_Init) refers to usart.o(.text.USART1_UART_Init) for [Anonymous Symbol]
    usart.o(.text.USART2_UART_Init) refers to hk32f0xxa_rcc.o(.text.RCC_AHBPeriphClockCmd) for RCC_AHBPeriphClockCmd
    usart.o(.text.USART2_UART_Init) refers to hk32f0xxa_rcc.o(.text.RCC_APB2PeriphClockCmd) for RCC_APB2PeriphClockCmd
    usart.o(.text.USART2_UART_Init) refers to hk32f0xxa_gpio.o(.text.GPIO_PinAFConfig) for GPIO_PinAFConfig
[...]
    ../clib/locale.s                         0x00000000   Number         0  lc_ctype_c.o ABSOLUTE
    ../clib/longlong.c                       0x00000000   Number         0  llushr.o ABSOLUTE
    ../clib/maybe.s                          0x00000000   Number         0  maybetermalloc1.o ABSOLUTE
    ../clib/maybe.s                          0x00000000   Number         0  maybetermalloc2.o ABSOLUTE
    ../clib/memcpset.c                       0x00000000   Number         0  rt_memcpy.o ABSOLUTE
    ../clib/memcpset.c                       0x00000000   Number         0  rt_memcpy.o ABSOLUTE
    ../clib/memcpset.c                       0x00000000   Number         0  rt_memclr.o ABSOLUTE
    ../clib/memcpset.s                       0x00000000   Number         0  strcmpv6m.o ABSOLUTE
    ../clib/misc.s                           0x00000000   Number         0  printf_stubs.o ABSOLUTE
    ../clib/printf.c                         0x00000000   Number         0  vsprintf.o ABSOLUTE
    ../clib/printf.c                         0x00000000   Number         0  __2sprintf.o ABSOLUTE
    ../clib/printf.c                         0x00000000   Number         0  noretval__2sprintf.o ABSOLUTE
    ../clib/printf.c                         0x00000000   Number         0  __printf.o ABSOLUTE
    ../clib/printf.c                         0x00000000   Number         0  _printf_str.o ABSOLUTE
    ../clib/printf.c                         0x00000000   Number         0  _printf_dec.o ABSOLUTE
    ../clib/printf.c                         0x00000000   Number         0  __printf_flags.o ABSOLUTE
    ../clib/printf.c                         0x00000000   Number         0  __printf_ss.o ABSOLUTE
    ../clib/printf.c                         0x00000000   Number         0  __printf_flags_ss.o ABSOLUTE
    ../clib/printf.c                         0x00000000   Number         0  __printf_wp.o ABSOLUTE
    ../clib/printf.c                         0x00000000   Number         0  __printf_flags_wp.o ABSOLUTE
    ../clib/printf.c                         0x00000000   Number         0  __printf_ss_wp.o ABSOLUTE
    ../clib/printf.c                         0x00000000   Number         0  __printf_flags_ss_wp.o ABSOLUTE
    ../clib/printf.c                         0x00000000   Number         0  _printf_pad.o ABSOLUTE
    ../clib/printf.c                         0x00000000   Number         0  _printf_truncate.o ABSOLUTE
    ../clib/printf.c                         0x00000000   Number         0  _printf_intcommon.o ABSOLUTE
    ../clib/printf.c                         0x00000000   Number         0  _printf_charcount.o ABSOLUTE
    ../clib/printf.c                         0x00000000   Number         0  _printf_char_common.o ABSOLUTE
    ../clib/printf.c                         0x00000000   Number         0  _sputc.o ABSOLUTE
    ../clib/printf.c                         0x00000000   Number         0  _printf_char.o ABSOLUTE
    ../clib/printf.c                         0x00000000   Number         0  _printf_wctomb.o ABSOLUTE
    ../clib/printf.c                         0x00000000   Number         0  _printf_longlong_dec.o ABSOLUTE
    ../clib/printf.c                         0x00000000   Number         0  _printf_oct_ll.o ABSOLUTE
    ../clib/printf.c                         0x00000000   Number         0  _printf_oct_int.o ABSOLUTE
    ../clib/printf.c                         0x00000000   Number         0  _printf_oct_int_ll.o ABSOLUTE
    ../clib/printf.c                         0x00000000   Number         0  _printf_hex_ll.o ABSOLUTE
    ../clib/printf.c                         0x00000000   Number         0  _printf_hex_int.o ABSOLUTE
    ../clib/printf.c                         0x00000000   Number         0  _printf_hex_int_ll.o ABSOLUTE
    ../clib/printf.c                         0x00000000   Number         0  _printf_hex_ptr.o ABSOLUTE
    ../clib/printf.c                         0x00000000   Number         0  _printf_hex_int_ptr.o ABSOLUTE
    ../clib/printf.c                         0x00000000   Number         0  _printf_hex_ll_ptr.o ABSOLUTE
    ../clib/printf.c                         0x00000000   Number         0  _printf_hex_int_ll_ptr.o ABSOLUTE
    ../clib/printf.c                         0x00000000   Number         0  _printf_fp_dec.o ABSOLUTE
    ../clib/printf.c                         0x00000000   Number         0  _printf_fp_dec_accurate.o ABSOLUTE
    ../clib/printf.c                         0x00000000   Number         0  _printf_fp_hex.o ABSOLUTE
    ../clib/printf.c                         0x00000000   Number         0  __printf_nopercent.o ABSOLUTE
    ../clib/printf.c                         0x00000000   Number         0  _printf_wchar.o ABSOLUTE
    ../clib/printf.c                         0x00000000   Number         0  vfprintf.o ABSOLUTE
    ../clib/printf.c                         0x00000000   Number         0  _printf_fp_infnan.o ABSOLUTE
    ../clib/printf.c                         0x00000000   Number         0  _printf_char_file.o ABSOLUTE
    ../clib/printf.c                         0x00000000   Number         0  _printf_char_file_locked.o ABSOLUTE
    ../clib/printf_percent.s                 0x00000000   Number         0  _printf_s.o ABSOLUTE
    ../clib/printf_percent.s                 0x00000000   Number         0  _printf_d.o ABSOLUTE
    ../clib/printf_percent.s                 0x00000000   Number         0  _printf_percent.o ABSOLUTE
    ../clib/printf_percent.s                 0x00000000   Number         0  _printf_c.o ABSOLUTE
    ../clib/printf_percent.s                 0x00000000   Number         0  _printf_n.o ABSOLUTE
    ../clib/printf_percent.s                 0x00000000   Number         0  _printf_x.o ABSOLUTE
    ../clib/printf_percent.s                 0x00000000   Number         0  _printf_p.o ABSOLUTE
    ../clib/printf_percent.s                 0x00000000   Number         0  _printf_o.o ABSOLUTE
    ../clib/printf_percent.s                 0x00000000   Number         0  _printf_i.o ABSOLUTE
    ../clib/printf_percent.s                 0x00000000   Number         0  _printf_u.o ABSOLUTE
    ../clib/printf_percent.s                 0x00000000   Number         0  _printf_f.o ABSOLUTE
    ../clib/printf_percent.s                 0x00000000   Number         0  _printf_e.o ABSOLUTE
    ../clib/printf_percent.s                 0x00000000   Number         0  _printf_g.o ABSOLUTE
    ../clib/printf_percent.s                 0x00000000   Number         0  _printf_a.o ABSOLUTE
    ../clib/printf_percent.s                 0x00000000   Number         0  _printf_percent_end.o ABSOLUTE
    ../clib/printf_percent.s                 0x00000000   Number         0  _printf_lli.o ABSOLUTE
    ../clib/printf_percent.s                 0x00000000   Number         0  _printf_lld.o ABSOLUTE
    ../clib/printf_percent.s                 0x00000000   Number         0  _printf_llu.o ABSOLUTE
    ../clib/printf_percent.s                 0x00000000   Number         0  _printf_ll.o ABSOLUTE
    ../clib/printf_percent.s                 0x00000000   Number         0  _printf_l.o ABSOLUTE
    ../clib/printf_percent.s                 0x00000000   Number         0  _printf_lc.o ABSOLUTE
    ../clib/printf_percent.s                 0x00000000   Number         0  _printf_ls.o ABSOLUTE
    ../clib/printf_percent.s                 0x00000000   Number         0  _printf_llo.o ABSOLUTE
    ../clib/printf_percent.s                 0x00000000   Number         0  _printf_llx.o ABSOLUTE
    ../clib/r_arm_target.c                   0x00000000   Number         0  __ARM_resolve_target1.o ABSOLUTE
    ../clib/r_arm_target.c                   0x00000000   Number         0  __ARM_resolve_target1_abs32.o ABSOLUTE
    ../clib/signal.c                         0x00000000   Number         0  defsig_abrt_outer.o ABSOLUTE
    ../clib/signal.c                         0x00000000   Number         0  defsig_abrt_formal.o ABSOLUTE
    ../clib/signal.c                         0x00000000   Number         0  defsig_fpe_outer.o ABSOLUTE
    ../clib/signal.c                         0x00000000   Number         0  defsig_fpe_formal.o ABSOLUTE
    ../clib/signal.c                         0x00000000   Number         0  defsig_rtred_outer.o ABSOLUTE
    ../clib/signal.c                         0x00000000   Number         0  defsig_rtred_formal.o ABSOLUTE
    ../clib/signal.c                         0x00000000   Number         0  defsig_rtmem_outer.o ABSOLUTE
    ../clib/signal.c                         0x00000000   Number         0  defsig_rtmem_formal.o ABSOLUTE
    ../clib/signal.c                         0x00000000   Number         0  defsig_exit.o ABSOLUTE
    ../clib/signal.c                         0x00000000   Number         0  defsig_abrt_inner.o ABSOLUTE
    ../clib/signal.c                         0x00000000   Number         0  defsig_fpe_inner.o ABSOLUTE
    ../clib/signal.c                         0x00000000   Number         0  defsig_rtred_inner.o ABSOLUTE
    ../clib/signal.c                         0x00000000   Number         0  defsig_rtmem_inner.o ABSOLUTE
    ../clib/signal.c                         0x00000000   Number         0  __raise.o ABSOLUTE
    ../clib/signal.c                         0x00000000   Number         0  defsig_general.o ABSOLUTE
    ../clib/signal.c                         0x00000000   Number         0  defsig_stak_inner.o ABSOLUTE
    ../clib/signal.c                         0x00000000   Number         0  defsig_pvfn_inner.o ABSOLUTE
    ../clib/signal.c                         0x00000000   Number         0  defsig_cppl_inner.o ABSOLUTE
    ../clib/signal.c                         0x00000000   Number         0  defsig_segv_inner.o ABSOLUTE
    ../clib/signal.c                         0x00000000   Number         0  defsig_other.o ABSOLUTE
    ../clib/signal.s                         0x00000000   Number         0  defsig.o ABSOLUTE
    ../clib/stdio.c                          0x00000000   Number         0  puts.o ABSOLUTE
    ../clib/stdio.c                          0x00000000   Number         0  fputc.o ABSOLUTE
    ../clib/stdio.c                          0x00000000   Number         0  stdio_streams.o ABSOLUTE
    ../clib/stdio.c                          0x00000000   Number         0  fputc_locked.o ABSOLUTE
    ../clib/stdio.c                          0x00000000   Number         0  flsbuf.o ABSOLUTE
    ../clib/stdio.c                          0x00000000   Number         0  initio.o ABSOLUTE
    ../clib/stdio.c                          0x00000000   Number         0  initio_locked.o ABSOLUTE
    ../clib/stdio.c                          0x00000000   Number         0  setvbuf.o ABSOLUTE
    ../clib/stdio.c                          0x00000000   Number         0  stdio.o ABSOLUTE
    ../clib/stdio.c                          0x00000000   Number         0  fwritefast.o ABSOLUTE
    ../clib/stdio.c                          0x00000000   Number         0  streamlock.o ABSOLUTE
    ../clib/stdio.c                          0x00000000   Number         0  fopen.o ABSOLUTE
    ../clib/stdio.c                          0x00000000   Number         0  fclose.o ABSOLUTE
    ../clib/stdio.c                          0x00000000   Number         0  puts_locked.o ABSOLUTE
    ../clib/stdio.c                          0x00000000   Number         0  setvbuf_locked.o ABSOLUTE
    ../clib/stdio.c                          0x00000000   Number         0  fopen_locked.o ABSOLUTE
    ../clib/stdio.c                          0x00000000   Number         0  fwritefast_locked.o ABSOLUTE
    ../clib/stdio.c                          0x00000000   Number         0  fflush.o ABSOLUTE
    ../clib/stdio.c                          0x00000000   Number         0  fputs.o ABSOLUTE
    ../clib/stdio.c                          0x00000000   Number         0  fseek.o ABSOLUTE
    ../clib/stdio.c                          0x00000000   Number         0  fputs_locked.o ABSOLUTE
    ../clib/stdio.c                          0x00000000   Number         0  fflush_locked.o ABSOLUTE
    ../clib/stdio.c                          0x00000000   Number         0  ferror.o ABSOLUTE
    ../clib/stdio.c                          0x00000000   Number         0  ftell.o ABSOLUTE
    ../clib/stdio.c                          0x00000000   Number         0  ferror_locked.o ABSOLUTE
    ../clib/stdlib.c                         0x00000000   Number         0  atexit_cxa.o ABSOLUTE
    ../clib/stdlib.c                         0x00000000   Number         0  cxa_atexit.o ABSOLUTE
    ../clib/stdlib.c                         0x00000000   Number         0  atexit_aeabi.o ABSOLUTE
    ../clib/stdlib.c                         0x00000000   Number         0  aeabi_atexit.o ABSOLUTE
    ../clib/stdlib.c                         0x00000000   Number         0  abort.o ABSOLUTE
    ../clib/stdlib.c                         0x00000000   Number         0  cxa_finalize.o ABSOLUTE
    ../clib/stdlib.c                         0x00000000   Number         0  exit.o ABSOLUTE
    ../clib/string.c                         0x00000000   Number         0  strstr.o ABSOLUTE
    ../clib/string.c                         0x00000000   Number         0  strlen.o ABSOLUTE
    ../clib/wchar.c                          0x00000000   Number         0  flsbuf_fwide.o ABSOLUTE
    ../fplib/cfplib/cmp.c                    0x00000000   Number         0  fcmp.o ABSOLUTE
    ../fplib/cfplib/cmpret.c                 0x00000000   Number         0  cmpret.o ABSOLUTE
    ../fplib/cfplib/dmul.c                   0x00000000   Number         0  dmul.o ABSOLUTE
    ../fplib/cfplib/f2d.c                    0x00000000   Number         0  f2d.o ABSOLUTE
    ../fplib/cfplib/fcmpin.c                 0x00000000   Number         0  fcmpin.o ABSOLUTE
    ../fplib/cfplib/fdiv.c                   0x00000000   Number         0  fdiv.o ABSOLUTE
    ../fplib/cfplib/ffix.c                   0x00000000   Number         0  dfixi.o ABSOLUTE
    ../fplib/cfplib/ffix.c                   0x00000000   Number         0  ffixi.o ABSOLUTE
    ../fplib/cfplib/fflt.c                   0x00000000   Number         0  dflti.o ABSOLUTE
    ../fplib/cfplib/fflt.c                   0x00000000   Number         0  fflti.o ABSOLUTE
    ../fplib/cfplib/fpinit.c                 0x00000000   Number         0  fpinit.o ABSOLUTE
    ../fplib/cfplib/ieee_status.c            0x00000000   Number         0  ieee_status.o ABSOLUTE
    ../fplib/cfplib/nan2.c                   0x00000000   Number         0  fnan2.o ABSOLUTE
    ../fplib/cfplib/retnan.c                 0x00000000   Number         0  retnan.o ABSOLUTE
    ../fplib/faddsub6m.s                     0x00000000   Number         0  faddsub.o ABSOLUTE
    ../fplib/feqf6m.s                        0x00000000   Number         0  feqf.o ABSOLUTE
    ../fplib/fgeqf6m.s                       0x00000000   Number         0  fgef.o ABSOLUTE
    ../fplib/fleqf6m.s                       0x00000000   Number         0  flef.o ABSOLUTE
    ../fplib/fmul6m.s                        0x00000000   Number         0  fmul.o ABSOLUTE
    ../fplib/printf1.s                       0x00000000   Number         0  printf1.o ABSOLUTE
    ../fplib/printf2.s                       0x00000000   Number         0  printf2.o ABSOLUTE
    ../fplib/printf2a.s                      0x00000000   Number         0  printf2a.o ABSOLUTE
    ../fplib/printf2b.s                      0x00000000   Number         0  printf2b.o ABSOLUTE
    ../fplib/usenofp.s                       0x00000000   Number         0  usenofp.o ABSOLUTE
    ../mathlib/fpclassify.c                  0x00000000   Number         0  fpclassify.o ABSOLUTE
    A7680C.cpp                               0x00000000   Number         0  a7680c.o ABSOLUTE
    A7680_Task.cpp                           0x00000000   Number         0  a7680_task.o ABSOLUTE
    MillisTaskManager.cpp                    0x00000000   Number         0  millistaskmanager.o ABSOLUTE
    System.cpp                               0x00000000   Number         0  system.o ABSOLUTE
    abort_message.cpp                        0x00000000   Number         0  abort_message.cpp.o ABSOLUTE
    adc.cpp                                  0x00000000   Number         0  adc.o ABSOLUTE
    algorithm.cpp                            0x00000000   Number         0  algorithm.o ABSOLUTE
    batVolt.cpp                              0x00000000   Number         0  batvolt.o ABSOLUTE
    bms.cpp                                  0x00000000   Number         0  bms.o ABSOLUTE
    bms_task.cpp                             0x00000000   Number         0  bms_task.o ABSOLUTE
    bsp.cpp                                  0x00000000   Number         0  bsp.o ABSOLUTE
    bsp_adc.cpp                              0x00000000   Number         0  bsp_adc.o ABSOLUTE
    bsp_can.cpp                              0x00000000   Number         0  bsp_can.o ABSOLUTE
    bsp_key.cpp                              0x00000000   Number         0  bsp_key.o ABSOLUTE
    bsp_rgb.cpp                              0x00000000   Number         0  bsp_rgb.o ABSOLUTE
    bsp_usart.cpp                            0x00000000   Number         0  bsp_usart.o ABSOLUTE
    callback.cpp                             0x00000000   Number         0  callback.o ABSOLUTE
    can.cpp                                  0x00000000   Number         0  can.o ABSOLUTE
    cxa_default_handlers.cpp                 0x00000000   Number         0  cxa_default_handlers.cpp.o ABSOLUTE
    cxa_guard.cpp                            0x00000000   Number         0  cxa_guard.cpp.o ABSOLUTE
    cxa_handlers.cpp                         0x00000000   Number         0  cxa_handlers.cpp.o ABSOLUTE
    dc.s                                     0x00000000   Number         0  dc.o ABSOLUTE
    gpio.cpp                                 0x00000000   Number         0  gpio.o ABSOLUTE
    handler.cpp                              0x00000000   Number         0  handler.o ABSOLUTE
    hk32f0xxa_adc.c                          0x00000000   Number         0  hk32f0xxa_adc.o ABSOLUTE
    hk32f0xxa_aes.c                          0x00000000   Number         0  hk32f0xxa_aes.o ABSOLUTE
    hk32f0xxa_can.c                          0x00000000   Number         0  hk32f0xxa_can.o ABSOLUTE
    hk32f0xxa_clu.c                          0x00000000   Number         0  hk32f0xxa_clu.o ABSOLUTE
    hk32f0xxa_comp.c                         0x00000000   Number         0  hk32f0xxa_comp.o ABSOLUTE
    hk32f0xxa_crc.c                          0x00000000   Number         0  hk32f0xxa_crc.o ABSOLUTE
    hk32f0xxa_dbgmcu.c                       0x00000000   Number         0  hk32f0xxa_dbgmcu.o ABSOLUTE
    hk32f0xxa_divsqrt.c                      0x00000000   Number         0  hk32f0xxa_divsqrt.o ABSOLUTE
    hk32f0xxa_dma.c                          0x00000000   Number         0  hk32f0xxa_dma.o ABSOLUTE
    hk32f0xxa_emacc.c                        0x00000000   Number         0  hk32f0xxa_emacc.o ABSOLUTE
    hk32f0xxa_eval.c                         0x00000000   Number         0  hk32f0xxa_eval.o ABSOLUTE
    hk32f0xxa_eval_i2c_ee.c                  0x00000000   Number         0  hk32f0xxa_eval_i2c_ee.o ABSOLUTE
    hk32f0xxa_eval_i2c_tsensor.c             0x00000000   Number         0  hk32f0xxa_eval_i2c_tsensor.o ABSOLUTE
    hk32f0xxa_eval_spi_flash.c               0x00000000   Number         0  hk32f0xxa_eval_spi_flash.o ABSOLUTE
    hk32f0xxa_eval_spi_sd.c                  0x00000000   Number         0  hk32f0xxa_eval_spi_sd.o ABSOLUTE
    hk32f0xxa_exti.c                         0x00000000   Number         0  hk32f0xxa_exti.o ABSOLUTE
    hk32f0xxa_flash.c                        0x00000000   Number         0  hk32f0xxa_flash.o ABSOLUTE
    hk32f0xxa_gpio.c                         0x00000000   Number         0  hk32f0xxa_gpio.o ABSOLUTE
    hk32f0xxa_hash.c                         0x00000000   Number         0  hk32f0xxa_hash.o ABSOLUTE
    hk32f0xxa_i2c.c                          0x00000000   Number         0  hk32f0xxa_i2c.o ABSOLUTE
    hk32f0xxa_it.c                           0x00000000   Number         0  hk32f0xxa_it.o ABSOLUTE
    hk32f0xxa_iwdg.c                         0x00000000   Number         0  hk32f0xxa_iwdg.o ABSOLUTE
    hk32f0xxa_lpuart.c                       0x00000000   Number         0  hk32f0xxa_lpuart.o ABSOLUTE
    hk32f0xxa_misc.c                         0x00000000   Number         0  hk32f0xxa_misc.o ABSOLUTE
    hk32f0xxa_pwr.c                          0x00000000   Number         0  hk32f0xxa_pwr.o ABSOLUTE
    hk32f0xxa_rcc.c                          0x00000000   Number         0  hk32f0xxa_rcc.o ABSOLUTE
    hk32f0xxa_rtc.c                          0x00000000   Number         0  hk32f0xxa_rtc.o ABSOLUTE
    hk32f0xxa_spi.c                          0x00000000   Number         0  hk32f0xxa_spi.o ABSOLUTE
    hk32f0xxa_syscfg.c                       0x00000000   Number         0  hk32f0xxa_syscfg.o ABSOLUTE
    hk32f0xxa_tim.c                          0x00000000   Number         0  hk32f0xxa_tim.o ABSOLUTE
    hk32f0xxa_trng.c                         0x00000000   Number         0  hk32f0xxa_trng.o ABSOLUTE
    hk32f0xxa_usart.c                        0x00000000   Number         0  hk32f0xxa_usart.o ABSOLUTE
    hk32f0xxa_wwdg.c                         0x00000000   Number         0  hk32f0xxa_wwdg.o ABSOLUTE
    iic.cpp                                  0x00000000   Number         0  iic.o ABSOLUTE
    low_power.cpp                            0x00000000   Number         0  low_power.o ABSOLUTE
    main.c                                   0x00000000   Number         0  main.o ABSOLUTE
    main_task.cpp                            0x00000000   Number         0  main_task.o ABSOLUTE
    new.cpp                                  0x00000000   Number         0  new.cpp.o ABSOLUTE
    new_helpers.cpp                          0x00000000   Number         0  new_helpers.cpp.o ABSOLUTE
    periph_control.cpp                       0x00000000   Number         0  periph_control.o ABSOLUTE
    rgb.cpp                                  0x00000000   Number         0  rgb.o ABSOLUTE
    rgb_task.cpp                             0x00000000   Number         0  rgb_task.o ABSOLUTE
    ring_queue.cpp                           0x00000000   Number         0  ring_queue.o ABSOLUTE
    stateMachine_Task.cpp                    0x00000000   Number         0  statemachine_task.o ABSOLUTE
    state_machine.cpp                        0x00000000   Number         0  state_machine.o ABSOLUTE
    string_algorithm.cpp                     0x00000000   Number         0  string_algorithm.o ABSOLUTE
    system_hk32f0xxa.c                       0x00000000   Number         0  system_hk32f0xxa.o ABSOLUTE
    tim.cpp                                  0x00000000   Number         0  tim.o ABSOLUTE
    usart.cpp                                0x00000000   Number         0  usart.o ABSOLUTE
    variables.cpp                            0x00000000   Number         0  variables.o ABSOLUTE
    verbose_abort.cpp                        0x00000000   Number         0  verbose_abort.cpp.o ABSOLUTE
    RESET                                    0x08000000   Section      192  startup_hk32f04axxa_1.o(RESET)
    !!!main                                  0x080000c0   Section        8  __main.o(!!!main)
    !!!scatter                               0x080000c8   Section       84  __scatter.o(!!!scatter)
    !!handler_copy                           0x0800011c   Section       26  __scatter_copy.o(!!handler_copy)
    !!handler_null                           0x08000138   Section        2  __scatter.o(!!handler_null)
    !!handler_zi                             0x0800013c   Section       28  __scatter_zi.o(!!handler_zi)
    .ARM.Collect$$_printf_percent$$00000000  0x08000158   Section        2  _printf_percent.o(.ARM.Collect$$_printf_percent$$00000000)
    .ARM.Collect$$_printf_percent$$00000009  0x0800015a   Section       10  _printf_d.o(.ARM.Collect$$_printf_percent$$00000009)
    .ARM.Collect$$_printf_percent$$00000014  0x08000164   Section       10  _printf_s.o(.ARM.Collect$$_printf_percent$$00000014)
    .ARM.Collect$$_printf_percent$$00000017  0x0800016e   Section        4  _printf_percent_end.o(.ARM.Collect$$_printf_percent$$00000017)
    .ARM.Collect$$libinit$$00000000          0x08000172   Section        2  libinit.o(.ARM.Collect$$libinit$$00000000)
    .ARM.Collect$$libinit$$00000002          0x08000174   Section        0  libinit2.o(.ARM.Collect$$libinit$$00000002)
    .ARM.Collect$$libinit$$00000004          0x08000174   Section        0  libinit2.o(.ARM.Collect$$libinit$$00000004)
    .ARM.Collect$$libinit$$00000006          0x08000174   Section        0  libinit2.o(.ARM.Collect$$libinit$$00000006)
    .ARM.Collect$$libinit$$00000007          0x08000174   Section        8  libinit2.o(.ARM.Collect$$libinit$$00000007)
    .ARM.Collect$$libinit$$0000000C          0x0800017c   Section        0  libinit2.o(.ARM.Collect$$libinit$$0000000C)
    .ARM.Collect$$libinit$$0000000E          0x0800017c   Section        0  libinit2.o(.ARM.Collect$$libinit$$0000000E)
    .ARM.Collect$$libinit$$00000010          0x0800017c   Section        0  libinit2.o(.ARM.Collect$$libinit$$00000010)
    .ARM.Collect$$libinit$$00000013          0x0800017c   Section        0  libinit2.o(.ARM.Collect$$libinit$$00000013)
    .ARM.Collect$$libinit$$00000015          0x0800017c   Section        0  libinit2.o(.ARM.Collect$$libinit$$00000015)
    .ARM.Collect$$libinit$$00000017          0x0800017c   Section        0  libinit2.o(.ARM.Collect$$libinit$$00000017)
    .ARM.Collect$$libinit$$00000019          0x0800017c   Section        0  libinit2.o(.ARM.Collect$$libinit$$00000019)
    .ARM.Collect$$libinit$$0000001B          0x0800017c   Section        0  libinit2.o(.ARM.Collect$$libinit$$0000001B)
    .ARM.Collect$$libinit$$0000001D          0x0800017c   Section        0  libinit2.o(.ARM.Collect$$libinit$$0000001D)
    .ARM.Collect$$libinit$$0000001F          0x0800017c   Section        0  libinit2.o(.ARM.Collect$$libinit$$0000001F)
    .ARM.Collect$$libinit$$00000021          0x0800017c   Section        0  libinit2.o(.ARM.Collect$$libinit$$00000021)
    .ARM.Collect$$libinit$$00000023          0x0800017c   Section        0  libinit2.o(.ARM.Collect$$libinit$$00000023)
    .ARM.Collect$$libinit$$00000025          0x0800017c   Section        0  libinit2.o(.ARM.Collect$$libinit$$00000025)
    .ARM.Collect$$libinit$$00000027          0x0800017c   Section        0  libinit2.o(.ARM.Collect$$libinit$$00000027)
    .ARM.Collect$$libinit$$0000002E          0x0800017c   Section        0  libinit2.o(.ARM.Collect$$libinit$$0000002E)
    .ARM.Collect$$libinit$$00000030          0x0800017c   Section        0  libinit2.o(.ARM.Collect$$libinit$$00000030)
    .ARM.Collect$$libinit$$00000032          0x0800017c   Section        0  libinit2.o(.ARM.Collect$$libinit$$00000032)
    .ARM.Collect$$libinit$$00000033          0x0800017c   Section        4  libinit2.o(.ARM.Collect$$libinit$$00000033)
    .ARM.Collect$$libinit$$00000034          0x08000180   Section        0  libinit2.o(.ARM.Collect$$libinit$$00000034)
    .ARM.Collect$$libinit$$00000035          0x08000180   Section        2  libinit2.o(.ARM.Collect$$libinit$$00000035)
    .ARM.Collect$$libshutdown$$00000000      0x08000182   Section        2  libshutdown.o(.ARM.Collect$$libshutdown$$00000000)
    .ARM.Collect$$libshutdown$$00000001      0x08000184   Section        6  libshutdown2.o(.ARM.Collect$$libshutdown$$00000001)
    .ARM.Collect$$libshutdown$$00000002      0x0800018a   Section        0  libshutdown2.o(.ARM.Collect$$libshutdown$$00000002)
    .ARM.Collect$$libshutdown$$00000004      0x0800018a   Section        0  libshutdown2.o(.ARM.Collect$$libshutdown$$00000004)
    .ARM.Collect$$libshutdown$$00000007      0x0800018a   Section        0  libshutdown2.o(.ARM.Collect$$libshutdown$$00000007)
    .ARM.Collect$$libshutdown$$0000000A      0x0800018a   Section        0  libshutdown2.o(.ARM.Collect$$libshutdown$$0000000A)
    .ARM.Collect$$libshutdown$$0000000C      0x0800018a   Section        0  libshutdown2.o(.ARM.Collect$$libshutdown$$0000000C)
    .ARM.Collect$$libshutdown$$0000000F      0x0800018a   Section        0  libshutdown2.o(.ARM.Collect$$libshutdown$$0000000F)
    .ARM.Collect$$libshutdown$$00000010      0x0800018a   Section        2  libshutdown2.o(.ARM.Collect$$libshutdown$$00000010)
    .ARM.Collect$$rtentry$$00000000          0x0800018c   Section        0  __rtentry.o(.ARM.Collect$$rtentry$$00000000)
    .ARM.Collect$$rtentry$$00000002          0x0800018c   Section        0  __rtentry2.o(.ARM.Collect$$rtentry$$00000002)
    .ARM.Collect$$rtentry$$00000004          0x0800018c   Section        6  __rtentry4.o(.ARM.Collect$$rtentry$$00000004)
    .ARM.Collect$$rtentry$$00000009          0x08000192   Section        0  __rtentry2.o(.ARM.Collect$$rtentry$$00000009)
    .ARM.Collect$$rtentry$$0000000A          0x08000192   Section        4  __rtentry2.o(.ARM.Collect$$rtentry$$0000000A)
    .ARM.Collect$$rtentry$$0000000C          0x08000196   Section        0  __rtentry2.o(.ARM.Collect$$rtentry$$0000000C)
    .ARM.Collect$$rtentry$$0000000D          0x08000196   Section        8  __rtentry2.o(.ARM.Collect$$rtentry$$0000000D)
    .ARM.Collect$$rtexit$$00000000           0x0800019e   Section        2  rtexit.o(.ARM.Collect$$rtexit$$00000000)
    .ARM.Collect$$rtexit$$00000002           0x080001a0   Section        0  rtexit2.o(.ARM.Collect$$rtexit$$00000002)
    .ARM.Collect$$rtexit$$00000003           0x080001a0   Section        4  rtexit2.o(.ARM.Collect$$rtexit$$00000003)
    .ARM.Collect$$rtexit$$00000004           0x080001a4   Section        6  rtexit2.o(.ARM.Collect$$rtexit$$00000004)
    .emb_text                                0x080001ac   Section       56  rt_memcpy.o(.emb_text)
    .text                                    0x080001e4   Section       56  startup_hk32f04axxa_1.o(.text)
    .text                                    0x0800021c   Section        0  _printf_str.o(.text)
    .text                                    0x08000270   Section        0  _printf_dec.o(.text)
    .text                                    0x080002dc   Section        0  cxa_atexit.o(.text)
    .text                                    0x080002ea   Section        0  rt_memcpy.o(.text)
    .text                                    0x0800036c   Section        0  rt_memclr.o(.text)
    .text                                    0x080003ac   Section        0  heapauxi.o(.text)
    .text                                    0x080003b4   Section        0  init_aeabi.o(.text)
    .text                                    0x080003e0   Section        0  h1_alloc.o(.text)
    .text                                    0x08000442   Section        0  h1_free.o(.text)
    .text                                    0x0800048e   Section        0  _printf_intcommon.o(.text)
    .text                                    0x0800053e   Section        0  _printf_char.o(.text)
    .text                                    0x0800056c   Section        0  aeabi_atexit.o(.text)
    .text                                    0x08000596   Section        0  rtudiv10.o(.text)
    .text                                    0x080005c0   Section        8  rt_heap_descriptor_intlibspace.o(.text)
    .text                                    0x080005c8   Section        8  rt_ddtor_pointer_addr_intlibspace.o(.text)
    .text                                    0x080005d0   Section        0  hguard.o(.text)
    .text                                    0x080005d4   Section        0  init_alloc.o(.text)
    .text                                    0x0800065c   Section        0  h1_init.o(.text)
    .text                                    0x08000668   Section        0  cxa_finalize.o(.text)
    .text                                    0x080006ac   Section        0  sys_exit.o(.text)
    .text                                    0x080006b8   Section        8  libspace.o(.text)
    .text                                    0x080006c0   Section       62  sys_stackheap_outer.o(.text)
    .text                                    0x080006fe   Section        0  maybetermalloc1.o(.text)
    .text                                    0x080006fe   Section        0  h1_extend.o(.text)
    .text                                    0x08000732   Section        0  exit.o(.text)
    .text                                    0x08000742   Section        0  defsig_rtmem_outer.o(.text)
    .text                                    0x0800074e   Section        2  use_no_semi.o(.text)
    .text                                    0x08000750   Section        0  indicate_semi.o(.text)
    .text                                    0x08000750   Section        0  defsig_exit.o(.text)
    .text                                    0x0800075c   Section        0  defsig_rtmem_inner.o(.text)
    .text                                    0x080007ac   Section        0  defsig_general.o(.text)
    .text                                    0x080007e0   Section        0  sys_wrch.o(.text)
    [Anonymous Symbol]                       0x080007ec   Section        0  can.o(.text.CAN1_Init)
    __arm_cp.0_0                             0x08000870   Number         4  can.o(.text.CAN1_Init)
    __arm_cp.0_1                             0x08000874   Number         4  can.o(.text.CAN1_Init)
    __arm_cp.0_2                             0x08000878   Number         4  can.o(.text.CAN1_Init)
    [Anonymous Symbol]                       0x0800087c   Section        0  hk32f0xxa_can.o(.text.CAN_DeInit)
    [Anonymous Symbol]                       0x08000894   Section        0  hk32f0xxa_can.o(.text.CAN_FilterInit)
    __arm_cp.2_0                             0x08000938   Number         4  hk32f0xxa_can.o(.text.CAN_FilterInit)
    [Anonymous Symbol]                       0x0800093c   Section        0  hk32f0xxa_can.o(.text.CAN_Init)
    __arm_cp.1_0                             0x08000a24   Number         4  hk32f0xxa_can.o(.text.CAN_Init)
    __arm_cp.1_1                             0x08000a28   Number         4  hk32f0xxa_can.o(.text.CAN_Init)
    [Anonymous Symbol]                       0x08000a2c   Section        0  hk32f0xxa_can.o(.text.CAN_StructInit)
    __arm_cp.3_0                             0x08000a40   Number         4  hk32f0xxa_can.o(.text.CAN_StructInit)
    [Anonymous Symbol]                       0x08000a44   Section        0  hk32f0xxa_can.o(.text.CAN_Transmit)
    __arm_cp.6_0                             0x08000af8   Number         4  hk32f0xxa_can.o(.text.CAN_Transmit)
    __arm_cp.6_1                             0x08000afc   Number         4  hk32f0xxa_can.o(.text.CAN_Transmit)
    [Anonymous Symbol]                       0x08000b00   Section        0  hk32f0xxa_gpio.o(.text.GPIO_Init)
    [Anonymous Symbol]                       0x08000baa   Section        0  hk32f0xxa_gpio.o(.text.GPIO_PinAFConfig)
    [Anonymous Symbol]                       0x08000bd2   Section        0  hk32f0xxa_it.o(.text.NMI_Handler)
    [Anonymous Symbol]                       0x08000bd2   Section        0  hk32f0xxa_it.o(.text.HardFault_Handler)
    [Anonymous Symbol]                       0x08000bd4   Section        0  hk32f0xxa_it.o(.text.PendSV_Handler)
    [Anonymous Symbol]                       0x08000bd8   Section        0  hk32f0xxa_rcc.o(.text.RCC_AHBPeriphClockCmd)
    __arm_cp.31_0                            0x08000bf0   Number         4  hk32f0xxa_rcc.o(.text.RCC_AHBPeriphClockCmd)
    [Anonymous Symbol]                       0x08000bf4   Section        0  hk32f0xxa_rcc.o(.text.RCC_APB1PeriphClockCmd)
    __arm_cp.34_0                            0x08000c0c   Number         4  hk32f0xxa_rcc.o(.text.RCC_APB1PeriphClockCmd)
    [Anonymous Symbol]                       0x08000c10   Section        0  hk32f0xxa_rcc.o(.text.RCC_APB1PeriphResetCmd)
    __arm_cp.38_0                            0x08000c28   Number         4  hk32f0xxa_rcc.o(.text.RCC_APB1PeriphResetCmd)
    [Anonymous Symbol]                       0x08000c2c   Section        0  hk32f0xxa_rcc.o(.text.RCC_APB2PeriphClockCmd)
    __arm_cp.33_0                            0x08000c44   Number         4  hk32f0xxa_rcc.o(.text.RCC_APB2PeriphClockCmd)
    [Anonymous Symbol]                       0x08000c48   Section        0  hk32f0xxa_rcc.o(.text.RCC_GetClocksFreq)
    __arm_cp.27_0                            0x08000e30   Number         4  hk32f0xxa_rcc.o(.text.RCC_GetClocksFreq)
    __arm_cp.27_1                            0x08000e34   Number         4  hk32f0xxa_rcc.o(.text.RCC_GetClocksFreq)
    __arm_cp.27_2                            0x08000e38   Number         4  hk32f0xxa_rcc.o(.text.RCC_GetClocksFreq)
    __arm_cp.27_3                            0x08000e3c   Number         4  hk32f0xxa_rcc.o(.text.RCC_GetClocksFreq)
    __arm_cp.27_5                            0x08000e54   Number         4  hk32f0xxa_rcc.o(.text.RCC_GetClocksFreq)
    __arm_cp.27_6                            0x08000e58   Number         4  hk32f0xxa_rcc.o(.text.RCC_GetClocksFreq)
    __arm_cp.27_7                            0x08000e5c   Number         4  hk32f0xxa_rcc.o(.text.RCC_GetClocksFreq)
    __arm_cp.27_8                            0x08000e60   Number         4  hk32f0xxa_rcc.o(.text.RCC_GetClocksFreq)
    [Anonymous Symbol]                       0x08000e64   Section        0  hk32f0xxa_it.o(.text.SVC_Handler)
    [Anonymous Symbol]                       0x08000e68   Section        0  hk32f0xxa_it.o(.text.SysTick_Handler)
    __arm_cp.4_0                             0x08000e74   Number         4  hk32f0xxa_it.o(.text.SysTick_Handler)
    [Anonymous Symbol]                       0x08000e78   Section        0  system_hk32f0xxa.o(.text.SystemInit)
    __arm_cp.0_0                             0x08000fb8   Number         4  system_hk32f0xxa.o(.text.SystemInit)
    __arm_cp.0_1                             0x08000fbc   Number         4  system_hk32f0xxa.o(.text.SystemInit)
    __arm_cp.0_2                             0x08000fc0   Number         4  system_hk32f0xxa.o(.text.SystemInit)
    __arm_cp.0_3                             0x08000fc4   Number         4  system_hk32f0xxa.o(.text.SystemInit)
    __arm_cp.0_4                             0x08000fc8   Number         4  system_hk32f0xxa.o(.text.SystemInit)
    __arm_cp.0_5                             0x08000fcc   Number         4  system_hk32f0xxa.o(.text.SystemInit)
    __arm_cp.0_6                             0x08000fd0   Number         4  system_hk32f0xxa.o(.text.SystemInit)
    __arm_cp.0_7                             0x08000fd4   Number         4  system_hk32f0xxa.o(.text.SystemInit)
    __arm_cp.0_8                             0x08000fd8   Number         4  system_hk32f0xxa.o(.text.SystemInit)
    __arm_cp.0_9                             0x08000fdc   Number         4  system_hk32f0xxa.o(.text.SystemInit)
    __arm_cp.0_10                            0x08000fe0   Number         4  system_hk32f0xxa.o(.text.SystemInit)
    __arm_cp.0_11                            0x08000fe4   Number         4  system_hk32f0xxa.o(.text.SystemInit)
    [Anonymous Symbol]                       0x08000fe8   Section        0  usart.o(.text.USART1_UART_Init)
    __arm_cp.0_0                             0x0800105c   Number         4  usart.o(.text.USART1_UART_Init)
    [Anonymous Symbol]                       0x08001060   Section        0  hk32f0xxa_usart.o(.text.USART_Cmd)
    [Anonymous Symbol]                       0x08001070   Section        0  hk32f0xxa_usart.o(.text.USART_Init)
    __arm_cp.1_0                             0x0800110c   Number         4  hk32f0xxa_usart.o(.text.USART_Init)
    __arm_cp.1_1                             0x08001110   Number         4  hk32f0xxa_usart.o(.text.USART_Init)
    __arm_cp.1_2                             0x08001114   Number         4  hk32f0xxa_usart.o(.text.USART_Init)
    __arm_cp.1_3                             0x08001118   Number         4  hk32f0xxa_usart.o(.text.USART_Init)
    [Anonymous Symbol]                       0x0800111c   Section        0  bsp_usart.o(.text.Uart1_print)
    __arm_cp.2_0                             0x08001138   Number         4  bsp_usart.o(.text.Uart1_print)
    _GLOBAL__sub_I_variables.cpp             0x0800113d   Thumb Code    80  variables.o(.text._GLOBAL__sub_I_variables.cpp)
    [Anonymous Symbol]                       0x0800113c   Section        0  variables.o(.text._GLOBAL__sub_I_variables.cpp)
    __arm_cp.2_0                             0x0800118c   Number         4  variables.o(.text._GLOBAL__sub_I_variables.cpp)
    __arm_cp.2_1                             0x08001190   Number         4  variables.o(.text._GLOBAL__sub_I_variables.cpp)
    __arm_cp.2_2                             0x08001194   Number         4  variables.o(.text._GLOBAL__sub_I_variables.cpp)
    __arm_cp.2_3                             0x08001198   Number         4  variables.o(.text._GLOBAL__sub_I_variables.cpp)
    __arm_cp.2_4                             0x0800119c   Number         4  variables.o(.text._GLOBAL__sub_I_variables.cpp)
    __arm_cp.2_5                             0x080011a0   Number         4  variables.o(.text._GLOBAL__sub_I_variables.cpp)
    __arm_cp.2_6                             0x080011a4   Number         4  variables.o(.text._GLOBAL__sub_I_variables.cpp)
    __arm_cp.2_7                             0x080011a8   Number         4  variables.o(.text._GLOBAL__sub_I_variables.cpp)
    __arm_cp.2_8                             0x080011ac   Number         4  variables.o(.text._GLOBAL__sub_I_variables.cpp)
    __arm_cp.2_9                             0x080011b0   Number         4  variables.o(.text._GLOBAL__sub_I_variables.cpp)
    [Anonymous Symbol]                       0x080011b4   Section        0  bsp_can.o(.text._Z10bspCanSendjPhh)
    [Anonymous Symbol]                       0x080011dc   Section        0  system.o(.text._Z8delay_msj)
    __arm_cp.1_0                             0x08001200   Number         4  system.o(.text._Z8delay_msj)
    __arm_cp.1_1                             0x08001204   Number         4  system.o(.text._Z8delay_msj)
    [Anonymous Symbol]                       0x08001208   Section        0  periph_control.o(.text._ZN14Periph_ControlC2Ev)
    [Anonymous Symbol]                       0x08001214   Section        0  millistaskmanager.o(.text._ZN17MillisTaskManagerC2Eb)
    [Anonymous Symbol]                       0x0800121e   Section        0  millistaskmanager.o(.text._ZN17MillisTaskManagerD2Ev)
    [Anonymous Symbol]                       0x08001238   Section        0  bms.o(.text._ZN3BmsC2Ev)
    __arm_cp.0_0                             0x080012a4   Number         4  bms.o(.text._ZN3BmsC2Ev)
    __arm_cp.0_1                             0x080012a8   Number         4  bms.o(.text._ZN3BmsC2Ev)
    __arm_cp.0_2                             0x080012ac   Number         4  bms.o(.text._ZN3BmsC2Ev)
    __arm_cp.0_3                             0x080012b0   Number         4  bms.o(.text._ZN3BmsC2Ev)
    __arm_cp.0_4                             0x080012b4   Number         4  bms.o(.text._ZN3BmsC2Ev)
    __arm_cp.0_5                             0x080012b8   Number         4  bms.o(.text._ZN3BmsC2Ev)
    __arm_cp.0_6                             0x080012bc   Number         4  bms.o(.text._ZN3BmsC2Ev)
    [Anonymous Symbol]                       0x080012c0   Section        0  variables.o(.text._ZN3BmsD2Ev)
    [Anonymous Symbol]                       0x080012ce   Section        0  a7680c.o(.text._ZN6A7680CC2Ev)
    [Anonymous Symbol]                       0x080012dc   Section        0  variables.o(.text._ZN6A7680CD2Ev)
    [Anonymous Symbol]                       0x080012ea   Section        0  new.cpp.o(.text._ZdlPv)
    [Anonymous Symbol]                       0x080012f4   Section        0  main.o(.text.main)
    __arm_cp.0_0                             0x08001328   Number         4  main.o(.text.main)
    __arm_cp.0_1                             0x0800132c   Number         4  main.o(.text.main)
    __arm_cp.0_2                             0x08001330   Number         4  main.o(.text.main)
    .text_divfast                            0x0800133c   Section      502  aeabi_sdivfast.o(.text_divfast)
    APBAHBPrescTable                         0x08001532   Data          16  hk32f0xxa_rcc.o(.rodata.APBAHBPrescTable)
    [Anonymous Symbol]                       0x08001532   Section        0  hk32f0xxa_rcc.o(.rodata.APBAHBPrescTable)
    .init_array                              0x08001568   Section        0  init_aeabi.o(.init_array)
    .bss                                     0x20000008   Section       96  libspace.o(.bss)
    Heap_Mem                                 0x20000850   Data         512  startup_hk32f04axxa_1.o(HEAP)
    HEAP                                     0x20000850   Section      512  startup_hk32f04axxa_1.o(HEAP)
    Stack_Mem                                0x20000a50   Data        1024  startup_hk32f04axxa_1.o(STACK)
    STACK                                    0x20000a50   Section     1024  startup_hk32f04axxa_1.o(STACK)
    __initial_sp                             0x20000e50   Data           0  startup_hk32f04axxa_1.o(STACK)

    Global Symbols

    Symbol Name                              Value     Ov Type        Size  Object(Section)

    BuildAttributes$$THM_ISAv3M$S$PE$A:L22$X:L11$S22$IEEE1$IW$~IW$USESV6$~STKCKD$USESV7$~SHL$OTIME$ROPI$IEEEJ$EBA8$UX$STANDARDLIB$REQ8$PRES8$EABIv2 0x00000000   Number         0  anon$$obj.o ABSOLUTE
    _printf_flags                            0x00000000   Number         0  printf_stubs.o ABSOLUTE
    _printf_return_value                     0x00000000   Number         0  printf_stubs.o ABSOLUTE
    _printf_sizespec                         0x00000000   Number         0  printf_stubs.o ABSOLUTE
    _printf_widthprec                        0x00000000   Number         0  printf_stubs.o ABSOLUTE
    __ARM_exceptions_init                     - Undefined Weak Reference
    __alloca_initialize                       - Undefined Weak Reference
    __arm_preinit_                            - Undefined Weak Reference
    __arm_relocate_pie_                       - Undefined Weak Reference
    __lcxx_override$$Base                     - Undefined Reference
    __lcxx_override$$Limit                    - Undefined Reference
    __sigvec_lookup                           - Undefined Weak Reference
    __user_heap_extent                        - Undefined Weak Reference
    _atexit_init                              - Undefined Weak Reference
    _call_atexit_fns                          - Undefined Weak Reference
    _clock_init                               - Undefined Weak Reference
    _fp_trap_init                             - Undefined Weak Reference
    _fp_trap_shutdown                         - Undefined Weak Reference
    _get_lc_collate                           - Undefined Weak Reference
    _get_lc_monetary                          - Undefined Weak Reference
    _get_lc_time                              - Undefined Weak Reference
    _getenv_init                              - Undefined Weak Reference
    _handle_redirection                       - Undefined Weak Reference
    _mutex_acquire                            - Undefined Weak Reference
    _mutex_free                               - Undefined Weak Reference
    _mutex_release                            - Undefined Weak Reference
    _printf_mbtowc                            - Undefined Weak Reference
    _printf_wc                                - Undefined Weak Reference
    _rand_init                                - Undefined Weak Reference
    _signal_finish                            - Undefined Weak Reference
    _signal_init                              - Undefined Weak Reference
    __Vectors_Size                           0x000000c0   Number         0  startup_hk32f04axxa_1.o ABSOLUTE
    __Vectors                                0x08000000   Data           4  startup_hk32f04axxa_1.o(RESET)
    __dso_handle                             0x08000000   Number         0  startup_hk32f04axxa_1.o(RESET)
    __Vectors_End                            0x080000c0   Data           0  startup_hk32f04axxa_1.o(RESET)
    __main                                   0x080000c1   Thumb Code     8  __main.o(!!!main)
    __scatterload                            0x080000c9   Thumb Code     0  __scatter.o(!!!scatter)
    __scatterload_rt2                        0x080000c9   Thumb Code    74  __scatter.o(!!!scatter)
    __scatterload_rt2_thumb_only             0x080000c9   Thumb Code     0  __scatter.o(!!!scatter)
    __scatterload_loop                       0x080000d3   Thumb Code     0  __scatter.o(!!!scatter)
    __scatterload_copy                       0x0800011d   Thumb Code    26  __scatter_copy.o(!!handler_copy)
    __scatterload_null                       0x08000139   Thumb Code     2  __scatter.o(!!handler_null)
    __scatterload_zeroinit                   0x0800013d   Thumb Code    28  __scatter_zi.o(!!handler_zi)
    _printf_percent                          0x08000159   Thumb Code     0  _printf_percent.o(.ARM.Collect$$_printf_percent$$00000000)
    _printf_d                                0x0800015b   Thumb Code     0  _printf_d.o(.ARM.Collect$$_printf_percent$$00000009)
    _printf_s                                0x08000165   Thumb Code     0  _printf_s.o(.ARM.Collect$$_printf_percent$$00000014)
    _printf_percent_end                      0x0800016f   Thumb Code     0  _printf_percent_end.o(.ARM.Collect$$_printf_percent$$00000017)
    __rt_lib_init                            0x08000173   Thumb Code     0  libinit.o(.ARM.Collect$$libinit$$00000000)
    __rt_lib_init_fp_1                       0x08000175   Thumb Code     0  libinit2.o(.ARM.Collect$$libinit$$00000002)
    __rt_lib_init_heap_2                     0x08000175   Thumb Code     0  libinit2.o(.ARM.Collect$$libinit$$00000007)
    __rt_lib_init_preinit_1                  0x08000175   Thumb Code     0  libinit2.o(.ARM.Collect$$libinit$$00000006)
    __rt_lib_init_relocate_pie_1             0x08000175   Thumb Code     0  libinit2.o(.ARM.Collect$$libinit$$00000004)
    __rt_lib_init_alloca_1                   0x0800017d   Thumb Code     0  libinit2.o(.ARM.Collect$$libinit$$00000030)
    __rt_lib_init_argv_1                     0x0800017d   Thumb Code     0  libinit2.o(.ARM.Collect$$libinit$$0000002E)
    __rt_lib_init_atexit_1                   0x0800017d   Thumb Code     0  libinit2.o(.ARM.Collect$$libinit$$0000001D)
    __rt_lib_init_clock_1                    0x0800017d   Thumb Code     0  libinit2.o(.ARM.Collect$$libinit$$00000023)
    __rt_lib_init_cpp_2                      0x0800017d   Thumb Code     0  libinit2.o(.ARM.Collect$$libinit$$00000033)
    __rt_lib_init_exceptions_1               0x0800017d   Thumb Code     0  libinit2.o(.ARM.Collect$$libinit$$00000032)
    __rt_lib_init_fp_trap_1                  0x0800017d   Thumb Code     0  libinit2.o(.ARM.Collect$$libinit$$00000021)
    __rt_lib_init_getenv_1                   0x0800017d   Thumb Code     0  libinit2.o(.ARM.Collect$$libinit$$00000025)
    __rt_lib_init_heap_1                     0x0800017d   Thumb Code     0  libinit2.o(.ARM.Collect$$libinit$$0000000C)
    __rt_lib_init_lc_collate_1               0x0800017d   Thumb Code     0  libinit2.o(.ARM.Collect$$libinit$$00000013)
    __rt_lib_init_lc_ctype_1                 0x0800017d   Thumb Code     0  libinit2.o(.ARM.Collect$$libinit$$00000015)
    __rt_lib_init_lc_monetary_1              0x0800017d   Thumb Code     0  libinit2.o(.ARM.Collect$$libinit$$00000017)
    __rt_lib_init_lc_numeric_1               0x0800017d   Thumb Code     0  libinit2.o(.ARM.Collect$$libinit$$00000019)
    __rt_lib_init_lc_time_1                  0x0800017d   Thumb Code     0  libinit2.o(.ARM.Collect$$libinit$$0000001B)
    __rt_lib_init_rand_1                     0x0800017d   Thumb Code     0  libinit2.o(.ARM.Collect$$libinit$$00000010)
    __rt_lib_init_signal_1                   0x0800017d   Thumb Code     0  libinit2.o(.ARM.Collect$$libinit$$0000001F)
    __rt_lib_init_stdio_1                    0x0800017d   Thumb Code     0  libinit2.o(.ARM.Collect$$libinit$$00000027)
    __rt_lib_init_user_alloc_1               0x0800017d   Thumb Code     0  libinit2.o(.ARM.Collect$$libinit$$0000000E)
    __rt_lib_init_cpp_1                      0x08000181   Thumb Code     0  libinit2.o(.ARM.Collect$$libinit$$00000034)
    __rt_lib_init_return                     0x08000181   Thumb Code     0  libinit2.o(.ARM.Collect$$libinit$$00000035)
    __rt_lib_shutdown                        0x08000183   Thumb Code     0  libshutdown.o(.ARM.Collect$$libshutdown$$00000000)
    __rt_lib_shutdown_cpp_2                  0x08000185   Thumb Code     0  libshutdown2.o(.ARM.Collect$$libshutdown$$00000001)
    __rt_lib_shutdown_cpp_1                  0x0800018b   Thumb Code     0  libshutdown2.o(.ARM.Collect$$libshutdown$$00000002)
    __rt_lib_shutdown_fp_trap_1              0x0800018b   Thumb Code     0  libshutdown2.o(.ARM.Collect$$libshutdown$$00000007)
    __rt_lib_shutdown_heap_1                 0x0800018b   Thumb Code     0  libshutdown2.o(.ARM.Collect$$libshutdown$$0000000F)
    __rt_lib_shutdown_return                 0x0800018b   Thumb Code     0  libshutdown2.o(.ARM.Collect$$libshutdown$$00000010)
    __rt_lib_shutdown_signal_1               0x0800018b   Thumb Code     0  libshutdown2.o(.ARM.Collect$$libshutdown$$0000000A)
    __rt_lib_shutdown_stdio_1                0x0800018b   Thumb Code     0  libshutdown2.o(.ARM.Collect$$libshutdown$$00000004)
    __rt_lib_shutdown_user_alloc_1           0x0800018b   Thumb Code     0  libshutdown2.o(.ARM.Collect$$libshutdown$$0000000C)
    __rt_entry                               0x0800018d   Thumb Code     0  __rtentry.o(.ARM.Collect$$rtentry$$00000000)
    __rt_entry_presh_1                       0x0800018d   Thumb Code     0  __rtentry2.o(.ARM.Collect$$rtentry$$00000002)
    __rt_entry_sh                            0x0800018d   Thumb Code     0  __rtentry4.o(.ARM.Collect$$rtentry$$00000004)
    __rt_entry_li                            0x08000193   Thumb Code     0  __rtentry2.o(.ARM.Collect$$rtentry$$0000000A)
    __rt_entry_postsh_1                      0x08000193   Thumb Code     0  __rtentry2.o(.ARM.Collect$$rtentry$$00000009)
    __rt_entry_main                          0x08000197   Thumb Code     0  __rtentry2.o(.ARM.Collect$$rtentry$$0000000D)
    __rt_entry_postli_1                      0x08000197   Thumb Code     0  __rtentry2.o(.ARM.Collect$$rtentry$$0000000C)
    __rt_exit                                0x0800019f   Thumb Code     0  rtexit.o(.ARM.Collect$$rtexit$$00000000)
    __rt_exit_ls                             0x080001a1   Thumb Code     0  rtexit2.o(.ARM.Collect$$rtexit$$00000003)
    __rt_exit_prels_1                        0x080001a1   Thumb Code     0  rtexit2.o(.ARM.Collect$$rtexit$$00000002)
    __rt_exit_exit                           0x080001a5   Thumb Code     0  rtexit2.o(.ARM.Collect$$rtexit$$00000004)
    __aeabi_memcpy4                          0x080001ad   Thumb Code    56  rt_memcpy.o(.emb_text)
    __aeabi_memcpy8                          0x080001ad   Thumb Code     0  rt_memcpy.o(.emb_text)
    Reset_Handler                            0x080001e5   Thumb Code     8  startup_hk32f04axxa_1.o(.text)
    ADC_COMP_IRQHandler                      0x080001f7   Thumb Code     0  startup_hk32f04axxa_1.o(.text)
    AES_TRNG_HASH_EAACC_IRQHandler           0x080001f7   Thumb Code     0  startup_hk32f04axxa_1.o(.text)
    CAN_IRQHandler                           0x080001f7   Thumb Code     0  startup_hk32f04axxa_1.o(.text)
    DMA1_Channel1_IRQHandler                 0x080001f7   Thumb Code     0  startup_hk32f04axxa_1.o(.text)
    DMA1_Channel2_3_IRQHandler               0x080001f7   Thumb Code     0  startup_hk32f04axxa_1.o(.text)
    DMA1_Channel4_7_IRQHandler               0x080001f7   Thumb Code     0  startup_hk32f04axxa_1.o(.text)
    DVSQ_IRQHandler                          0x080001f7   Thumb Code     0  startup_hk32f04axxa_1.o(.text)
    EXTI0_1_IRQHandler                       0x080001f7   Thumb Code     0  startup_hk32f04axxa_1.o(.text)
    EXTI2_3_IRQHandler                       0x080001f7   Thumb Code     0  startup_hk32f04axxa_1.o(.text)
    EXTI4_15_IRQHandler                      0x080001f7   Thumb Code     0  startup_hk32f04axxa_1.o(.text)
    FLASH_IRQHandler                         0x080001f7   Thumb Code     0  startup_hk32f04axxa_1.o(.text)
    I2C1_IRQHandler                          0x080001f7   Thumb Code     0  startup_hk32f04axxa_1.o(.text)
    I2C2_IRQHandler                          0x080001f7   Thumb Code     0  startup_hk32f04axxa_1.o(.text)
    LPTIM_IRQHandler                         0x080001f7   Thumb Code     0  startup_hk32f04axxa_1.o(.text)
    LPUART1_IRQHandler                       0x080001f7   Thumb Code     0  startup_hk32f04axxa_1.o(.text)
    PVD_IRQHandler                           0x080001f7   Thumb Code     0  startup_hk32f04axxa_1.o(.text)
    RCC_IRQHandler                           0x080001f7   Thumb Code     0  startup_hk32f04axxa_1.o(.text)
    RTC_IRQHandler                           0x080001f7   Thumb Code     0  startup_hk32f04axxa_1.o(.text)
    SPI1_IRQHandler                          0x080001f7   Thumb Code     0  startup_hk32f04axxa_1.o(.text)
    SPI2_IRQHandler                          0x080001f7   Thumb Code     0  startup_hk32f04axxa_1.o(.text)
    TIM14_IRQHandler                         0x080001f7   Thumb Code     0  startup_hk32f04axxa_1.o(.text)
    TIM15_IRQHandler                         0x080001f7   Thumb Code     0  startup_hk32f04axxa_1.o(.text)
    TIM16_IRQHandler                         0x080001f7   Thumb Code     0  startup_hk32f04axxa_1.o(.text)
    TIM17_IRQHandler                         0x080001f7   Thumb Code     0  startup_hk32f04axxa_1.o(.text)
    TIM1_BRK_UP_TRG_COM_IRQHandler           0x080001f7   Thumb Code     0  startup_hk32f04axxa_1.o(.text)
    TIM1_CC_IRQHandler                       0x080001f7   Thumb Code     0  startup_hk32f04axxa_1.o(.text)
    TIM2_IRQHandler                          0x080001f7   Thumb Code     0  startup_hk32f04axxa_1.o(.text)
    TIM3_IRQHandler                          0x080001f7   Thumb Code     0  startup_hk32f04axxa_1.o(.text)
    TIM6_IRQHandler                          0x080001f7   Thumb Code     0  startup_hk32f04axxa_1.o(.text)
    USART1_IRQHandler                        0x080001f7   Thumb Code     0  startup_hk32f04axxa_1.o(.text)
    USART2_IRQHandler                        0x080001f7   Thumb Code     0  startup_hk32f04axxa_1.o(.text)
    WWDG_IRQHandler                          0x080001f7   Thumb Code     0  startup_hk32f04axxa_1.o(.text)
    __user_initial_stackheap                 0x080001f9   Thumb Code     0  startup_hk32f04axxa_1.o(.text)
    _printf_str                              0x0800021d   Thumb Code    82  _printf_str.o(.text)
    _printf_int_dec                          0x08000271   Thumb Code    90  _printf_dec.o(.text)
    __cxa_atexit                             0x080002dd   Thumb Code    14  cxa_atexit.o(.text)
    __aeabi_memcpy                           0x080002eb   Thumb Code   130  rt_memcpy.o(.text)
    __rt_memcpy                              0x080002eb   Thumb Code     0  rt_memcpy.o(.text)
    _memset_w                                0x0800036d   Thumb Code    26  rt_memclr.o(.text)
    _memset                                  0x08000387   Thumb Code    30  rt_memclr.o(.text)
    __aeabi_memclr                           0x080003a5   Thumb Code     4  rt_memclr.o(.text)
    __rt_memclr                              0x080003a5   Thumb Code     0  rt_memclr.o(.text)
    __aeabi_memclr4                          0x080003a9   Thumb Code     0  rt_memclr.o(.text)
    __aeabi_memclr8                          0x080003a9   Thumb Code     0  rt_memclr.o(.text)
    __rt_memclr_w                            0x080003a9   Thumb Code     4  rt_memclr.o(.text)
    __use_two_region_memory                  0x080003ad   Thumb Code     2  heapauxi.o(.text)
    __rt_heap_escrow                         0x080003af   Thumb Code     2  heapauxi.o(.text)
    __rt_heap_expand                         0x080003b1   Thumb Code     2  heapauxi.o(.text)
    __cpp_initialize__aeabi_                 0x080003b5   Thumb Code    36  init_aeabi.o(.text)
    malloc                                   0x080003e1   Thumb Code    98  h1_alloc.o(.text)
    free                                     0x08000443   Thumb Code    76  h1_free.o(.text)
    _printf_int_common                       0x0800048f   Thumb Code   176  _printf_intcommon.o(.text)
    _printf_cs_common                        0x0800053f   Thumb Code    22  _printf_char.o(.text)
    _printf_char                             0x08000555   Thumb Code    16  _printf_char.o(.text)
    _printf_string                           0x08000565   Thumb Code     8  _printf_char.o(.text)
    __aeabi_atexit                           0x0800056d   Thumb Code    42  aeabi_atexit.o(.text)
    __rt_udiv10                              0x08000597   Thumb Code    40  rtudiv10.o(.text)
    __rt_heap_descriptor                     0x080005c1   Thumb Code     8  rt_heap_descriptor_intlibspace.o(.text)
    __rt_ddtor_pointer_addr                  0x080005c9   Thumb Code     8  rt_ddtor_pointer_addr_intlibspace.o(.text)
    __use_no_heap                            0x080005d1   Thumb Code     2  hguard.o(.text)
    __heap$guard                             0x080005d3   Thumb Code     2  hguard.o(.text)
    _terminate_user_alloc                    0x080005d5   Thumb Code     2  init_alloc.o(.text)
    _init_user_alloc                         0x080005d7   Thumb Code     2  init_alloc.o(.text)
    __Heap_Full                              0x080005d9   Thumb Code    32  init_alloc.o(.text)
    __Heap_Broken                            0x080005f9   Thumb Code    10  init_alloc.o(.text)
    _init_alloc                              0x08000603   Thumb Code    90  init_alloc.o(.text)
    __Heap_Initialize                        0x0800065d   Thumb Code     8  h1_init.o(.text)
    __Heap_DescSize                          0x08000665   Thumb Code     4  h1_init.o(.text)
    __cxa_finalize                           0x08000669   Thumb Code    66  cxa_finalize.o(.text)
    _sys_exit                                0x080006ad   Thumb Code     8  sys_exit.o(.text)
    __user_libspace                          0x080006b9   Thumb Code     8  libspace.o(.text)
    __user_perproc_libspace                  0x080006b9   Thumb Code     0  libspace.o(.text)
    __user_perthread_libspace                0x080006b9   Thumb Code     0  libspace.o(.text)
    __user_setup_stackheap                   0x080006c1   Thumb Code    62  sys_stackheap_outer.o(.text)
    __Heap_ProvideMemory                     0x080006ff   Thumb Code    52  h1_extend.o(.text)
    _maybe_terminate_alloc                   0x080006ff   Thumb Code     0  maybetermalloc1.o(.text)
    exit                                     0x08000733   Thumb Code    16  exit.o(.text)
    __rt_SIGRTMEM                            0x08000743   Thumb Code    12  defsig_rtmem_outer.o(.text)
    __I$use$semihosting                      0x0800074f   Thumb Code     0  use_no_semi.o(.text)
    __use_no_semihosting_swi                 0x0800074f   Thumb Code     2  use_no_semi.o(.text)
    __semihosting_library_function           0x08000751   Thumb Code     0  indicate_semi.o(.text)
    __sig_exit                               0x08000751   Thumb Code    12  defsig_exit.o(.text)
    __rt_SIGRTMEM_inner                      0x0800075d   Thumb Code    22  defsig_rtmem_inner.o(.text)
    __default_signal_display                 0x080007ad   Thumb Code    52  defsig_general.o(.text)
    _ttywrch                                 0x080007e1   Thumb Code    12  sys_wrch.o(.text)
    CAN1_Init                                0x080007ed   Thumb Code   132  can.o(.text.CAN1_Init)
    CAN_DeInit                               0x0800087d   Thumb Code    22  hk32f0xxa_can.o(.text.CAN_DeInit)
    CAN_FilterInit                           0x08000895   Thumb Code   164  hk32f0xxa_can.o(.text.CAN_FilterInit)
    CAN_Init                                 0x0800093d   Thumb Code   232  hk32f0xxa_can.o(.text.CAN_Init)
    CAN_StructInit                           0x08000a2d   Thumb Code    20  hk32f0xxa_can.o(.text.CAN_StructInit)
    CAN_Transmit                             0x08000a45   Thumb Code   180  hk32f0xxa_can.o(.text.CAN_Transmit)
    GPIO_Init                                0x08000b01   Thumb Code   170  hk32f0xxa_gpio.o(.text.GPIO_Init)
    GPIO_PinAFConfig                         0x08000bab   Thumb Code    40  hk32f0xxa_gpio.o(.text.GPIO_PinAFConfig)
    HardFault_Handler                        0x08000bd3   Thumb Code     0  hk32f0xxa_it.o(.text.HardFault_Handler)
    NMI_Handler                              0x08000bd3   Thumb Code     2  hk32f0xxa_it.o(.text.NMI_Handler)
    PendSV_Handler                           0x08000bd5   Thumb Code     2  hk32f0xxa_it.o(.text.PendSV_Handler)
    RCC_AHBPeriphClockCmd                    0x08000bd9   Thumb Code    24  hk32f0xxa_rcc.o(.text.RCC_AHBPeriphClockCmd)
    RCC_APB1PeriphClockCmd                   0x08000bf5   Thumb Code    24  hk32f0xxa_rcc.o(.text.RCC_APB1PeriphClockCmd)
    RCC_APB1PeriphResetCmd                   0x08000c11   Thumb Code    24  hk32f0xxa_rcc.o(.text.RCC_APB1PeriphResetCmd)
    RCC_APB2PeriphClockCmd                   0x08000c2d   Thumb Code    24  hk32f0xxa_rcc.o(.text.RCC_APB2PeriphClockCmd)
    RCC_GetClocksFreq                        0x08000c49   Thumb Code   488  hk32f0xxa_rcc.o(.text.RCC_GetClocksFreq)
    SVC_Handler                              0x08000e65   Thumb Code     2  hk32f0xxa_it.o(.text.SVC_Handler)
    SysTick_Handler                          0x08000e69   Thumb Code    12  hk32f0xxa_it.o(.text.SysTick_Handler)
    SystemInit                               0x08000e79   Thumb Code   320  system_hk32f0xxa.o(.text.SystemInit)
    USART1_UART_Init                         0x08000fe9   Thumb Code   116  usart.o(.text.USART1_UART_Init)
    USART_Cmd                                0x08001061   Thumb Code    16  hk32f0xxa_usart.o(.text.USART_Cmd)
    USART_Init                               0x08001071   Thumb Code   156  hk32f0xxa_usart.o(.text.USART_Init)
    Uart1_print                              0x0800111d   Thumb Code    28  bsp_usart.o(.text.Uart1_print)
    bspCanSend(unsigned int, unsigned char*, unsigned char) 0x080011b5   Thumb Code    40  bsp_can.o(.text._Z10bspCanSendjPhh)
    delay_ms(unsigned int)                   0x080011dd   Thumb Code    36  system.o(.text._Z8delay_msj)
    Periph_Control::Periph_Control()         0x08001209   Thumb Code    12  periph_control.o(.text._ZN14Periph_ControlC2Ev)
    Periph_Control::Periph_Control__sub_object() 0x08001209   Thumb Code    12  periph_control.o(.text._ZN14Periph_ControlC2Ev)
    MillisTaskManager::MillisTaskManager(bool) 0x08001215   Thumb Code    10  millistaskmanager.o(.text._ZN17MillisTaskManagerC2Eb)
    MillisTaskManager::MillisTaskManager__sub_object(bool) 0x08001215   Thumb Code    10  millistaskmanager.o(.text._ZN17MillisTaskManagerC2Eb)
    MillisTaskManager::~MillisTaskManager()  0x0800121f   Thumb Code    26  millistaskmanager.o(.text._ZN17MillisTaskManagerD2Ev)
    MillisTaskManager::~MillisTaskManager__sub_object() 0x0800121f   Thumb Code    26  millistaskmanager.o(.text._ZN17MillisTaskManagerD2Ev)
    Bms::Bms()                               0x08001239   Thumb Code   108  bms.o(.text._ZN3BmsC2Ev)
    Bms::Bms__sub_object()                   0x08001239   Thumb Code   108  bms.o(.text._ZN3BmsC2Ev)
    Bms::~Bms__sub_object()                  0x080012c1   Thumb Code    14  variables.o(.text._ZN3BmsD2Ev)
    A7680C::A7680C()                         0x080012cf   Thumb Code    14  a7680c.o(.text._ZN6A7680CC2Ev)
    A7680C::A7680C__sub_object()             0x080012cf   Thumb Code    14  a7680c.o(.text._ZN6A7680CC2Ev)
    A7680C::~A7680C__sub_object()            0x080012dd   Thumb Code    14  variables.o(.text._ZN6A7680CD2Ev)
    operator delete(void*)                   0x080012eb   Thumb Code     8  new.cpp.o(.text._ZdlPv)
    main                                     0x080012f5   Thumb Code    52  main.o(.text.main)
    __aeabi_uidiv                            0x0800133d   Thumb Code    68  aeabi_sdivfast.o(.text_divfast)
    __aeabi_idiv                             0x08001381   Thumb Code   434  aeabi_sdivfast.o(.text_divfast)
    Region$$Table$$Base                      0x08001544   Number         0  anon$$obj.o(Region$$Table)
    Region$$Table$$Limit                     0x08001564   Number         0  anon$$obj.o(Region$$Table)
    SHT$$INIT_ARRAY$$Base                    0x08001564   Number         0  variables.o(.init_array)
    SHT$$INIT_ARRAY$$Limit                   0x08001568   Number         0  init_aeabi.o(.init_array)
    can_res                                  0x20000000   Data           1  can.o(.data.can_res)
    __libspace_start                         0x20000008   Data          96  libspace.o(.bss)
    __temporary_stack_top$libspace           0x20000068   Data           0  libspace.o(.bss)
    a7680c                                   0x20000068   Data        1296  variables.o(.bss.a7680c)
    bms                                      0x20000578   Data         696  variables.o(.bss.bms)
    mtmMain                                  0x20000830   Data          12  variables.o(.bss.mtmMain)
    periph_control                           0x2000083c   Data           7  variables.o(.bss.periph_control)
    stateMachine                             0x20000844   Data           4  variables.o(.bss.stateMachine)
    system_ms                                0x20000848   Data           4  variables.o(.bss.system_ms)



==============================================================================

Memory Map of the image

  Image Entry point : 0x080000c1

  Load Region LR_IROM1 (Base: 0x08000000, Size: 0x00001570, Max: 0x0001f000, ABSOLUTE)

    Execution Region ER_IROM1 (Exec base: 0x08000000, Load base: 0x08000000, Size: 0x00001568, Max: 0x0001f000, ABSOLUTE)

    Exec Addr    Load Addr    Size         Type   Attr      Idx    E Section Name        Object

    0x08000000   0x08000000   0x000000c0   Data   RO         1746    RESET               startup_hk32f04axxa_1.o
    0x080000c0   0x080000c0   0x00000008   Code   RO         2161  * !!!main             c_p.l(__main.o)
    0x080000c8   0x080000c8   0x00000054   Code   RO         2838    !!!scatter          c_p.l(__scatter.o)
    0x0800011c   0x0800011c   0x0000001a   Code   RO         2842    !!handler_copy      c_p.l(__scatter_copy.o)
    0x08000136   0x08000136   0x00000002   PAD
    0x08000138   0x08000138   0x00000002   Code   RO         2839    !!handler_null      c_p.l(__scatter.o)
    0x0800013a   0x0800013a   0x00000002   PAD
    0x0800013c   0x0800013c   0x0000001c   Code   RO         2844    !!handler_zi        c_p.l(__scatter_zi.o)
    0x08000158   0x08000158   0x00000002   Code   RO         2134    .ARM.Collect$$_printf_percent$$00000000  c_p.l(_printf_percent.o)
    0x0800015a   0x0800015a   0x0000000a   Code   RO         2133    .ARM.Collect$$_printf_percent$$00000009  c_p.l(_printf_d.o)
    0x08000164   0x08000164   0x0000000a   Code   RO         2132    .ARM.Collect$$_printf_percent$$00000014  c_p.l(_printf_s.o)
    0x0800016e   0x0800016e   0x00000004   Code   RO         2397    .ARM.Collect$$_printf_percent$$00000017  c_p.l(_printf_percent_end.o)
    0x08000172   0x08000172   0x00000002   Code   RO         2719    .ARM.Collect$$libinit$$00000000  c_p.l(libinit.o)
    0x08000174   0x08000174   0x00000000   Code   RO         2428    .ARM.Collect$$libinit$$00000002  c_p.l(libinit2.o)
    0x08000174   0x08000174   0x00000000   Code   RO         2430    .ARM.Collect$$libinit$$00000004  c_p.l(libinit2.o)
    0x08000174   0x08000174   0x00000000   Code   RO         2432    .ARM.Collect$$libinit$$00000006  c_p.l(libinit2.o)
    0x08000174   0x08000174   0x00000008   Code   RO         2433    .ARM.Collect$$libinit$$00000007  c_p.l(libinit2.o)
    0x0800017c   0x0800017c   0x00000000   Code   RO         2435    .ARM.Collect$$libinit$$0000000C  c_p.l(libinit2.o)
    0x0800017c   0x0800017c   0x00000000   Code   RO         2437    .ARM.Collect$$libinit$$0000000E  c_p.l(libinit2.o)
    0x0800017c   0x0800017c   0x00000000   Code   RO         2439    .ARM.Collect$$libinit$$00000010  c_p.l(libinit2.o)
    0x0800017c   0x0800017c   0x00000000   Code   RO         2442    .ARM.Collect$$libinit$$00000013  c_p.l(libinit2.o)
    0x0800017c   0x0800017c   0x00000000   Code   RO         2444    .ARM.Collect$$libinit$$00000015  c_p.l(libinit2.o)
    0x0800017c   0x0800017c   0x00000000   Code   RO         2446    .ARM.Collect$$libinit$$00000017  c_p.l(libinit2.o)
    0x0800017c   0x0800017c   0x00000000   Code   RO         2448    .ARM.Collect$$libinit$$00000019  c_p.l(libinit2.o)
    0x0800017c   0x0800017c   0x00000000   Code   RO         2450    .ARM.Collect$$libinit$$0000001B  c_p.l(libinit2.o)
    0x0800017c   0x0800017c   0x00000000   Code   RO         2452    .ARM.Collect$$libinit$$0000001D  c_p.l(libinit2.o)
    0x0800017c   0x0800017c   0x00000000   Code   RO         2454    .ARM.Collect$$libinit$$0000001F  c_p.l(libinit2.o)
    0x0800017c   0x0800017c   0x00000000   Code   RO         2456    .ARM.Collect$$libinit$$00000021  c_p.l(libinit2.o)
    0x0800017c   0x0800017c   0x00000000   Code   RO         2458    .ARM.Collect$$libinit$$00000023  c_p.l(libinit2.o)
    0x0800017c   0x0800017c   0x00000000   Code   RO         2460    .ARM.Collect$$libinit$$00000025  c_p.l(libinit2.o)
    0x0800017c   0x0800017c   0x00000000   Code   RO         2462    .ARM.Collect$$libinit$$00000027  c_p.l(libinit2.o)
    0x0800017c   0x0800017c   0x00000000   Code   RO         2466    .ARM.Collect$$libinit$$0000002E  c_p.l(libinit2.o)
    0x0800017c   0x0800017c   0x00000000   Code   RO         2468    .ARM.Collect$$libinit$$00000030  c_p.l(libinit2.o)
    0x0800017c   0x0800017c   0x00000000   Code   RO         2470    .ARM.Collect$$libinit$$00000032  c_p.l(libinit2.o)
    0x0800017c   0x0800017c   0x00000004   Code   RO         2471    .ARM.Collect$$libinit$$00000033  c_p.l(libinit2.o)
    0x08000180   0x08000180   0x00000000   Code   RO         2472    .ARM.Collect$$libinit$$00000034  c_p.l(libinit2.o)
    0x08000180   0x08000180   0x00000002   Code   RO         2473    .ARM.Collect$$libinit$$00000035  c_p.l(libinit2.o)
    0x08000182   0x08000182   0x00000002   Code   RO         2825    .ARM.Collect$$libshutdown$$00000000  c_p.l(libshutdown.o)
    0x08000184   0x08000184   0x00000006   Code   RO         2720    .ARM.Collect$$libshutdown$$00000001  c_p.l(libshutdown2.o)
    0x0800018a   0x0800018a   0x00000000   Code   RO         2721    .ARM.Collect$$libshutdown$$00000002  c_p.l(libshutdown2.o)
    0x0800018a   0x0800018a   0x00000000   Code   RO         2723    .ARM.Collect$$libshutdown$$00000004  c_p.l(libshutdown2.o)
    0x0800018a   0x0800018a   0x00000000   Code   RO         2726    .ARM.Collect$$libshutdown$$00000007  c_p.l(libshutdown2.o)
    0x0800018a   0x0800018a   0x00000000   Code   RO         2729    .ARM.Collect$$libshutdown$$0000000A  c_p.l(libshutdown2.o)
    0x0800018a   0x0800018a   0x00000000   Code   RO         2731    .ARM.Collect$$libshutdown$$0000000C  c_p.l(libshutdown2.o)
    0x0800018a   0x0800018a   0x00000000   Code   RO         2734    .ARM.Collect$$libshutdown$$0000000F  c_p.l(libshutdown2.o)
    0x0800018a   0x0800018a   0x00000002   Code   RO         2735    .ARM.Collect$$libshutdown$$00000010  c_p.l(libshutdown2.o)
    0x0800018c   0x0800018c   0x00000000   Code   RO         2265    .ARM.Collect$$rtentry$$00000000  c_p.l(__rtentry.o)
    0x0800018c   0x0800018c   0x00000000   Code   RO         2521    .ARM.Collect$$rtentry$$00000002  c_p.l(__rtentry2.o)
    0x0800018c   0x0800018c   0x00000006   Code   RO         2533    .ARM.Collect$$rtentry$$00000004  c_p.l(__rtentry4.o)
    0x08000192   0x08000192   0x00000000   Code   RO         2523    .ARM.Collect$$rtentry$$00000009  c_p.l(__rtentry2.o)
    0x08000192   0x08000192   0x00000004   Code   RO         2524    .ARM.Collect$$rtentry$$0000000A  c_p.l(__rtentry2.o)
    0x08000196   0x08000196   0x00000000   Code   RO         2526    .ARM.Collect$$rtentry$$0000000C  c_p.l(__rtentry2.o)
    0x08000196   0x08000196   0x00000008   Code   RO         2527    .ARM.Collect$$rtentry$$0000000D  c_p.l(__rtentry2.o)
    0x0800019e   0x0800019e   0x00000002   Code   RO         2748    .ARM.Collect$$rtexit$$00000000  c_p.l(rtexit.o)
    0x080001a0   0x080001a0   0x00000000   Code   RO         2790    .ARM.Collect$$rtexit$$00000002  c_p.l(rtexit2.o)
    0x080001a0   0x080001a0   0x00000004   Code   RO         2791    .ARM.Collect$$rtexit$$00000003  c_p.l(rtexit2.o)
    0x080001a4   0x080001a4   0x00000006   Code   RO         2792    .ARM.Collect$$rtexit$$00000004  c_p.l(rtexit2.o)
    0x080001aa   0x080001aa   0x00000002   PAD
    0x080001ac   0x080001ac   0x00000038   Code   RO         2145    .emb_text           c_p.l(rt_memcpy.o)
    0x080001e4   0x080001e4   0x00000038   Code   RO         1747    .text               startup_hk32f04axxa_1.o
    0x0800021c   0x0800021c   0x00000052   Code   RO         2108    .text               c_p.l(_printf_str.o)
    0x0800026e   0x0800026e   0x00000002   PAD
    0x08000270   0x08000270   0x0000006c   Code   RO         2110    .text               c_p.l(_printf_dec.o)
    0x080002dc   0x080002dc   0x0000000e   Code   RO         2140    .text               c_p.l(cxa_atexit.o)
    0x080002ea   0x080002ea   0x00000082   Code   RO         2146    .text               c_p.l(rt_memcpy.o)
    0x0800036c   0x0800036c   0x00000040   Code   RO         2149    .text               c_p.l(rt_memclr.o)
    0x080003ac   0x080003ac   0x00000006   Code   RO         2159    .text               c_p.l(heapauxi.o)
    0x080003b2   0x080003b2   0x00000002   PAD
    0x080003b4   0x080003b4   0x0000002c   Code   RO         2166    .text               c_p.l(init_aeabi.o)
    0x080003e0   0x080003e0   0x00000062   Code   RO         2278    .text               c_p.l(h1_alloc.o)
    0x08000442   0x08000442   0x0000004c   Code   RO         2280    .text               c_p.l(h1_free.o)
    0x0800048e   0x0800048e   0x000000b0   Code   RO         2344    .text               c_p.l(_printf_intcommon.o)
    0x0800053e   0x0800053e   0x0000002e   Code   RO         2352    .text               c_p.l(_printf_char.o)
    0x0800056c   0x0800056c   0x0000002a   Code   RO         2422    .text               c_p.l(aeabi_atexit.o)
    0x08000596   0x08000596   0x00000028   Code   RO         2425    .text               c_p.l(rtudiv10.o)
    0x080005be   0x080005be   0x00000002   PAD
    0x080005c0   0x080005c0   0x00000008   Code   RO         2540    .text               c_p.l(rt_heap_descriptor_intlibspace.o)
    0x080005c8   0x080005c8   0x00000008   Code   RO         2545    .text               c_p.l(rt_ddtor_pointer_addr_intlibspace.o)
    0x080005d0   0x080005d0   0x00000004   Code   RO         2547    .text               c_p.l(hguard.o)
    0x080005d4   0x080005d4   0x00000088   Code   RO         2549    .text               c_p.l(init_alloc.o)
    0x0800065c   0x0800065c   0x0000000c   Code   RO         2553    .text               c_p.l(h1_init.o)
    0x08000668   0x08000668   0x00000042   Code   RO         2588    .text               c_p.l(cxa_finalize.o)
    0x080006aa   0x080006aa   0x00000002   PAD
    0x080006ac   0x080006ac   0x0000000c   Code   RO         2620    .text               c_p.l(sys_exit.o)
    0x080006b8   0x080006b8   0x00000008   Code   RO         2631    .text               c_p.l(libspace.o)
    0x080006c0   0x080006c0   0x0000003e   Code   RO         2634    .text               c_p.l(sys_stackheap_outer.o)
    0x080006fe   0x080006fe   0x00000000   Code   RO         2646    .text               c_p.l(maybetermalloc1.o)
    0x080006fe   0x080006fe   0x00000034   Code   RO         2648    .text               c_p.l(h1_extend.o)
    0x08000732   0x08000732   0x00000010   Code   RO         2687    .text               c_p.l(exit.o)
    0x08000742   0x08000742   0x0000000c   Code   RO         2701    .text               c_p.l(defsig_rtmem_outer.o)
    0x0800074e   0x0800074e   0x00000002   Code   RO         2744    .text               c_p.l(use_no_semi.o)
    0x08000750   0x08000750   0x00000000   Code   RO         2746    .text               c_p.l(indicate_semi.o)
    0x08000750   0x08000750   0x0000000c   Code   RO         2773    .text               c_p.l(defsig_exit.o)
    0x0800075c   0x0800075c   0x00000050   Code   RO         2781    .text               c_p.l(defsig_rtmem_inner.o)
    0x080007ac   0x080007ac   0x00000034   Code   RO         2810    .text               c_p.l(defsig_general.o)
    0x080007e0   0x080007e0   0x0000000c   Code   RO         2812    .text               c_p.l(sys_wrch.o)
    0x080007ec   0x080007ec   0x00000090   Code   RO           28    .text.CAN1_Init     can.o
    0x0800087c   0x0800087c   0x00000016   Code   RO          432    .text.CAN_DeInit    hk32f0xxa_can.o
    0x08000892   0x08000892   0x00000002   PAD
    0x08000894   0x08000894   0x000000a8   Code   RO          436    .text.CAN_FilterInit  hk32f0xxa_can.o
    0x0800093c   0x0800093c   0x000000f0   Code   RO          434    .text.CAN_Init      hk32f0xxa_can.o
    0x08000a2c   0x08000a2c   0x00000018   Code   RO          438    .text.CAN_StructInit  hk32f0xxa_can.o
    0x08000a44   0x08000a44   0x000000bc   Code   RO          444    .text.CAN_Transmit  hk32f0xxa_can.o
    0x08000b00   0x08000b00   0x000000aa   Code   RO          785    .text.GPIO_Init     hk32f0xxa_gpio.o
    0x08000baa   0x08000baa   0x00000028   Code   RO          807    .text.GPIO_PinAFConfig  hk32f0xxa_gpio.o
    0x08000bd2   0x08000bd2   0x00000000   Code   RO           83    .text.HardFault_Handler  hk32f0xxa_it.o
    0x08000bd2   0x08000bd2   0x00000002   Code   RO           81    .text.NMI_Handler   hk32f0xxa_it.o
    0x08000bd4   0x08000bd4   0x00000002   Code   RO           87    .text.PendSV_Handler  hk32f0xxa_it.o
    0x08000bd6   0x08000bd6   0x00000002   PAD
    0x08000bd8   0x08000bd8   0x0000001c   Code   RO         1154    .text.RCC_AHBPeriphClockCmd  hk32f0xxa_rcc.o
    0x08000bf4   0x08000bf4   0x0000001c   Code   RO         1160    .text.RCC_APB1PeriphClockCmd  hk32f0xxa_rcc.o
    0x08000c10   0x08000c10   0x0000001c   Code   RO         1168    .text.RCC_APB1PeriphResetCmd  hk32f0xxa_rcc.o
    0x08000c2c   0x08000c2c   0x0000001c   Code   RO         1158    .text.RCC_APB2PeriphClockCmd  hk32f0xxa_rcc.o
    0x08000c48   0x08000c48   0x0000021c   Code   RO         1146    .text.RCC_GetClocksFreq  hk32f0xxa_rcc.o
    0x08000e64   0x08000e64   0x00000002   Code   RO           85    .text.SVC_Handler   hk32f0xxa_it.o
    0x08000e66   0x08000e66   0x00000002   PAD
    0x08000e68   0x08000e68   0x00000010   Code   RO           89    .text.SysTick_Handler  hk32f0xxa_it.o
    0x08000e78   0x08000e78   0x00000170   Code   RO           67    .text.SystemInit    system_hk32f0xxa.o
    0x08000fe8   0x08000fe8   0x00000078   Code   RO           46    .text.USART1_UART_Init  usart.o
    0x08001060   0x08001060   0x00000010   Code   RO         1625    .text.USART_Cmd     hk32f0xxa_usart.o
    0x08001070   0x08001070   0x000000ac   Code   RO         1617    .text.USART_Init    hk32f0xxa_usart.o
    0x0800111c   0x0800111c   0x00000020   Code   RO         1938    .text.Uart1_print   bsp_usart.o
    0x0800113c   0x0800113c   0x00000078   Code   RO         2029    .text._GLOBAL__sub_I_variables.cpp  variables.o
    0x080011b4   0x080011b4   0x00000028   Code   RO         1920    .text._Z10bspCanSendjPhh  bsp_can.o
    0x080011dc   0x080011dc   0x0000002c   Code   RO         2017    .text._Z8delay_msj  system.o
    0x08001208   0x08001208   0x0000000c   Code   RO         1860    .text._ZN14Periph_ControlC2Ev  periph_control.o
    0x08001214   0x08001214   0x0000000a   Code   RO         1976    .text._ZN17MillisTaskManagerC2Eb  millistaskmanager.o
    0x0800121e   0x0800121e   0x0000001a   Code   RO         1978    .text._ZN17MillisTaskManagerD2Ev  millistaskmanager.o
    0x08001238   0x08001238   0x00000088   Code   RO         1810    .text._ZN3BmsC2Ev   bms.o
    0x080012c0   0x080012c0   0x0000000e   Code   RO         2050    .text._ZN3BmsD2Ev   variables.o
    0x080012ce   0x080012ce   0x0000000e   Code   RO         1778    .text._ZN6A7680CC2Ev  a7680c.o
    0x080012dc   0x080012dc   0x0000000e   Code   RO         2048    .text._ZN6A7680CD2Ev  variables.o
    0x080012ea   0x080012ea   0x00000008   Code   RO         2225    .text._ZdlPv        libcpp_p.l(new.cpp.o)
    0x080012f2   0x080012f2   0x00000002   PAD
    0x080012f4   0x080012f4   0x00000048   Code   RO            2    .text.main          main.o
    0x0800133c   0x0800133c   0x000001f6   Code   RO         2152    .text_divfast       c_p.l(aeabi_sdivfast.o)
    0x08001532   0x08001532   0x00000010   Data   RO         1178    .rodata.APBAHBPrescTable  hk32f0xxa_rcc.o
    0x08001542   0x08001542   0x00000002   PAD
    0x08001544   0x08001544   0x00000020   Data   RO         2837    Region$$Table       anon$$obj.o
    0x08001564   0x08001564   0x00000004   Data   RO         2040    .init_array         variables.o
    0x08001568   0x08001564   0x00000000   Data   RO         2164    .init_array         c_p.l(init_aeabi.o)


    Execution Region RW_IRAM1 (Exec base: 0x20000000, Load base: 0x08001568, Size: 0x00000e50, Max: 0x00002800, ABSOLUTE)

    Exec Addr    Load Addr    Size         Type   Attr      Idx    E Section Name        Object

    0x20000000   0x08001568   0x00000001   Data   RW           30    .data.can_res       can.o
    0x20000001   0x08001569   0x00000007   PAD
    0x20000008        -       0x00000060   Zero   RW         2632    .bss                c_p.l(libspace.o)
    0x20000068        -       0x00000510   Zero   RW         2032    .bss.a7680c         variables.o
    0x20000578        -       0x000002b8   Zero   RW         2033    .bss.bms            variables.o
    0x20000830        -       0x0000000c   Zero   RW         2036    .bss.mtmMain        variables.o
    0x2000083c        -       0x00000007   Zero   RW         2034    .bss.periph_control  variables.o
    0x20000843   0x08001569   0x00000001   PAD
    0x20000844        -       0x00000004   Zero   RW         2037    .bss.stateMachine   variables.o
    0x20000848        -       0x00000004   Zero   RW         2035    .bss.system_ms      variables.o
    0x2000084c   0x08001569   0x00000004   PAD
    0x20000850        -       0x00000200   Zero   RW         1745    HEAP                startup_hk32f04axxa_1.o
    0x20000a50        -       0x00000400   Zero   RW         1744    STACK               startup_hk32f04axxa_1.o


==============================================================================

Image component sizes


      Code (inc. data)   RO Data    RW Data    ZI Data      Debug   Object Name

        14          0          0          0          0      16063   a7680c.o
       136         28          0          0          0      13728   bms.o
        40          0          0          0          0       9050   bsp_can.o
        32          4          0          0          0      10687   bsp_usart.o
       144         12          0          1          0       6996   can.o
       642         24          0          0          0      11659   hk32f0xxa_can.o
       210          0          0          0          0       4911   hk32f0xxa_gpio.o
        22          4          0          0          0       9155   hk32f0xxa_it.o
       652         68         16          0          0      12770   hk32f0xxa_rcc.o
       188         16          0          0          0      11986   hk32f0xxa_usart.o
        72         20          0          0          0       8620   main.o
        36          0          0          0          0       7497   millistaskmanager.o
        12          0          0          0          0      11814   periph_control.o
        56         26        192          0       1536        716   startup_hk32f04axxa_1.o
        44          8          0          0          0       9454   system.o
       368         48          0          0          0       2667   system_hk32f0xxa.o
       120          4          0          0          0       6431   usart.o
       148         40          4          0       2019      11650   variables.o

    ----------------------------------------------------------------------
      2942        302        246          4       3564     165854   Object Totals
         0          0         32          0          0          0   (incl. Generated)
         6          0          2          3          9          0   (incl. Padding)

    ----------------------------------------------------------------------

      Code (inc. data)   RO Data    RW Data    ZI Data      Debug   Library Member Name

         8          0          0          0          0         68   __main.o
         0          0          0          0          0          0   __rtentry.o
        12          0          0          0          0          0   __rtentry2.o
         6          0          0          0          0          0   __rtentry4.o
        86         10          0          0          0          0   __scatter.o
        26          0          0          0          0          0   __scatter_copy.o
        28          0          0          0          0          0   __scatter_zi.o
        46          0          0          0          0        100   _printf_char.o
        10          0          0          0          0          0   _printf_d.o
       108         18          0          0          0         76   _printf_dec.o
       176          0          0          0          0         84   _printf_intcommon.o
         2          0          0          0          0          0   _printf_percent.o
         4          0          0          0          0          0   _printf_percent_end.o
        10          0          0          0          0          0   _printf_s.o
        82          0          0          0          0         72   _printf_str.o
        42          0          0          0          0         76   aeabi_atexit.o
       502          0          0          0          0         92   aeabi_sdivfast.o
        14          0          0          0          0         68   cxa_atexit.o
        66          0          0          0          0         76   cxa_finalize.o
        12          0          0          0          0         68   defsig_exit.o
        52          0          0          0          0         72   defsig_general.o
        80         58          0          0          0         68   defsig_rtmem_inner.o
        12          0          0          0          0         68   defsig_rtmem_outer.o
        16          0          0          0          0         68   exit.o
        98          0          0          0          0         72   h1_alloc.o
        52          0          0          0          0         68   h1_extend.o
        76          0          0          0          0         72   h1_free.o
        12          0          0          0          0         76   h1_init.o
         6          0          0          0          0        136   heapauxi.o
         4          0          0          0          0        120   hguard.o
         0          0          0          0          0          0   indicate_semi.o
        44          8          0          0          0         72   init_aeabi.o
       136          0          0          0          0        160   init_alloc.o
         2          0          0          0          0          0   libinit.o
        14          0          0          0          0          0   libinit2.o
         2          0          0          0          0          0   libshutdown.o
         8          0          0          0          0          0   libshutdown2.o
         8          4          0          0         96         68   libspace.o
         0          0          0          0          0          0   maybetermalloc1.o
         8          4          0          0          0         68   rt_ddtor_pointer_addr_intlibspace.o
         8          4          0          0          0         68   rt_heap_descriptor_intlibspace.o
        64          0          0          0          0        108   rt_memclr.o
       186          0          0          0          0        144   rt_memcpy.o
         2          0          0          0          0          0   rtexit.o
        10          0          0          0          0          0   rtexit2.o
        40          0          0          0          0         60   rtudiv10.o
        12          4          0          0          0         60   sys_exit.o
        62          0          0          0          0         80   sys_stackheap_outer.o
        12          0          0          0          0         68   sys_wrch.o
         2          0          0          0          0         68   use_no_semi.o
         8          0          0          0          0        556   new.cpp.o

    ----------------------------------------------------------------------
      2292        110          0          0         96       3180   Library Totals
        16          0          0          0          0          0   (incl. Padding)

    ----------------------------------------------------------------------

      Code (inc. data)   RO Data    RW Data    ZI Data      Debug   Library Name

      2268        110          0          0         96       2624   c_p.l
         8          0          0          0          0        556   libcpp_p.l

    ----------------------------------------------------------------------
      2292        110          0          0         96       3180   Library Totals

    ----------------------------------------------------------------------

==============================================================================


      Code (inc. data)   RO Data    RW Data    ZI Data      Debug   

      5234        412        246          4       3660     167450   Grand Totals
      5234        412        246          4       3660     167450   ELF Image Totals
      5234        412        246          4          0          0   ROM Totals

==============================================================================

    Total RO  Size (Code + RO Data)                 5480 (   5.35kB)
    Total RW  Size (RW Data + ZI Data)              3664 (   3.58kB)
    Total ROM Size (Code + RO Data + RW Data)       5484 (   5.36kB)

==============================================================================

